+-------+-------------+----------+-------------------------------------+--------------------------+---------------+----------+
|   Row |   Sequence# | Format   | Flags                               | Field String             |   Child Count | Offset   |
+=======+=============+==========+=====================================+==========================+===============+==========+
|     0 |           0 | Set      |                                     | Chassis                  |            45 | 1        |
+-------+-------------+----------+-------------------------------------+--------------------------+---------------+----------+
|     1 |           0 | Set      | Nullable=False,                     | Actions                  |             2 | 46       |
+-------+-------------+----------+-------------------------------------+--------------------------+---------------+----------+
|     2 |           1 | String   | Nullable=True,Permission=ReadWrite  | AssetTag                 |             0 |          |
+-------+-------------+----------+-------------------------------------+--------------------------+---------------+----------+
|     3 |           2 | Enum     | Nullable=False,Permission=Read      | ChassisType              |            21 | 48       |
+-------+-------------+----------+-------------------------------------+--------------------------+---------------+----------+
|     4 |           3 | String   | Nullable=True,Permission=Read       | Description              |             0 |          |
+-------+-------------+----------+-------------------------------------+--------------------------+---------------+----------+
|     5 |           4 | String   | Nullable=False,Permission=Read      | Id                       |             0 |          |
+-------+-------------+----------+-------------------------------------+--------------------------+---------------+----------+
|     6 |           5 | Enum     | Nullable=True,Permission=ReadWrite  | IndicatorLED             |             4 | 69       |
+-------+-------------+----------+-------------------------------------+--------------------------+---------------+----------+
|     7 |           6 | Set      | Nullable=False,                     | Links                    |            15 | 73       |
+-------+-------------+----------+-------------------------------------+--------------------------+---------------+----------+
|     8 |           7 | Set      | Nullable=False,Permission=Read      | LogServices              |             0 |          |
+-------+-------------+----------+-------------------------------------+--------------------------+---------------+----------+
|     9 |           8 | String   | Nullable=True,Permission=Read       | Manufacturer             |             0 |          |
+-------+-------------+----------+-------------------------------------+--------------------------+---------------+----------+
|    10 |           9 | String   | Nullable=True,Permission=Read       | Model                    |             0 |          |
+-------+-------------+----------+-------------------------------------+--------------------------+---------------+----------+
|    11 |          10 | String   | Nullable=False,Permission=Read      | Name                     |             0 |          |
+-------+-------------+----------+-------------------------------------+--------------------------+---------------+----------+
|    12 |          11 | Set      | Nullable=False,                     | Oem                      |             0 |          |
+-------+-------------+----------+-------------------------------------+--------------------------+---------------+----------+
|    13 |          12 | String   | Nullable=True,Permission=Read       | PartNumber               |             0 |          |
+-------+-------------+----------+-------------------------------------+--------------------------+---------------+----------+
|    14 |          13 | Set      | Nullable=False,Permission=Read      | Power                    |             0 |          |
+-------+-------------+----------+-------------------------------------+--------------------------+---------------+----------+
|    15 |          14 | String   | Nullable=True,Permission=Read       | SKU                      |             0 |          |
+-------+-------------+----------+-------------------------------------+--------------------------+---------------+----------+
|    16 |          15 | String   | Nullable=True,Permission=Read       | SerialNumber             |             0 |          |
+-------+-------------+----------+-------------------------------------+--------------------------+---------------+----------+
|    17 |          16 | Set      | Nullable=False,                     | Status                   |             5 | 88       |
+-------+-------------+----------+-------------------------------------+--------------------------+---------------+----------+
|    18 |          17 | Set      | Nullable=False,Permission=Read      | Thermal                  |             0 |          |
+-------+-------------+----------+-------------------------------------+--------------------------+---------------+----------+
|    19 |          18 | Enum     | Nullable=True,Permission=Read       | PowerState               |             4 | 93       |
+-------+-------------+----------+-------------------------------------+--------------------------+---------------+----------+
|    20 |          19 | Set      | Nullable=False,                     | PhysicalSecurity         |             3 | 97       |
+-------+-------------+----------+-------------------------------------+--------------------------+---------------+----------+
|    21 |          20 | Set      | Nullable=False,                     | Location                 |            10 | 100      |
+-------+-------------+----------+-------------------------------------+--------------------------+---------------+----------+
|    22 |          21 | Real     | Nullable=True,Permission=Read       | DepthMm                  |             0 |          |
+-------+-------------+----------+-------------------------------------+--------------------------+---------------+----------+
|    23 |          22 | Real     | Nullable=True,Permission=Read       | HeightMm                 |             0 |          |
+-------+-------------+----------+-------------------------------------+--------------------------+---------------+----------+
|    24 |          23 | Set      | Nullable=False,Permission=Read      | NetworkAdapters          |             0 |          |
+-------+-------------+----------+-------------------------------------+--------------------------+---------------+----------+
|    25 |          24 | Real     | Nullable=True,Permission=Read       | WeightKg                 |             0 |          |
+-------+-------------+----------+-------------------------------------+--------------------------+---------------+----------+
|    26 |          25 | Real     | Nullable=True,Permission=Read       | WidthMm                  |             0 |          |
+-------+-------------+----------+-------------------------------------+--------------------------+---------------+----------+
|    27 |          26 | Set      | Nullable=False,Permission=Read      | Assembly                 |             0 |          |
+-------+-------------+----------+-------------------------------------+--------------------------+---------------+----------+
|    28 |          27 | String   | Nullable=True,Permission=Read       | UUID                     |             0 |          |
+-------+-------------+----------+-------------------------------------+--------------------------+---------------+----------+
|    29 |          28 | Set      | Nullable=False,Permission=Read      | PCIeSlots                |             0 |          |
+-------+-------------+----------+-------------------------------------+--------------------------+---------------+----------+
|    30 |          29 | Enum     | Nullable=True,Permission=Read       | EnvironmentalClass       |             4 | 110      |
+-------+-------------+----------+-------------------------------------+--------------------------+---------------+----------+
|    31 |          30 | Set      | Nullable=False,Permission=Read      | Sensors                  |             0 |          |
+-------+-------------+----------+-------------------------------------+--------------------------+---------------+----------+
|    32 |          31 | Set      | Nullable=False,Permission=Read      | PCIeDevices              |             0 |          |
+-------+-------------+----------+-------------------------------------+--------------------------+---------------+----------+
|    33 |          32 | Set      | Nullable=False,Permission=Read      | MediaControllers         |             0 |          |
+-------+-------------+----------+-------------------------------------+--------------------------+---------------+----------+
|    34 |          33 | Set      | Nullable=False,Permission=Read      | Memory                   |             0 |          |
+-------+-------------+----------+-------------------------------------+--------------------------+---------------+----------+
|    35 |          34 | Set      | Nullable=False,Permission=Read      | MemoryDomains            |             0 |          |
+-------+-------------+----------+-------------------------------------+--------------------------+---------------+----------+
|    36 |          35 | Real     | Nullable=True,Permission=Read       | MaxPowerWatts            |             0 |          |
+-------+-------------+----------+-------------------------------------+--------------------------+---------------+----------+
|    37 |          36 | Real     | Nullable=True,Permission=Read       | MinPowerWatts            |             0 |          |
+-------+-------------+----------+-------------------------------------+--------------------------+---------------+----------+
|    38 |          37 | Set      | Nullable=False,                     | Drives                   |             0 |          |
+-------+-------------+----------+-------------------------------------+--------------------------+---------------+----------+
|    39 |          38 | Boolean  | Nullable=True,Permission=ReadWrite  | LocationIndicatorActive  |             0 |          |
+-------+-------------+----------+-------------------------------------+--------------------------+---------------+----------+
|    40 |          39 | Set      | Nullable=False,Permission=Read      | Certificates             |             0 |          |
+-------+-------------+----------+-------------------------------------+--------------------------+---------------+----------+
|    41 |          40 | Set      | Nullable=False,Permission=Read      | EnvironmentMetrics       |             0 |          |
+-------+-------------+----------+-------------------------------------+--------------------------+---------------+----------+
|    42 |          41 | Array    | Nullable=False,                     | Measurements             |             1 | 114      |
+-------+-------------+----------+-------------------------------------+--------------------------+---------------+----------+
|    43 |          42 | Set      | Nullable=False,Permission=Read      | PowerSubsystem           |             0 |          |
+-------+-------------+----------+-------------------------------------+--------------------------+---------------+----------+
|    44 |          43 | Set      | Nullable=False,Permission=Read      | ThermalSubsystem         |             0 |          |
+-------+-------------+----------+-------------------------------------+--------------------------+---------------+----------+
|    45 |          44 | String   | Nullable=True,Permission=Read       | SparePartNumber          |             0 |          |
+-------+-------------+----------+-------------------------------------+--------------------------+---------------+----------+
|    46 |           0 | Set      | Nullable=False,                     | Oem                      |             0 |          |
+-------+-------------+----------+-------------------------------------+--------------------------+---------------+----------+
|    47 |           1 | Set      |                                     | #Chassis.Reset           |             3 | 118      |
+-------+-------------+----------+-------------------------------------+--------------------------+---------------+----------+
|    48 |           0 | String   |                                     | Blade                    |             0 |          |
+-------+-------------+----------+-------------------------------------+--------------------------+---------------+----------+
|    49 |           1 | String   |                                     | Card                     |             0 |          |
+-------+-------------+----------+-------------------------------------+--------------------------+---------------+----------+
|    50 |           2 | String   |                                     | Cartridge                |             0 |          |
+-------+-------------+----------+-------------------------------------+--------------------------+---------------+----------+
|    51 |           3 | String   |                                     | Component                |             0 |          |
+-------+-------------+----------+-------------------------------------+--------------------------+---------------+----------+
|    52 |           4 | String   |                                     | Drawer                   |             0 |          |
+-------+-------------+----------+-------------------------------------+--------------------------+---------------+----------+
|    53 |           5 | String   |                                     | Enclosure                |             0 |          |
+-------+-------------+----------+-------------------------------------+--------------------------+---------------+----------+
|    54 |           6 | String   |                                     | Expansion                |             0 |          |
+-------+-------------+----------+-------------------------------------+--------------------------+---------------+----------+
|    55 |           7 | String   |                                     | Module                   |             0 |          |
+-------+-------------+----------+-------------------------------------+--------------------------+---------------+----------+
|    56 |           8 | String   |                                     | Other                    |             0 |          |
+-------+-------------+----------+-------------------------------------+--------------------------+---------------+----------+
|    57 |           9 | String   |                                     | Pod                      |             0 |          |
+-------+-------------+----------+-------------------------------------+--------------------------+---------------+----------+
|    58 |          10 | String   |                                     | Rack                     |             0 |          |
+-------+-------------+----------+-------------------------------------+--------------------------+---------------+----------+
|    59 |          11 | String   |                                     | RackMount                |             0 |          |
+-------+-------------+----------+-------------------------------------+--------------------------+---------------+----------+
|    60 |          12 | String   |                                     | Row                      |             0 |          |
+-------+-------------+----------+-------------------------------------+--------------------------+---------------+----------+
|    61 |          13 | String   |                                     | Shelf                    |             0 |          |
+-------+-------------+----------+-------------------------------------+--------------------------+---------------+----------+
|    62 |          14 | String   |                                     | Sidecar                  |             0 |          |
+-------+-------------+----------+-------------------------------------+--------------------------+---------------+----------+
|    63 |          15 | String   |                                     | Sled                     |             0 |          |
+-------+-------------+----------+-------------------------------------+--------------------------+---------------+----------+
|    64 |          16 | String   |                                     | StandAlone               |             0 |          |
+-------+-------------+----------+-------------------------------------+--------------------------+---------------+----------+
|    65 |          17 | String   |                                     | Zone                     |             0 |          |
+-------+-------------+----------+-------------------------------------+--------------------------+---------------+----------+
|    66 |          18 | String   |                                     | IPBasedDrive             |             0 |          |
+-------+-------------+----------+-------------------------------------+--------------------------+---------------+----------+
|    67 |          19 | String   |                                     | RackGroup                |             0 |          |
+-------+-------------+----------+-------------------------------------+--------------------------+---------------+----------+
|    68 |          20 | String   |                                     | StorageEnclosure         |             0 |          |
+-------+-------------+----------+-------------------------------------+--------------------------+---------------+----------+
|    69 |           0 | String   |                                     | Blinking                 |             0 |          |
+-------+-------------+----------+-------------------------------------+--------------------------+---------------+----------+
|    70 |           1 | String   |                                     | Lit                      |             0 |          |
+-------+-------------+----------+-------------------------------------+--------------------------+---------------+----------+
|    71 |           2 | String   |                                     | Off                      |             0 |          |
+-------+-------------+----------+-------------------------------------+--------------------------+---------------+----------+
|    72 |           3 | String   |                                     | Unknown                  |             0 |          |
+-------+-------------+----------+-------------------------------------+--------------------------+---------------+----------+
|    73 |           0 | Array    | Nullable=True,Permission=Read       | ComputerSystems          |             1 | 121      |
+-------+-------------+----------+-------------------------------------+--------------------------+---------------+----------+
|    74 |           1 | Set      | Nullable=False,Permission=ReadWrite | ContainedBy              |             0 |          |
+-------+-------------+----------+-------------------------------------+--------------------------+---------------+----------+
|    75 |           2 | Array    | Nullable=True,Permission=ReadWrite  | Contains                 |             1 | 121      |
+-------+-------------+----------+-------------------------------------+--------------------------+---------------+----------+
|    76 |           3 | Array    | Nullable=True,Permission=Read       | CooledBy                 |             1 | 121      |
+-------+-------------+----------+-------------------------------------+--------------------------+---------------+----------+
|    77 |           4 | Array    | Nullable=True,Permission=Read       | ManagedBy                |             1 | 121      |
+-------+-------------+----------+-------------------------------------+--------------------------+---------------+----------+
|    78 |           5 | Set      | Nullable=False,                     | Oem                      |             0 |          |
+-------+-------------+----------+-------------------------------------+--------------------------+---------------+----------+
|    79 |           6 | Array    | Nullable=True,Permission=Read       | PoweredBy                |             1 | 121      |
+-------+-------------+----------+-------------------------------------+--------------------------+---------------+----------+
|    80 |           7 | Array    | Nullable=True,Permission=Read       | Drives                   |             1 | 121      |
+-------+-------------+----------+-------------------------------------+--------------------------+---------------+----------+
|    81 |           8 | Array    | Nullable=True,Permission=Read       | ManagersInChassis        |             1 | 121      |
+-------+-------------+----------+-------------------------------------+--------------------------+---------------+----------+
|    82 |           9 | Array    | Nullable=True,Permission=Read       | Storage                  |             1 | 121      |
+-------+-------------+----------+-------------------------------------+--------------------------+---------------+----------+
|    83 |          10 | Array    | Nullable=True,Permission=Read       | PCIeDevices              |             1 | 121      |
+-------+-------------+----------+-------------------------------------+--------------------------+---------------+----------+
|    84 |          11 | Array    | Nullable=True,Permission=Read       | ResourceBlocks           |             1 | 121      |
+-------+-------------+----------+-------------------------------------+--------------------------+---------------+----------+
|    85 |          12 | Array    | Nullable=True,Permission=Read       | Switches                 |             1 | 121      |
+-------+-------------+----------+-------------------------------------+--------------------------+---------------+----------+
|    86 |          13 | Array    | Nullable=True,Permission=Read       | Processors               |             1 | 121      |
+-------+-------------+----------+-------------------------------------+--------------------------+---------------+----------+
|    87 |          14 | Set      | Nullable=False,Permission=ReadWrite | Facility                 |             0 |          |
+-------+-------------+----------+-------------------------------------+--------------------------+---------------+----------+
|    88 |           0 | Enum     | Nullable=True,Permission=Read       | Health                   |             3 | 122      |
+-------+-------------+----------+-------------------------------------+--------------------------+---------------+----------+
|    89 |           1 | Enum     | Nullable=True,Permission=Read       | HealthRollup             |             3 | 122      |
+-------+-------------+----------+-------------------------------------+--------------------------+---------------+----------+
|    90 |           2 | Set      | Nullable=False,                     | Oem                      |             0 |          |
+-------+-------------+----------+-------------------------------------+--------------------------+---------------+----------+
|    91 |           3 | Enum     | Nullable=True,Permission=Read       | State                    |            12 | 125      |
+-------+-------------+----------+-------------------------------------+--------------------------+---------------+----------+
|    92 |           4 | Array    | Nullable=True,                      | Conditions               |             1 | 137      |
+-------+-------------+----------+-------------------------------------+--------------------------+---------------+----------+
|    93 |           0 | String   |                                     | Off                      |             0 |          |
+-------+-------------+----------+-------------------------------------+--------------------------+---------------+----------+
|    94 |           1 | String   |                                     | On                       |             0 |          |
+-------+-------------+----------+-------------------------------------+--------------------------+---------------+----------+
|    95 |           2 | String   |                                     | PoweringOff              |             0 |          |
+-------+-------------+----------+-------------------------------------+--------------------------+---------------+----------+
|    96 |           3 | String   |                                     | PoweringOn               |             0 |          |
+-------+-------------+----------+-------------------------------------+--------------------------+---------------+----------+
|    97 |           0 | Enum     | Nullable=True,Permission=ReadWrite  | IntrusionSensor          |             3 | 145      |
+-------+-------------+----------+-------------------------------------+--------------------------+---------------+----------+
|    98 |           1 | Integer  | Nullable=True,Permission=Read       | IntrusionSensorNumber    |             0 |          |
+-------+-------------+----------+-------------------------------------+--------------------------+---------------+----------+
|    99 |           2 | Enum     | Nullable=True,Permission=Read       | IntrusionSensorReArm     |             2 | 148      |
+-------+-------------+----------+-------------------------------------+--------------------------+---------------+----------+
|   100 |           0 | String   | Nullable=True,Permission=Read       | Info                     |             0 |          |
+-------+-------------+----------+-------------------------------------+--------------------------+---------------+----------+
|   101 |           1 | String   | Nullable=True,Permission=Read       | InfoFormat               |             0 |          |
+-------+-------------+----------+-------------------------------------+--------------------------+---------------+----------+
|   102 |           2 | Set      | Nullable=False,                     | Oem                      |             0 |          |
+-------+-------------+----------+-------------------------------------+--------------------------+---------------+----------+
|   103 |           3 | Set      | Nullable=False,                     | Placement                |             5 | 150      |
+-------+-------------+----------+-------------------------------------+--------------------------+---------------+----------+
|   104 |           4 | Set      | Nullable=False,                     | PostalAddress            |            33 | 155      |
+-------+-------------+----------+-------------------------------------+--------------------------+---------------+----------+
|   105 |           5 | Set      | Nullable=False,                     | PartLocation             |             5 | 188      |
+-------+-------------+----------+-------------------------------------+--------------------------+---------------+----------+
|   106 |           6 | Real     | Nullable=True,Permission=ReadWrite  | AltitudeMeters           |             0 |          |
+-------+-------------+----------+-------------------------------------+--------------------------+---------------+----------+
|   107 |           7 | Real     | Nullable=True,Permission=ReadWrite  | Latitude                 |             0 |          |
+-------+-------------+----------+-------------------------------------+--------------------------+---------------+----------+
|   108 |           8 | Real     | Nullable=True,Permission=ReadWrite  | Longitude                |             0 |          |
+-------+-------------+----------+-------------------------------------+--------------------------+---------------+----------+
|   109 |           9 | Array    | Nullable=True,                      | Contacts                 |             1 | 193      |
+-------+-------------+----------+-------------------------------------+--------------------------+---------------+----------+
|   110 |           0 | String   |                                     | A1                       |             0 |          |
+-------+-------------+----------+-------------------------------------+--------------------------+---------------+----------+
|   111 |           1 | String   |                                     | A2                       |             0 |          |
+-------+-------------+----------+-------------------------------------+--------------------------+---------------+----------+
|   112 |           2 | String   |                                     | A3                       |             0 |          |
+-------+-------------+----------+-------------------------------------+--------------------------+---------------+----------+
|   113 |           3 | String   |                                     | A4                       |             0 |          |
+-------+-------------+----------+-------------------------------------+--------------------------+---------------+----------+
|   114 |           0 | Set      |                                     |                          |             3 | 115      |
+-------+-------------+----------+-------------------------------------+--------------------------+---------------+----------+
|   115 |           0 | String   | Nullable=True,Permission=Read       | Measurement              |             0 |          |
+-------+-------------+----------+-------------------------------------+--------------------------+---------------+----------+
|   116 |           1 | Integer  | Nullable=True,Permission=Read       | MeasurementSize          |             0 |          |
+-------+-------------+----------+-------------------------------------+--------------------------+---------------+----------+
|   117 |           2 | Integer  | Nullable=True,Permission=Read       | MeasurementSpecification |             0 |          |
+-------+-------------+----------+-------------------------------------+--------------------------+---------------+----------+
|   118 |           0 | String   | Nullable=False,Permission=Read      | target                   |             0 |          |
+-------+-------------+----------+-------------------------------------+--------------------------+---------------+----------+
|   119 |           1 | String   | Nullable=False,Permission=Read      | title                    |             0 |          |
+-------+-------------+----------+-------------------------------------+--------------------------+---------------+----------+
|   120 |           2 | Enum     | Nullable=True,                      | ResetType                |             9 | 197      |
+-------+-------------+----------+-------------------------------------+--------------------------+---------------+----------+
|   121 |           0 | Set      |                                     |                          |             0 |          |
+-------+-------------+----------+-------------------------------------+--------------------------+---------------+----------+
|   122 |           0 | String   |                                     | Critical                 |             0 |          |
+-------+-------------+----------+-------------------------------------+--------------------------+---------------+----------+
|   123 |           1 | String   |                                     | OK                       |             0 |          |
+-------+-------------+----------+-------------------------------------+--------------------------+---------------+----------+
|   124 |           2 | String   |                                     | Warning                  |             0 |          |
+-------+-------------+----------+-------------------------------------+--------------------------+---------------+----------+
|   125 |           0 | String   |                                     | Absent                   |             0 |          |
+-------+-------------+----------+-------------------------------------+--------------------------+---------------+----------+
|   126 |           1 | String   |                                     | Disabled                 |             0 |          |
+-------+-------------+----------+-------------------------------------+--------------------------+---------------+----------+
|   127 |           2 | String   |                                     | Enabled                  |             0 |          |
+-------+-------------+----------+-------------------------------------+--------------------------+---------------+----------+
|   128 |           3 | String   |                                     | InTest                   |             0 |          |
+-------+-------------+----------+-------------------------------------+--------------------------+---------------+----------+
|   129 |           4 | String   |                                     | StandbyOffline           |             0 |          |
+-------+-------------+----------+-------------------------------------+--------------------------+---------------+----------+
|   130 |           5 | String   |                                     | StandbySpare             |             0 |          |
+-------+-------------+----------+-------------------------------------+--------------------------+---------------+----------+
|   131 |           6 | String   |                                     | Starting                 |             0 |          |
+-------+-------------+----------+-------------------------------------+--------------------------+---------------+----------+
|   132 |           7 | String   |                                     | UnavailableOffline       |             0 |          |
+-------+-------------+----------+-------------------------------------+--------------------------+---------------+----------+
|   133 |           8 | String   |                                     | Deferring                |             0 |          |
+-------+-------------+----------+-------------------------------------+--------------------------+---------------+----------+
|   134 |           9 | String   |                                     | Quiesced                 |             0 |          |
+-------+-------------+----------+-------------------------------------+--------------------------+---------------+----------+
|   135 |          10 | String   |                                     | Updating                 |             0 |          |
+-------+-------------+----------+-------------------------------------+--------------------------+---------------+----------+
|   136 |          11 | String   |                                     | Qualified                |             0 |          |
+-------+-------------+----------+-------------------------------------+--------------------------+---------------+----------+
|   137 |           0 | Set      |                                     |                          |             7 | 138      |
+-------+-------------+----------+-------------------------------------+--------------------------+---------------+----------+
|   138 |           0 | Set      | Nullable=False,Permission=Read      | LogEntry                 |             0 |          |
+-------+-------------+----------+-------------------------------------+--------------------------+---------------+----------+
|   139 |           1 | String   | Nullable=False,Permission=Read      | Message                  |             0 |          |
+-------+-------------+----------+-------------------------------------+--------------------------+---------------+----------+
|   140 |           2 | Array    | Nullable=False,Permission=Read      | MessageArgs              |             1 | 206      |
+-------+-------------+----------+-------------------------------------+--------------------------+---------------+----------+
|   141 |           3 | String   | Nullable=False,Permission=Read      | MessageId                |             0 |          |
+-------+-------------+----------+-------------------------------------+--------------------------+---------------+----------+
|   142 |           4 | Set      | Nullable=False,Permission=Read      | OriginOfCondition        |             0 |          |
+-------+-------------+----------+-------------------------------------+--------------------------+---------------+----------+
|   143 |           5 | Enum     | Nullable=False,Permission=Read      | Severity                 |             3 | 122      |
+-------+-------------+----------+-------------------------------------+--------------------------+---------------+----------+
|   144 |           6 | String   | Nullable=False,Permission=Read      | Timestamp                |             0 |          |
+-------+-------------+----------+-------------------------------------+--------------------------+---------------+----------+
|   145 |           0 | String   |                                     | HardwareIntrusion        |             0 |          |
+-------+-------------+----------+-------------------------------------+--------------------------+---------------+----------+
|   146 |           1 | String   |                                     | Normal                   |             0 |          |
+-------+-------------+----------+-------------------------------------+--------------------------+---------------+----------+
|   147 |           2 | String   |                                     | TamperingDetected        |             0 |          |
+-------+-------------+----------+-------------------------------------+--------------------------+---------------+----------+
|   148 |           0 | String   |                                     | Automatic                |             0 |          |
+-------+-------------+----------+-------------------------------------+--------------------------+---------------+----------+
|   149 |           1 | String   |                                     | Manual                   |             0 |          |
+-------+-------------+----------+-------------------------------------+--------------------------+---------------+----------+
|   150 |           0 | String   | Nullable=True,Permission=ReadWrite  | Rack                     |             0 |          |
+-------+-------------+----------+-------------------------------------+--------------------------+---------------+----------+
|   151 |           1 | Integer  | Nullable=True,Permission=ReadWrite  | RackOffset               |             0 |          |
+-------+-------------+----------+-------------------------------------+--------------------------+---------------+----------+
|   152 |           2 | Enum     | Nullable=True,Permission=ReadWrite  | RackOffsetUnits          |             2 | 207      |
+-------+-------------+----------+-------------------------------------+--------------------------+---------------+----------+
|   153 |           3 | String   | Nullable=True,Permission=ReadWrite  | Row                      |             0 |          |
+-------+-------------+----------+-------------------------------------+--------------------------+---------------+----------+
|   154 |           4 | String   | Nullable=True,Permission=ReadWrite  | AdditionalInfo           |             0 |          |
+-------+-------------+----------+-------------------------------------+--------------------------+---------------+----------+
|   155 |           0 | String   | Nullable=True,Permission=ReadWrite  | AdditionalCode           |             0 |          |
+-------+-------------+----------+-------------------------------------+--------------------------+---------------+----------+
|   156 |           1 | String   | Nullable=True,Permission=ReadWrite  | Building                 |             0 |          |
+-------+-------------+----------+-------------------------------------+--------------------------+---------------+----------+
|   157 |           2 | String   | Nullable=True,Permission=ReadWrite  | City                     |             0 |          |
+-------+-------------+----------+-------------------------------------+--------------------------+---------------+----------+
|   158 |           3 | String   | Nullable=True,Permission=ReadWrite  | Community                |             0 |          |
+-------+-------------+----------+-------------------------------------+--------------------------+---------------+----------+
|   159 |           4 | String   | Nullable=True,Permission=ReadWrite  | Country                  |             0 |          |
+-------+-------------+----------+-------------------------------------+--------------------------+---------------+----------+
|   160 |           5 | String   | Nullable=True,Permission=ReadWrite  | District                 |             0 |          |
+-------+-------------+----------+-------------------------------------+--------------------------+---------------+----------+
|   161 |           6 | String   | Nullable=True,Permission=ReadWrite  | Division                 |             0 |          |
+-------+-------------+----------+-------------------------------------+--------------------------+---------------+----------+
|   162 |           7 | String   | Nullable=True,Permission=ReadWrite  | Floor                    |             0 |          |
+-------+-------------+----------+-------------------------------------+--------------------------+---------------+----------+
|   163 |           8 | String   | Nullable=True,Permission=ReadWrite  | GPSCoords                |             0 |          |
+-------+-------------+----------+-------------------------------------+--------------------------+---------------+----------+
|   164 |           9 | Integer  | Nullable=True,Permission=ReadWrite  | HouseNumber              |             0 |          |
+-------+-------------+----------+-------------------------------------+--------------------------+---------------+----------+
|   165 |          10 | String   | Nullable=True,Permission=ReadWrite  | HouseNumberSuffix        |             0 |          |
+-------+-------------+----------+-------------------------------------+--------------------------+---------------+----------+
|   166 |          11 | String   | Nullable=True,Permission=ReadWrite  | Landmark                 |             0 |          |
+-------+-------------+----------+-------------------------------------+--------------------------+---------------+----------+
|   167 |          12 | String   | Nullable=True,Permission=ReadWrite  | LeadingStreetDirection   |             0 |          |
+-------+-------------+----------+-------------------------------------+--------------------------+---------------+----------+
|   168 |          13 | String   | Nullable=True,Permission=ReadWrite  | Location                 |             0 |          |
+-------+-------------+----------+-------------------------------------+--------------------------+---------------+----------+
|   169 |          14 | String   | Nullable=True,Permission=ReadWrite  | Name                     |             0 |          |
+-------+-------------+----------+-------------------------------------+--------------------------+---------------+----------+
|   170 |          15 | String   | Nullable=True,Permission=ReadWrite  | Neighborhood             |             0 |          |
+-------+-------------+----------+-------------------------------------+--------------------------+---------------+----------+
|   171 |          16 | String   | Nullable=True,Permission=ReadWrite  | POBox                    |             0 |          |
+-------+-------------+----------+-------------------------------------+--------------------------+---------------+----------+
|   172 |          17 | String   | Nullable=True,Permission=ReadWrite  | PlaceType                |             0 |          |
+-------+-------------+----------+-------------------------------------+--------------------------+---------------+----------+
|   173 |          18 | String   | Nullable=True,Permission=ReadWrite  | PostalCode               |             0 |          |
+-------+-------------+----------+-------------------------------------+--------------------------+---------------+----------+
|   174 |          19 | String   | Nullable=True,Permission=ReadWrite  | Road                     |             0 |          |
+-------+-------------+----------+-------------------------------------+--------------------------+---------------+----------+
|   175 |          20 | String   | Nullable=True,Permission=ReadWrite  | RoadBranch               |             0 |          |
+-------+-------------+----------+-------------------------------------+--------------------------+---------------+----------+
|   176 |          21 | String   | Nullable=True,Permission=ReadWrite  | RoadPostModifier         |             0 |          |
+-------+-------------+----------+-------------------------------------+--------------------------+---------------+----------+
|   177 |          22 | String   | Nullable=True,Permission=ReadWrite  | RoadPreModifier          |             0 |          |
+-------+-------------+----------+-------------------------------------+--------------------------+---------------+----------+
|   178 |          23 | String   | Nullable=True,Permission=ReadWrite  | RoadSection              |             0 |          |
+-------+-------------+----------+-------------------------------------+--------------------------+---------------+----------+
|   179 |          24 | String   | Nullable=True,Permission=ReadWrite  | RoadSubBranch            |             0 |          |
+-------+-------------+----------+-------------------------------------+--------------------------+---------------+----------+
|   180 |          25 | String   | Nullable=True,Permission=ReadWrite  | Room                     |             0 |          |
+-------+-------------+----------+-------------------------------------+--------------------------+---------------+----------+
|   181 |          26 | String   | Nullable=True,Permission=ReadWrite  | Seat                     |             0 |          |
+-------+-------------+----------+-------------------------------------+--------------------------+---------------+----------+
|   182 |          27 | String   | Nullable=True,Permission=ReadWrite  | Street                   |             0 |          |
+-------+-------------+----------+-------------------------------------+--------------------------+---------------+----------+
|   183 |          28 | String   | Nullable=True,Permission=ReadWrite  | StreetSuffix             |             0 |          |
+-------+-------------+----------+-------------------------------------+--------------------------+---------------+----------+
|   184 |          29 | String   | Nullable=True,Permission=ReadWrite  | Territory                |             0 |          |
+-------+-------------+----------+-------------------------------------+--------------------------+---------------+----------+
|   185 |          30 | String   | Nullable=True,Permission=ReadWrite  | TrailingStreetSuffix     |             0 |          |
+-------+-------------+----------+-------------------------------------+--------------------------+---------------+----------+
|   186 |          31 | String   | Nullable=True,Permission=ReadWrite  | Unit                     |             0 |          |
+-------+-------------+----------+-------------------------------------+--------------------------+---------------+----------+
|   187 |          32 | String   | Nullable=True,Permission=ReadWrite  | AdditionalInfo           |             0 |          |
+-------+-------------+----------+-------------------------------------+--------------------------+---------------+----------+
|   188 |           0 | Integer  | Nullable=True,Permission=Read       | LocationOrdinalValue     |             0 |          |
+-------+-------------+----------+-------------------------------------+--------------------------+---------------+----------+
|   189 |           1 | Enum     | Nullable=True,Permission=Read       | LocationType             |             5 | 209      |
+-------+-------------+----------+-------------------------------------+--------------------------+---------------+----------+
|   190 |           2 | Enum     | Nullable=True,Permission=Read       | Orientation              |             6 | 214      |
+-------+-------------+----------+-------------------------------------+--------------------------+---------------+----------+
|   191 |           3 | Enum     | Nullable=True,Permission=Read       | Reference                |             7 | 220      |
+-------+-------------+----------+-------------------------------------+--------------------------+---------------+----------+
|   192 |           4 | String   | Nullable=True,Permission=Read       | ServiceLabel             |             0 |          |
+-------+-------------+----------+-------------------------------------+--------------------------+---------------+----------+
|   193 |           0 | Set      |                                     |                          |             3 | 194      |
+-------+-------------+----------+-------------------------------------+--------------------------+---------------+----------+
|   194 |           0 | String   | Nullable=True,Permission=ReadWrite  | ContactName              |             0 |          |
+-------+-------------+----------+-------------------------------------+--------------------------+---------------+----------+
|   195 |           1 | String   | Nullable=True,Permission=ReadWrite  | EmailAddress             |             0 |          |
+-------+-------------+----------+-------------------------------------+--------------------------+---------------+----------+
|   196 |           2 | String   | Nullable=True,Permission=ReadWrite  | PhoneNumber              |             0 |          |
+-------+-------------+----------+-------------------------------------+--------------------------+---------------+----------+
|   197 |           0 | String   |                                     | ForceOff                 |             0 |          |
+-------+-------------+----------+-------------------------------------+--------------------------+---------------+----------+
|   198 |           1 | String   |                                     | ForceOn                  |             0 |          |
+-------+-------------+----------+-------------------------------------+--------------------------+---------------+----------+
|   199 |           2 | String   |                                     | ForceRestart             |             0 |          |
+-------+-------------+----------+-------------------------------------+--------------------------+---------------+----------+
|   200 |           3 | String   |                                     | GracefulRestart          |             0 |          |
+-------+-------------+----------+-------------------------------------+--------------------------+---------------+----------+
|   201 |           4 | String   |                                     | GracefulShutdown         |             0 |          |
+-------+-------------+----------+-------------------------------------+--------------------------+---------------+----------+
|   202 |           5 | String   |                                     | Nmi                      |             0 |          |
+-------+-------------+----------+-------------------------------------+--------------------------+---------------+----------+
|   203 |           6 | String   |                                     | On                       |             0 |          |
+-------+-------------+----------+-------------------------------------+--------------------------+---------------+----------+
|   204 |           7 | String   |                                     | PushPowerButton          |             0 |          |
+-------+-------------+----------+-------------------------------------+--------------------------+---------------+----------+
|   205 |           8 | String   |                                     | PowerCycle               |             0 |          |
+-------+-------------+----------+-------------------------------------+--------------------------+---------------+----------+
|   206 |           0 | String   |                                     |                          |             0 |          |
+-------+-------------+----------+-------------------------------------+--------------------------+---------------+----------+
|   207 |           0 | String   |                                     | EIA_310                  |             0 |          |
+-------+-------------+----------+-------------------------------------+--------------------------+---------------+----------+
|   208 |           1 | String   |                                     | OpenU                    |             0 |          |
+-------+-------------+----------+-------------------------------------+--------------------------+---------------+----------+
|   209 |           0 | String   |                                     | Bay                      |             0 |          |
+-------+-------------+----------+-------------------------------------+--------------------------+---------------+----------+
|   210 |           1 | String   |                                     | Connector                |             0 |          |
+-------+-------------+----------+-------------------------------------+--------------------------+---------------+----------+
|   211 |           2 | String   |                                     | Slot                     |             0 |          |
+-------+-------------+----------+-------------------------------------+--------------------------+---------------+----------+
|   212 |           3 | String   |                                     | Socket                   |             0 |          |
+-------+-------------+----------+-------------------------------------+--------------------------+---------------+----------+
|   213 |           4 | String   |                                     | Backplane                |             0 |          |
+-------+-------------+----------+-------------------------------------+--------------------------+---------------+----------+
|   214 |           0 | String   |                                     | BackToFront              |             0 |          |
+-------+-------------+----------+-------------------------------------+--------------------------+---------------+----------+
|   215 |           1 | String   |                                     | BottomToTop              |             0 |          |
+-------+-------------+----------+-------------------------------------+--------------------------+---------------+----------+
|   216 |           2 | String   |                                     | FrontToBack              |             0 |          |
+-------+-------------+----------+-------------------------------------+--------------------------+---------------+----------+
|   217 |           3 | String   |                                     | LeftToRight              |             0 |          |
+-------+-------------+----------+-------------------------------------+--------------------------+---------------+----------+
|   218 |           4 | String   |                                     | RightToLeft              |             0 |          |
+-------+-------------+----------+-------------------------------------+--------------------------+---------------+----------+
|   219 |           5 | String   |                                     | TopToBottom              |             0 |          |
+-------+-------------+----------+-------------------------------------+--------------------------+---------------+----------+
|   220 |           0 | String   |                                     | Bottom                   |             0 |          |
+-------+-------------+----------+-------------------------------------+--------------------------+---------------+----------+
|   221 |           1 | String   |                                     | Front                    |             0 |          |
+-------+-------------+----------+-------------------------------------+--------------------------+---------------+----------+
|   222 |           2 | String   |                                     | Left                     |             0 |          |
+-------+-------------+----------+-------------------------------------+--------------------------+---------------+----------+
|   223 |           3 | String   |                                     | Middle                   |             0 |          |
+-------+-------------+----------+-------------------------------------+--------------------------+---------------+----------+
|   224 |           4 | String   |                                     | Rear                     |             0 |          |
+-------+-------------+----------+-------------------------------------+--------------------------+---------------+----------+
|   225 |           5 | String   |                                     | Right                    |             0 |          |
+-------+-------------+----------+-------------------------------------+--------------------------+---------------+----------+
|   226 |           6 | String   |                                     | Top                      |             0 |          |
+-------+-------------+----------+-------------------------------------+--------------------------+---------------+----------+
Total Entries: 227
Fixed size consumed (bytes): 2282 (0x8ea)
Field string size consumed (bytes): 2186 (0x88a)
Total size (bytes): 4468 (0x1174)
Version: 0XF1F0F000
Signature: 0x90b8e69b
