+-------+-------------+----------+-------------------------------------+----------------------------+---------------+----------+
|   Row |   Sequence# | Format   | Flags                               | Field String               |   Child Count | Offset   |
+=======+=============+==========+=====================================+============================+===============+==========+
|     0 |           0 | Set      |                                     | CoolingLoop                |            20 | 1        |
+-------+-------------+----------+-------------------------------------+----------------------------+---------------+----------+
|     1 |           0 | Set      | Nullable=False,                     | Actions                    |             1 | 21       |
+-------+-------------+----------+-------------------------------------+----------------------------+---------------+----------+
|     2 |           1 | Array    | Nullable=True,Permission=ReadWrite  | ConsumingEquipmentNames    |             1 | 22       |
+-------+-------------+----------+-------------------------------------+----------------------------+---------------+----------+
|     3 |           2 | Set      | Nullable=False,                     | Coolant                    |             8 | 23       |
+-------+-------------+----------+-------------------------------------+----------------------------+---------------+----------+
|     4 |           3 | Set      | Nullable=True,Permission=Read       | CoolantLevelPercent        |             2 | 31       |
+-------+-------------+----------+-------------------------------------+----------------------------+---------------+----------+
|     5 |           4 | Enum     | Nullable=True,Permission=Read       | CoolantLevelStatus         |             3 | 33       |
+-------+-------------+----------+-------------------------------------+----------------------------+---------------+----------+
|     6 |           5 | Enum     | Nullable=True,Permission=Read       | CoolantQuality             |             3 | 33       |
+-------+-------------+----------+-------------------------------------+----------------------------+---------------+----------+
|     7 |           6 | String   | Nullable=True,Permission=ReadWrite  | CoolingManagerURI          |             0 |          |
+-------+-------------+----------+-------------------------------------+----------------------------+---------------+----------+
|     8 |           7 | String   | Nullable=True,Permission=Read       | Description                |             0 |          |
+-------+-------------+----------+-------------------------------------+----------------------------+---------------+----------+
|     9 |           8 | String   | Nullable=False,Permission=Read      | Id                         |             0 |          |
+-------+-------------+----------+-------------------------------------+----------------------------+---------------+----------+
|    10 |           9 | Set      | Nullable=False,                     | Links                      |             4 | 36       |
+-------+-------------+----------+-------------------------------------+----------------------------+---------------+----------+
|    11 |          10 | Boolean  | Nullable=True,Permission=ReadWrite  | LocationIndicatorActive    |             0 |          |
+-------+-------------+----------+-------------------------------------+----------------------------+---------------+----------+
|    12 |          11 | String   | Nullable=False,Permission=Read      | Name                       |             0 |          |
+-------+-------------+----------+-------------------------------------+----------------------------+---------------+----------+
|    13 |          12 | Set      | Nullable=False,                     | Oem                        |             0 |          |
+-------+-------------+----------+-------------------------------------+----------------------------+---------------+----------+
|    14 |          13 | Set      | Nullable=False,Permission=Read      | PrimaryCoolantConnectors   |             0 |          |
+-------+-------------+----------+-------------------------------------+----------------------------+---------------+----------+
|    15 |          14 | Real     | Nullable=True,Permission=Read       | RatedFlowLitersPerMinute   |             0 |          |
+-------+-------------+----------+-------------------------------------+----------------------------+---------------+----------+
|    16 |          15 | Real     | Nullable=True,Permission=Read       | RatedPressurekPa           |             0 |          |
+-------+-------------+----------+-------------------------------------+----------------------------+---------------+----------+
|    17 |          16 | Set      | Nullable=False,Permission=Read      | SecondaryCoolantConnectors |             0 |          |
+-------+-------------+----------+-------------------------------------+----------------------------+---------------+----------+
|    18 |          17 | Set      | Nullable=False,                     | Status                     |             5 | 40       |
+-------+-------------+----------+-------------------------------------+----------------------------+---------------+----------+
|    19 |          18 | Array    | Nullable=True,Permission=ReadWrite  | SupplyEquipmentNames       |             1 | 22       |
+-------+-------------+----------+-------------------------------------+----------------------------+---------------+----------+
|    20 |          19 | String   | Nullable=False,Permission=ReadWrite | UserLabel                  |             0 |          |
+-------+-------------+----------+-------------------------------------+----------------------------+---------------+----------+
|    21 |           0 | Set      | Nullable=False,                     | Oem                        |             0 |          |
+-------+-------------+----------+-------------------------------------+----------------------------+---------------+----------+
|    22 |           0 | String   |                                     |                            |             0 |          |
+-------+-------------+----------+-------------------------------------+----------------------------+---------------+----------+
|    23 |           0 | String   | Nullable=True,Permission=ReadWrite  | AdditiveName               |             0 |          |
+-------+-------------+----------+-------------------------------------+----------------------------+---------------+----------+
|    24 |           1 | Real     | Nullable=True,Permission=ReadWrite  | AdditivePercent            |             0 |          |
+-------+-------------+----------+-------------------------------------+----------------------------+---------------+----------+
|    25 |           2 | Enum     | Nullable=True,Permission=ReadWrite  | CoolantType                |             4 | 45       |
+-------+-------------+----------+-------------------------------------+----------------------------+---------------+----------+
|    26 |           3 | Real     | Nullable=True,Permission=ReadWrite  | DensityKgPerCubicMeter     |             0 |          |
+-------+-------------+----------+-------------------------------------+----------------------------+---------------+----------+
|    27 |           4 | Real     | Nullable=True,Permission=ReadWrite  | RatedServiceHours          |             0 |          |
+-------+-------------+----------+-------------------------------------+----------------------------+---------------+----------+
|    28 |           5 | Real     | Nullable=True,Permission=ReadWrite  | ServiceHours               |             0 |          |
+-------+-------------+----------+-------------------------------------+----------------------------+---------------+----------+
|    29 |           6 | String   | Nullable=True,Permission=ReadWrite  | ServicedDate               |             0 |          |
+-------+-------------+----------+-------------------------------------+----------------------------+---------------+----------+
|    30 |           7 | Real     | Nullable=True,Permission=ReadWrite  | SpecificHeatkJoulesPerKgK  |             0 |          |
+-------+-------------+----------+-------------------------------------+----------------------------+---------------+----------+
|    31 |           5 | String   | Nullable=True,Permission=Read       | DataSourceUri              |             0 |          |
+-------+-------------+----------+-------------------------------------+----------------------------+---------------+----------+
|    32 |          22 | Real     | Nullable=True,Permission=Read       | Reading                    |             0 |          |
+-------+-------------+----------+-------------------------------------+----------------------------+---------------+----------+
|    33 |           0 | String   |                                     | Critical                   |             0 |          |
+-------+-------------+----------+-------------------------------------+----------------------------+---------------+----------+
|    34 |           1 | String   |                                     | OK                         |             0 |          |
+-------+-------------+----------+-------------------------------------+----------------------------+---------------+----------+
|    35 |           2 | String   |                                     | Warning                    |             0 |          |
+-------+-------------+----------+-------------------------------------+----------------------------+---------------+----------+
|    36 |           0 | Set      | Nullable=True,Permission=Read       | Chassis                    |             0 |          |
+-------+-------------+----------+-------------------------------------+----------------------------+---------------+----------+
|    37 |           1 | Set      | Nullable=False,Permission=Read      | Facility                   |             0 |          |
+-------+-------------+----------+-------------------------------------+----------------------------+---------------+----------+
|    38 |           2 | Array    | Nullable=True,Permission=Read       | ManagedBy                  |             1 | 49       |
+-------+-------------+----------+-------------------------------------+----------------------------+---------------+----------+
|    39 |           3 | Set      | Nullable=False,                     | Oem                        |             0 |          |
+-------+-------------+----------+-------------------------------------+----------------------------+---------------+----------+
|    40 |           0 | Enum     | Nullable=True,Permission=Read       | Health                     |             3 | 33       |
+-------+-------------+----------+-------------------------------------+----------------------------+---------------+----------+
|    41 |           1 | Enum     | Nullable=True,Permission=Read       | HealthRollup               |             3 | 33       |
+-------+-------------+----------+-------------------------------------+----------------------------+---------------+----------+
|    42 |           2 | Set      | Nullable=False,                     | Oem                        |             0 |          |
+-------+-------------+----------+-------------------------------------+----------------------------+---------------+----------+
|    43 |           3 | Enum     | Nullable=True,Permission=Read       | State                      |            13 | 50       |
+-------+-------------+----------+-------------------------------------+----------------------------+---------------+----------+
|    44 |           4 | Array    | Nullable=True,                      | Conditions                 |             1 | 63       |
+-------+-------------+----------+-------------------------------------+----------------------------+---------------+----------+
|    45 |           0 | String   |                                     | Dielectric                 |             0 |          |
+-------+-------------+----------+-------------------------------------+----------------------------+---------------+----------+
|    46 |           1 | String   |                                     | Fluorocarbon               |             0 |          |
+-------+-------------+----------+-------------------------------------+----------------------------+---------------+----------+
|    47 |           2 | String   |                                     | Hydrocarbon                |             0 |          |
+-------+-------------+----------+-------------------------------------+----------------------------+---------------+----------+
|    48 |           3 | String   |                                     | Water                      |             0 |          |
+-------+-------------+----------+-------------------------------------+----------------------------+---------------+----------+
|    49 |           0 | Set      |                                     |                            |             0 |          |
+-------+-------------+----------+-------------------------------------+----------------------------+---------------+----------+
|    50 |           0 | String   |                                     | Absent                     |             0 |          |
+-------+-------------+----------+-------------------------------------+----------------------------+---------------+----------+
|    51 |           1 | String   |                                     | Disabled                   |             0 |          |
+-------+-------------+----------+-------------------------------------+----------------------------+---------------+----------+
|    52 |           2 | String   |                                     | Enabled                    |             0 |          |
+-------+-------------+----------+-------------------------------------+----------------------------+---------------+----------+
|    53 |           3 | String   |                                     | InTest                     |             0 |          |
+-------+-------------+----------+-------------------------------------+----------------------------+---------------+----------+
|    54 |           4 | String   |                                     | StandbyOffline             |             0 |          |
+-------+-------------+----------+-------------------------------------+----------------------------+---------------+----------+
|    55 |           5 | String   |                                     | StandbySpare               |             0 |          |
+-------+-------------+----------+-------------------------------------+----------------------------+---------------+----------+
|    56 |           6 | String   |                                     | Starting                   |             0 |          |
+-------+-------------+----------+-------------------------------------+----------------------------+---------------+----------+
|    57 |           7 | String   |                                     | Degraded                   |             0 |          |
+-------+-------------+----------+-------------------------------------+----------------------------+---------------+----------+
|    58 |           8 | String   |                                     | UnavailableOffline         |             0 |          |
+-------+-------------+----------+-------------------------------------+----------------------------+---------------+----------+
|    59 |           9 | String   |                                     | Deferring                  |             0 |          |
+-------+-------------+----------+-------------------------------------+----------------------------+---------------+----------+
|    60 |          10 | String   |                                     | Quiesced                   |             0 |          |
+-------+-------------+----------+-------------------------------------+----------------------------+---------------+----------+
|    61 |          11 | String   |                                     | Updating                   |             0 |          |
+-------+-------------+----------+-------------------------------------+----------------------------+---------------+----------+
|    62 |          12 | String   |                                     | Qualified                  |             0 |          |
+-------+-------------+----------+-------------------------------------+----------------------------+---------------+----------+
|    63 |           0 | Set      |                                     |                            |            13 | 64       |
+-------+-------------+----------+-------------------------------------+----------------------------+---------------+----------+
|    64 |           0 | Set      | Nullable=False,Permission=Read      | LogEntry                   |             0 |          |
+-------+-------------+----------+-------------------------------------+----------------------------+---------------+----------+
|    65 |           1 | String   | Nullable=False,Permission=Read      | Message                    |             0 |          |
+-------+-------------+----------+-------------------------------------+----------------------------+---------------+----------+
|    66 |           2 | Array    | Nullable=False,Permission=Read      | MessageArgs                |             1 | 22       |
+-------+-------------+----------+-------------------------------------+----------------------------+---------------+----------+
|    67 |           3 | String   | Nullable=False,Permission=Read      | MessageId                  |             0 |          |
+-------+-------------+----------+-------------------------------------+----------------------------+---------------+----------+
|    68 |           4 | Set      | Nullable=False,Permission=Read      | OriginOfCondition          |             0 |          |
+-------+-------------+----------+-------------------------------------+----------------------------+---------------+----------+
|    69 |           5 | Enum     | Nullable=False,Permission=Read      | Severity                   |             3 | 33       |
+-------+-------------+----------+-------------------------------------+----------------------------+---------------+----------+
|    70 |           6 | String   | Nullable=False,Permission=Read      | Timestamp                  |             0 |          |
+-------+-------------+----------+-------------------------------------+----------------------------+---------------+----------+
|    71 |           7 | String   | Nullable=False,Permission=Read      | Resolution                 |             0 |          |
+-------+-------------+----------+-------------------------------------+----------------------------+---------------+----------+
|    72 |           8 | Array    | Nullable=False,                     | ResolutionSteps            |             1 | 77       |
+-------+-------------+----------+-------------------------------------+----------------------------+---------------+----------+
|    73 |           9 | String   | Nullable=True,Permission=Read       | UserAuthenticationSource   |             0 |          |
+-------+-------------+----------+-------------------------------------+----------------------------+---------------+----------+
|    74 |          10 | String   | Nullable=True,Permission=Read       | Username                   |             0 |          |
+-------+-------------+----------+-------------------------------------+----------------------------+---------------+----------+
|    75 |          11 | Set      | Nullable=False,                     | Oem                        |             0 |          |
+-------+-------------+----------+-------------------------------------+----------------------------+---------------+----------+
|    76 |          12 | Enum     | Nullable=True,Permission=Read       | ConditionType              |             3 | 86       |
+-------+-------------+----------+-------------------------------------+----------------------------+---------------+----------+
|    77 |           0 | Set      |                                     |                            |             8 | 78       |
+-------+-------------+----------+-------------------------------------+----------------------------+---------------+----------+
|    78 |           0 | Array    | Nullable=True,                      | ActionParameters           |             1 | 89       |
+-------+-------------+----------+-------------------------------------+----------------------------+---------------+----------+
|    79 |           1 | String   | Nullable=False,Permission=Read      | ActionURI                  |             0 |          |
+-------+-------------+----------+-------------------------------------+----------------------------+---------------+----------+
|    80 |           2 | Set      | Nullable=False,                     | Oem                        |             0 |          |
+-------+-------------+----------+-------------------------------------+----------------------------+---------------+----------+
|    81 |           3 | Integer  | Nullable=True,Permission=Read       | Priority                   |             0 |          |
+-------+-------------+----------+-------------------------------------+----------------------------+---------------+----------+
|    82 |           4 | Enum     | Nullable=True,Permission=Read       | ResolutionType             |             8 | 102      |
+-------+-------------+----------+-------------------------------------+----------------------------+---------------+----------+
|    83 |           5 | Integer  | Nullable=True,Permission=Read       | RetryCount                 |             0 |          |
+-------+-------------+----------+-------------------------------------+----------------------------+---------------+----------+
|    84 |           6 | Integer  | Nullable=True,Permission=Read       | RetryIntervalSeconds       |             0 |          |
+-------+-------------+----------+-------------------------------------+----------------------------+---------------+----------+
|    85 |           7 | String   | Nullable=True,Permission=Read       | TargetComponentURI         |             0 |          |
+-------+-------------+----------+-------------------------------------+----------------------------+---------------+----------+
|    86 |           0 | String   |                                     | Alert                      |             0 |          |
+-------+-------------+----------+-------------------------------------+----------------------------+---------------+----------+
|    87 |           1 | String   |                                     | Informational              |             0 |          |
+-------+-------------+----------+-------------------------------------+----------------------------+---------------+----------+
|    88 |           2 | String   |                                     | Subsystem                  |             0 |          |
+-------+-------------+----------+-------------------------------------+----------------------------+---------------+----------+
|    89 |           0 | Set      |                                     |                            |            12 | 90       |
+-------+-------------+----------+-------------------------------------+----------------------------+---------------+----------+
|    90 |           0 | Array    | Nullable=True,Permission=Read       | AllowableValues            |             1 | 22       |
+-------+-------------+----------+-------------------------------------+----------------------------+---------------+----------+
|    91 |           1 | Enum     | Nullable=True,Permission=Read       | DataType                   |             7 | 110      |
+-------+-------------+----------+-------------------------------------+----------------------------+---------------+----------+
|    92 |           2 | String   | Nullable=False,Permission=Read      | Name                       |             0 |          |
+-------+-------------+----------+-------------------------------------+----------------------------+---------------+----------+
|    93 |           3 | String   | Nullable=True,Permission=Read       | ObjectDataType             |             0 |          |
+-------+-------------+----------+-------------------------------------+----------------------------+---------------+----------+
|    94 |           4 | Boolean  | Nullable=False,Permission=Read      | Required                   |             0 |          |
+-------+-------------+----------+-------------------------------------+----------------------------+---------------+----------+
|    95 |           5 | Real     | Nullable=True,Permission=Read       | MaximumValue               |             0 |          |
+-------+-------------+----------+-------------------------------------+----------------------------+---------------+----------+
|    96 |           6 | Real     | Nullable=True,Permission=Read       | MinimumValue               |             0 |          |
+-------+-------------+----------+-------------------------------------+----------------------------+---------------+----------+
|    97 |           7 | Integer  | Nullable=True,Permission=Read       | ArraySizeMaximum           |             0 |          |
+-------+-------------+----------+-------------------------------------+----------------------------+---------------+----------+
|    98 |           8 | Integer  | Nullable=True,Permission=Read       | ArraySizeMinimum           |             0 |          |
+-------+-------------+----------+-------------------------------------+----------------------------+---------------+----------+
|    99 |           9 | Array    | Nullable=True,Permission=Read       | AllowableNumbers           |             1 | 22       |
+-------+-------------+----------+-------------------------------------+----------------------------+---------------+----------+
|   100 |          10 | String   | Nullable=True,Permission=Read       | AllowablePattern           |             0 |          |
+-------+-------------+----------+-------------------------------------+----------------------------+---------------+----------+
|   101 |          11 | Array    | Nullable=True,Permission=Read       | AllowableValueDescriptions |             1 | 22       |
+-------+-------------+----------+-------------------------------------+----------------------------+---------------+----------+
|   102 |           0 | String   |                                     | CollectDiagnosticData      |             0 |          |
+-------+-------------+----------+-------------------------------------+----------------------------+---------------+----------+
|   103 |           1 | String   |                                     | ContactVendor              |             0 |          |
+-------+-------------+----------+-------------------------------------+----------------------------+---------------+----------+
|   104 |           2 | String   |                                     | FirmwareUpdate             |             0 |          |
+-------+-------------+----------+-------------------------------------+----------------------------+---------------+----------+
|   105 |           3 | String   |                                     | OEM                        |             0 |          |
+-------+-------------+----------+-------------------------------------+----------------------------+---------------+----------+
|   106 |           4 | String   |                                     | PowerCycle                 |             0 |          |
+-------+-------------+----------+-------------------------------------+----------------------------+---------------+----------+
|   107 |           5 | String   |                                     | ReplaceComponent           |             0 |          |
+-------+-------------+----------+-------------------------------------+----------------------------+---------------+----------+
|   108 |           6 | String   |                                     | Reset                      |             0 |          |
+-------+-------------+----------+-------------------------------------+----------------------------+---------------+----------+
|   109 |           7 | String   |                                     | ResetToDefaults            |             0 |          |
+-------+-------------+----------+-------------------------------------+----------------------------+---------------+----------+
|   110 |           0 | String   |                                     | Boolean                    |             0 |          |
+-------+-------------+----------+-------------------------------------+----------------------------+---------------+----------+
|   111 |           1 | String   |                                     | Number                     |             0 |          |
+-------+-------------+----------+-------------------------------------+----------------------------+---------------+----------+
|   112 |           2 | String   |                                     | NumberArray                |             0 |          |
+-------+-------------+----------+-------------------------------------+----------------------------+---------------+----------+
|   113 |           3 | String   |                                     | Object                     |             0 |          |
+-------+-------------+----------+-------------------------------------+----------------------------+---------------+----------+
|   114 |           4 | String   |                                     | ObjectArray                |             0 |          |
+-------+-------------+----------+-------------------------------------+----------------------------+---------------+----------+
|   115 |           5 | String   |                                     | String                     |             0 |          |
+-------+-------------+----------+-------------------------------------+----------------------------+---------------+----------+
|   116 |           6 | String   |                                     | StringArray                |             0 |          |
+-------+-------------+----------+-------------------------------------+----------------------------+---------------+----------+
Total Entries: 117
Fixed size consumed (bytes): 1182 (0x49e)
Field string size consumed (bytes): 1375 (0x55f)
Total size (bytes): 2557 (0x9fd)
Version: 0XF1F0F300
Signature: 0xb740ec13
