+-------+-------------+----------+--------------------------------+------------------------------------+---------------+----------+
|   Row |   Sequence# | Format   | Flags                          | Field String                       |   Child Count | Offset   |
+=======+=============+==========+================================+====================================+===============+==========+
|     0 |           0 | Set      |                                | DriveMetrics                       |            12 | 1        |
+-------+-------------+----------+--------------------------------+------------------------------------+---------------+----------+
|     1 |           0 | Set      | Nullable=False,                | Actions                            |             1 | 13       |
+-------+-------------+----------+--------------------------------+------------------------------------+---------------+----------+
|     2 |           1 | Integer  | Nullable=True,Permission=Read  | BadBlockCount                      |             0 |          |
+-------+-------------+----------+--------------------------------+------------------------------------+---------------+----------+
|     3 |           2 | Integer  | Nullable=True,Permission=Read  | CorrectableIOReadErrorCount        |             0 |          |
+-------+-------------+----------+--------------------------------+------------------------------------+---------------+----------+
|     4 |           3 | Integer  | Nullable=True,Permission=Read  | CorrectableIOWriteErrorCount       |             0 |          |
+-------+-------------+----------+--------------------------------+------------------------------------+---------------+----------+
|     5 |           4 | String   | Nullable=True,Permission=Read  | Description                        |             0 |          |
+-------+-------------+----------+--------------------------------+------------------------------------+---------------+----------+
|     6 |           5 | String   | Nullable=False,Permission=Read | Id                                 |             0 |          |
+-------+-------------+----------+--------------------------------+------------------------------------+---------------+----------+
|     7 |           6 | Set      | Nullable=False,                | NVMeSMART                          |            23 | 14       |
+-------+-------------+----------+--------------------------------+------------------------------------+---------------+----------+
|     8 |           7 | String   | Nullable=False,Permission=Read | Name                               |             0 |          |
+-------+-------------+----------+--------------------------------+------------------------------------+---------------+----------+
|     9 |           8 | Set      | Nullable=False,                | Oem                                |             0 |          |
+-------+-------------+----------+--------------------------------+------------------------------------+---------------+----------+
|    10 |           9 | Real     | Nullable=True,Permission=Read  | PowerOnHours                       |             0 |          |
+-------+-------------+----------+--------------------------------+------------------------------------+---------------+----------+
|    11 |          10 | Integer  | Nullable=True,Permission=Read  | UncorrectableIOReadErrorCount      |             0 |          |
+-------+-------------+----------+--------------------------------+------------------------------------+---------------+----------+
|    12 |          11 | Integer  | Nullable=True,Permission=Read  | UncorrectableIOWriteErrorCount     |             0 |          |
+-------+-------------+----------+--------------------------------+------------------------------------+---------------+----------+
|    13 |           0 | Set      | Nullable=False,                | Oem                                |             0 |          |
+-------+-------------+----------+--------------------------------+------------------------------------+---------------+----------+
|    14 |           0 | Real     | Nullable=True,Permission=Read  | AvailableSparePercent              |             0 |          |
+-------+-------------+----------+--------------------------------+------------------------------------+---------------+----------+
|    15 |           1 | Real     | Nullable=True,Permission=Read  | AvailableSpareThresholdPercent     |             0 |          |
+-------+-------------+----------+--------------------------------+------------------------------------+---------------+----------+
|    16 |           2 | Real     | Nullable=True,Permission=Read  | CompositeTemperatureCelsius        |             0 |          |
+-------+-------------+----------+--------------------------------+------------------------------------+---------------+----------+
|    17 |           3 | Integer  | Nullable=True,Permission=Read  | ControllerBusyTimeMinutes          |             0 |          |
+-------+-------------+----------+--------------------------------+------------------------------------+---------------+----------+
|    18 |           4 | Integer  | Nullable=True,Permission=Read  | CriticalCompositeTempTimeMinutes   |             0 |          |
+-------+-------------+----------+--------------------------------+------------------------------------+---------------+----------+
|    19 |           5 | Set      | Nullable=False,                | CriticalWarnings                   |             5 | 37       |
+-------+-------------+----------+--------------------------------+------------------------------------+---------------+----------+
|    20 |           6 | Integer  | Nullable=True,Permission=Read  | DataUnitsRead                      |             0 |          |
+-------+-------------+----------+--------------------------------+------------------------------------+---------------+----------+
|    21 |           7 | Integer  | Nullable=True,Permission=Read  | DataUnitsWritten                   |             0 |          |
+-------+-------------+----------+--------------------------------+------------------------------------+---------------+----------+
|    22 |           8 | Set      | Nullable=False,                | EGCriticalWarningSummary           |             3 | 42       |
+-------+-------------+----------+--------------------------------+------------------------------------+---------------+----------+
|    23 |           9 | Integer  | Nullable=True,Permission=Read  | HostReadCommands                   |             0 |          |
+-------+-------------+----------+--------------------------------+------------------------------------+---------------+----------+
|    24 |          10 | Integer  | Nullable=True,Permission=Read  | HostWriteCommands                  |             0 |          |
+-------+-------------+----------+--------------------------------+------------------------------------+---------------+----------+
|    25 |          11 | Integer  | Nullable=True,Permission=Read  | MediaAndDataIntegrityErrors        |             0 |          |
+-------+-------------+----------+--------------------------------+------------------------------------+---------------+----------+
|    26 |          12 | Integer  | Nullable=True,Permission=Read  | NumberOfErrorInformationLogEntries |             0 |          |
+-------+-------------+----------+--------------------------------+------------------------------------+---------------+----------+
|    27 |          13 | Real     | Nullable=True,Permission=Read  | PercentageUsed                     |             0 |          |
+-------+-------------+----------+--------------------------------+------------------------------------+---------------+----------+
|    28 |          14 | Integer  | Nullable=True,Permission=Read  | PowerCycles                        |             0 |          |
+-------+-------------+----------+--------------------------------+------------------------------------+---------------+----------+
|    29 |          15 | Real     | Nullable=True,Permission=Read  | PowerOnHours                       |             0 |          |
+-------+-------------+----------+--------------------------------+------------------------------------+---------------+----------+
|    30 |          16 | Array    | Nullable=True,Permission=Read  | TemperatureSensorsCelsius          |             1 | 45       |
+-------+-------------+----------+--------------------------------+------------------------------------+---------------+----------+
|    31 |          17 | Integer  | Nullable=True,Permission=Read  | ThermalMgmtTemp1TotalTimeSeconds   |             0 |          |
+-------+-------------+----------+--------------------------------+------------------------------------+---------------+----------+
|    32 |          18 | Integer  | Nullable=True,Permission=Read  | ThermalMgmtTemp1TransitionCount    |             0 |          |
+-------+-------------+----------+--------------------------------+------------------------------------+---------------+----------+
|    33 |          19 | Integer  | Nullable=True,Permission=Read  | ThermalMgmtTemp2TotalTimeSeconds   |             0 |          |
+-------+-------------+----------+--------------------------------+------------------------------------+---------------+----------+
|    34 |          20 | Integer  | Nullable=True,Permission=Read  | ThermalMgmtTemp2TransitionCount    |             0 |          |
+-------+-------------+----------+--------------------------------+------------------------------------+---------------+----------+
|    35 |          21 | Integer  | Nullable=True,Permission=Read  | UnsafeShutdowns                    |             0 |          |
+-------+-------------+----------+--------------------------------+------------------------------------+---------------+----------+
|    36 |          22 | Integer  | Nullable=True,Permission=Read  | WarningCompositeTempTimeMinutes    |             0 |          |
+-------+-------------+----------+--------------------------------+------------------------------------+---------------+----------+
|    37 |           0 | Boolean  | Nullable=True,Permission=Read  | MediaInReadOnly                    |             0 |          |
+-------+-------------+----------+--------------------------------+------------------------------------+---------------+----------+
|    38 |           1 | Boolean  | Nullable=True,Permission=Read  | OverallSubsystemDegraded           |             0 |          |
+-------+-------------+----------+--------------------------------+------------------------------------+---------------+----------+
|    39 |           2 | Boolean  | Nullable=True,Permission=Read  | PMRUnreliable                      |             0 |          |
+-------+-------------+----------+--------------------------------+------------------------------------+---------------+----------+
|    40 |           3 | Boolean  | Nullable=True,Permission=Read  | PowerBackupFailed                  |             0 |          |
+-------+-------------+----------+--------------------------------+------------------------------------+---------------+----------+
|    41 |           4 | Boolean  | Nullable=True,Permission=Read  | SpareCapacityWornOut               |             0 |          |
+-------+-------------+----------+--------------------------------+------------------------------------+---------------+----------+
|    42 |           0 | Boolean  | Nullable=True,Permission=Read  | NamespacesInReadOnlyMode           |             0 |          |
+-------+-------------+----------+--------------------------------+------------------------------------+---------------+----------+
|    43 |           1 | Boolean  | Nullable=True,Permission=Read  | ReliabilityDegraded                |             0 |          |
+-------+-------------+----------+--------------------------------+------------------------------------+---------------+----------+
|    44 |           2 | Boolean  | Nullable=True,Permission=Read  | SpareCapacityUnderThreshold        |             0 |          |
+-------+-------------+----------+--------------------------------+------------------------------------+---------------+----------+
|    45 |           0 | Real     |                                |                                    |             0 |          |
+-------+-------------+----------+--------------------------------+------------------------------------+---------------+----------+
Total Entries: 46
Fixed size consumed (bytes): 472 (0x1d8)
Field string size consumed (bytes): 935 (0x3a7)
Total size (bytes): 1407 (0x57f)
Version: 0XF1F0F000
Signature: 0xf4ea673b
