+-------+-------------+----------+-------------------------------------+---------------------------+---------------+----------+
|   Row |   Sequence# | Format   | Flags                               | Field String              |   Child Count | Offset   |
+=======+=============+==========+=====================================+===========================+===============+==========+
|     0 |           0 | Set      |                                     | ExternalAccountProvider   |            18 | 1        |
+-------+-------------+----------+-------------------------------------+---------------------------+---------------+----------+
|     1 |           0 | Enum     | Nullable=True,Permission=Read       | AccountProviderType       |             6 | 19       |
+-------+-------------+----------+-------------------------------------+---------------------------+---------------+----------+
|     2 |           1 | Set      | Nullable=False,                     | Actions                   |             1 | 25       |
+-------+-------------+----------+-------------------------------------+---------------------------+---------------+----------+
|     3 |           2 | Set      | Nullable=False,                     | Authentication            |             8 | 26       |
+-------+-------------+----------+-------------------------------------+---------------------------+---------------+----------+
|     4 |           3 | String   | Nullable=True,Permission=Read       | Description               |             0 |          |
+-------+-------------+----------+-------------------------------------+---------------------------+---------------+----------+
|     5 |           4 | String   | Nullable=False,Permission=Read      | Id                        |             0 |          |
+-------+-------------+----------+-------------------------------------+---------------------------+---------------+----------+
|     6 |           5 | Set      | Nullable=False,                     | LDAPService               |             2 | 34       |
+-------+-------------+----------+-------------------------------------+---------------------------+---------------+----------+
|     7 |           6 | Set      | Nullable=False,                     | Links                     |             1 | 36       |
+-------+-------------+----------+-------------------------------------+---------------------------+---------------+----------+
|     8 |           7 | String   | Nullable=False,Permission=Read      | Name                      |             0 |          |
+-------+-------------+----------+-------------------------------------+---------------------------+---------------+----------+
|     9 |           8 | Set      | Nullable=False,                     | Oem                       |             0 |          |
+-------+-------------+----------+-------------------------------------+---------------------------+---------------+----------+
|    10 |           9 | Array    | Nullable=True,                      | RemoteRoleMapping         |             1 | 37       |
+-------+-------------+----------+-------------------------------------+---------------------------+---------------+----------+
|    11 |          10 | Array    | Nullable=True,Permission=ReadWrite  | ServiceAddresses          |             1 | 43       |
+-------+-------------+----------+-------------------------------------+---------------------------+---------------+----------+
|    12 |          11 | Boolean  | Nullable=True,Permission=ReadWrite  | ServiceEnabled            |             0 |          |
+-------+-------------+----------+-------------------------------------+---------------------------+---------------+----------+
|    13 |          12 | Set      | Nullable=False,Permission=Read      | Certificates              |             0 |          |
+-------+-------------+----------+-------------------------------------+---------------------------+---------------+----------+
|    14 |          13 | Integer  | Nullable=True,Permission=ReadWrite  | Priority                  |             0 |          |
+-------+-------------+----------+-------------------------------------+---------------------------+---------------+----------+
|    15 |          14 | Set      | Nullable=True,                      | TACACSplusService         |             4 | 44       |
+-------+-------------+----------+-------------------------------------+---------------------------+---------------+----------+
|    16 |          15 | Set      | Nullable=True,                      | OAuth2Service             |             5 | 48       |
+-------+-------------+----------+-------------------------------------+---------------------------+---------------+----------+
|    17 |          16 | Integer  | Nullable=True,Permission=ReadWrite  | Retries                   |             0 |          |
+-------+-------------+----------+-------------------------------------+---------------------------+---------------+----------+
|    18 |          17 | Integer  | Nullable=True,Permission=ReadWrite  | TimeoutSeconds            |             0 |          |
+-------+-------------+----------+-------------------------------------+---------------------------+---------------+----------+
|    19 |           0 | String   |                                     | ActiveDirectoryService    |             0 |          |
+-------+-------------+----------+-------------------------------------+---------------------------+---------------+----------+
|    20 |           1 | String   |                                     | LDAPService               |             0 |          |
+-------+-------------+----------+-------------------------------------+---------------------------+---------------+----------+
|    21 |           2 | String   |                                     | OEM                       |             0 |          |
+-------+-------------+----------+-------------------------------------+---------------------------+---------------+----------+
|    22 |           3 | String   |                                     | RedfishService            |             0 |          |
+-------+-------------+----------+-------------------------------------+---------------------------+---------------+----------+
|    23 |           4 | String   |                                     | OAuth2                    |             0 |          |
+-------+-------------+----------+-------------------------------------+---------------------------+---------------+----------+
|    24 |           5 | String   |                                     | TACACSplus                |             0 |          |
+-------+-------------+----------+-------------------------------------+---------------------------+---------------+----------+
|    25 |           0 | Set      | Nullable=False,                     | Oem                       |             0 |          |
+-------+-------------+----------+-------------------------------------+---------------------------+---------------+----------+
|    26 |           0 | Enum     | Nullable=True,Permission=ReadWrite  | AuthenticationType        |             4 | 53       |
+-------+-------------+----------+-------------------------------------+---------------------------+---------------+----------+
|    27 |           1 | String   | Nullable=True,Permission=Write      | KerberosKeytab            |             0 |          |
+-------+-------------+----------+-------------------------------------+---------------------------+---------------+----------+
|    28 |           2 | Set      | Nullable=False,                     | Oem                       |             0 |          |
+-------+-------------+----------+-------------------------------------+---------------------------+---------------+----------+
|    29 |           3 | String   | Nullable=True,Permission=Write      | Password                  |             0 |          |
+-------+-------------+----------+-------------------------------------+---------------------------+---------------+----------+
|    30 |           4 | String   | Nullable=True,Permission=Write      | Token                     |             0 |          |
+-------+-------------+----------+-------------------------------------+---------------------------+---------------+----------+
|    31 |           5 | String   | Nullable=False,Permission=ReadWrite | Username                  |             0 |          |
+-------+-------------+----------+-------------------------------------+---------------------------+---------------+----------+
|    32 |           6 | String   | Nullable=True,Permission=Write      | EncryptionKey             |             0 |          |
+-------+-------------+----------+-------------------------------------+---------------------------+---------------+----------+
|    33 |           7 | Boolean  | Nullable=True,Permission=Read       | EncryptionKeySet          |             0 |          |
+-------+-------------+----------+-------------------------------------+---------------------------+---------------+----------+
|    34 |           0 | Set      | Nullable=False,                     | Oem                       |             0 |          |
+-------+-------------+----------+-------------------------------------+---------------------------+---------------+----------+
|    35 |           1 | Set      | Nullable=False,                     | SearchSettings            |             5 | 57       |
+-------+-------------+----------+-------------------------------------+---------------------------+---------------+----------+
|    36 |           0 | Set      | Nullable=False,                     | Oem                       |             0 |          |
+-------+-------------+----------+-------------------------------------+---------------------------+---------------+----------+
|    37 |           0 | Set      |                                     |                           |             5 | 38       |
+-------+-------------+----------+-------------------------------------+---------------------------+---------------+----------+
|    38 |           0 | String   | Nullable=True,Permission=ReadWrite  | LocalRole                 |             0 |          |
+-------+-------------+----------+-------------------------------------+---------------------------+---------------+----------+
|    39 |           1 | Set      | Nullable=False,                     | Oem                       |             0 |          |
+-------+-------------+----------+-------------------------------------+---------------------------+---------------+----------+
|    40 |           2 | String   | Nullable=True,Permission=ReadWrite  | RemoteGroup               |             0 |          |
+-------+-------------+----------+-------------------------------------+---------------------------+---------------+----------+
|    41 |           3 | String   | Nullable=True,Permission=ReadWrite  | RemoteUser                |             0 |          |
+-------+-------------+----------+-------------------------------------+---------------------------+---------------+----------+
|    42 |           4 | Set      | Nullable=True,                      | MFABypass                 |             1 | 62       |
+-------+-------------+----------+-------------------------------------+---------------------------+---------------+----------+
|    43 |           0 | String   |                                     |                           |             0 |          |
+-------+-------------+----------+-------------------------------------+---------------------------+---------------+----------+
|    44 |           0 | Array    | Nullable=True,Permission=ReadWrite  | PasswordExchangeProtocols |             1 | 63       |
+-------+-------------+----------+-------------------------------------+---------------------------+---------------+----------+
|    45 |           1 | String   | Nullable=True,Permission=ReadWrite  | PrivilegeLevelArgument    |             0 |          |
+-------+-------------+----------+-------------------------------------+---------------------------+---------------+----------+
|    46 |           2 | String   | Nullable=False,Permission=ReadWrite | AuthorizationService      |             0 |          |
+-------+-------------+----------+-------------------------------------+---------------------------+---------------+----------+
|    47 |           3 | Set      | Nullable=False,                     | Oem                       |             0 |          |
+-------+-------------+----------+-------------------------------------+---------------------------+---------------+----------+
|    48 |           0 | Array    | Nullable=False,Permission=Read      | Audience                  |             1 | 43       |
+-------+-------------+----------+-------------------------------------+---------------------------+---------------+----------+
|    49 |           1 | String   | Nullable=True,Permission=ReadWrite  | Issuer                    |             0 |          |
+-------+-------------+----------+-------------------------------------+---------------------------+---------------+----------+
|    50 |           2 | Enum     | Nullable=False,Permission=ReadWrite | Mode                      |             2 | 69       |
+-------+-------------+----------+-------------------------------------+---------------------------+---------------+----------+
|    51 |           3 | String   | Nullable=True,Permission=ReadWrite  | OAuthServiceSigningKeys   |             0 |          |
+-------+-------------+----------+-------------------------------------+---------------------------+---------------+----------+
|    52 |           4 | Set      | Nullable=False,                     | Oem                       |             0 |          |
+-------+-------------+----------+-------------------------------------+---------------------------+---------------+----------+
|    53 |           0 | String   |                                     | KerberosKeytab            |             0 |          |
+-------+-------------+----------+-------------------------------------+---------------------------+---------------+----------+
|    54 |           1 | String   |                                     | OEM                       |             0 |          |
+-------+-------------+----------+-------------------------------------+---------------------------+---------------+----------+
|    55 |           2 | String   |                                     | Token                     |             0 |          |
+-------+-------------+----------+-------------------------------------+---------------------------+---------------+----------+
|    56 |           3 | String   |                                     | UsernameAndPassword       |             0 |          |
+-------+-------------+----------+-------------------------------------+---------------------------+---------------+----------+
|    57 |           0 | Array    | Nullable=True,Permission=ReadWrite  | BaseDistinguishedNames    |             1 | 43       |
+-------+-------------+----------+-------------------------------------+---------------------------+---------------+----------+
|    58 |           1 | String   | Nullable=True,Permission=ReadWrite  | GroupNameAttribute        |             0 |          |
+-------+-------------+----------+-------------------------------------+---------------------------+---------------+----------+
|    59 |           2 | String   | Nullable=True,Permission=ReadWrite  | GroupsAttribute           |             0 |          |
+-------+-------------+----------+-------------------------------------+---------------------------+---------------+----------+
|    60 |           3 | String   | Nullable=True,Permission=ReadWrite  | UsernameAttribute         |             0 |          |
+-------+-------------+----------+-------------------------------------+---------------------------+---------------+----------+
|    61 |           4 | String   | Nullable=True,Permission=ReadWrite  | SSHKeyAttribute           |             0 |          |
+-------+-------------+----------+-------------------------------------+---------------------------+---------------+----------+
|    62 |           0 | Array    | Nullable=True,Permission=ReadWrite  | BypassTypes               |             1 | 71       |
+-------+-------------+----------+-------------------------------------+---------------------------+---------------+----------+
|    63 |           0 | Enum     |                                     |                           |             5 | 64       |
+-------+-------------+----------+-------------------------------------+---------------------------+---------------+----------+
|    64 |           0 | String   |                                     | ASCII                     |             0 |          |
+-------+-------------+----------+-------------------------------------+---------------------------+---------------+----------+
|    65 |           1 | String   |                                     | CHAP                      |             0 |          |
+-------+-------------+----------+-------------------------------------+---------------------------+---------------+----------+
|    66 |           2 | String   |                                     | MSCHAPv1                  |             0 |          |
+-------+-------------+----------+-------------------------------------+---------------------------+---------------+----------+
|    67 |           3 | String   |                                     | MSCHAPv2                  |             0 |          |
+-------+-------------+----------+-------------------------------------+---------------------------+---------------+----------+
|    68 |           4 | String   |                                     | PAP                       |             0 |          |
+-------+-------------+----------+-------------------------------------+---------------------------+---------------+----------+
|    69 |           0 | String   |                                     | Discovery                 |             0 |          |
+-------+-------------+----------+-------------------------------------+---------------------------+---------------+----------+
|    70 |           1 | String   |                                     | Offline                   |             0 |          |
+-------+-------------+----------+-------------------------------------+---------------------------+---------------+----------+
|    71 |           0 | Enum     |                                     |                           |             6 | 72       |
+-------+-------------+----------+-------------------------------------+---------------------------+---------------+----------+
|    72 |           0 | String   |                                     | All                       |             0 |          |
+-------+-------------+----------+-------------------------------------+---------------------------+---------------+----------+
|    73 |           1 | String   |                                     | ClientCertificate         |             0 |          |
+-------+-------------+----------+-------------------------------------+---------------------------+---------------+----------+
|    74 |           2 | String   |                                     | GoogleAuthenticator       |             0 |          |
+-------+-------------+----------+-------------------------------------+---------------------------+---------------+----------+
|    75 |           3 | String   |                                     | MicrosoftAuthenticator    |             0 |          |
+-------+-------------+----------+-------------------------------------+---------------------------+---------------+----------+
|    76 |           4 | String   |                                     | OEM                       |             0 |          |
+-------+-------------+----------+-------------------------------------+---------------------------+---------------+----------+
|    77 |           5 | String   |                                     | SecurID                   |             0 |          |
+-------+-------------+----------+-------------------------------------+---------------------------+---------------+----------+
Total Entries: 78
Fixed size consumed (bytes): 792 (0x318)
Field string size consumed (bytes): 832 (0x340)
Total size (bytes): 1624 (0x658)
Version: 0XF1F6F000
Signature: 0x40b97b03
