+-------+-------------+----------+-------------------------------------+---------------------------+---------------+----------+
|   Row |   Sequence# | Format   | Flags                               | Field String              |   Child Count | Offset   |
+=======+=============+==========+=====================================+===========================+===============+==========+
|     0 |           0 | Set      |                                     | ExternalAccountProvider   |            16 | 1        |
+-------+-------------+----------+-------------------------------------+---------------------------+---------------+----------+
|     1 |           0 | Enum     | Nullable=True,Permission=Read       | AccountProviderType       |             6 | 17       |
+-------+-------------+----------+-------------------------------------+---------------------------+---------------+----------+
|     2 |           1 | Set      | Nullable=False,                     | Actions                   |             1 | 23       |
+-------+-------------+----------+-------------------------------------+---------------------------+---------------+----------+
|     3 |           2 | Set      | Nullable=False,                     | Authentication            |             8 | 24       |
+-------+-------------+----------+-------------------------------------+---------------------------+---------------+----------+
|     4 |           3 | String   | Nullable=True,Permission=Read       | Description               |             0 |          |
+-------+-------------+----------+-------------------------------------+---------------------------+---------------+----------+
|     5 |           4 | String   | Nullable=False,Permission=Read      | Id                        |             0 |          |
+-------+-------------+----------+-------------------------------------+---------------------------+---------------+----------+
|     6 |           5 | Set      | Nullable=False,                     | LDAPService               |             2 | 32       |
+-------+-------------+----------+-------------------------------------+---------------------------+---------------+----------+
|     7 |           6 | Set      | Nullable=False,                     | Links                     |             1 | 34       |
+-------+-------------+----------+-------------------------------------+---------------------------+---------------+----------+
|     8 |           7 | String   | Nullable=False,Permission=Read      | Name                      |             0 |          |
+-------+-------------+----------+-------------------------------------+---------------------------+---------------+----------+
|     9 |           8 | Set      | Nullable=False,                     | Oem                       |             0 |          |
+-------+-------------+----------+-------------------------------------+---------------------------+---------------+----------+
|    10 |           9 | Array    | Nullable=True,                      | RemoteRoleMapping         |             1 | 35       |
+-------+-------------+----------+-------------------------------------+---------------------------+---------------+----------+
|    11 |          10 | Array    | Nullable=True,Permission=ReadWrite  | ServiceAddresses          |             1 | 40       |
+-------+-------------+----------+-------------------------------------+---------------------------+---------------+----------+
|    12 |          11 | Boolean  | Nullable=True,Permission=ReadWrite  | ServiceEnabled            |             0 |          |
+-------+-------------+----------+-------------------------------------+---------------------------+---------------+----------+
|    13 |          12 | Set      | Nullable=False,Permission=Read      | Certificates              |             0 |          |
+-------+-------------+----------+-------------------------------------+---------------------------+---------------+----------+
|    14 |          13 | Integer  | Nullable=True,Permission=ReadWrite  | Priority                  |             0 |          |
+-------+-------------+----------+-------------------------------------+---------------------------+---------------+----------+
|    15 |          14 | Set      | Nullable=True,                      | TACACSplusService         |             2 | 41       |
+-------+-------------+----------+-------------------------------------+---------------------------+---------------+----------+
|    16 |          15 | Set      | Nullable=True,                      | OAuth2Service             |             4 | 43       |
+-------+-------------+----------+-------------------------------------+---------------------------+---------------+----------+
|    17 |           0 | String   |                                     | ActiveDirectoryService    |             0 |          |
+-------+-------------+----------+-------------------------------------+---------------------------+---------------+----------+
|    18 |           1 | String   |                                     | LDAPService               |             0 |          |
+-------+-------------+----------+-------------------------------------+---------------------------+---------------+----------+
|    19 |           2 | String   |                                     | OEM                       |             0 |          |
+-------+-------------+----------+-------------------------------------+---------------------------+---------------+----------+
|    20 |           3 | String   |                                     | RedfishService            |             0 |          |
+-------+-------------+----------+-------------------------------------+---------------------------+---------------+----------+
|    21 |           4 | String   |                                     | OAuth2                    |             0 |          |
+-------+-------------+----------+-------------------------------------+---------------------------+---------------+----------+
|    22 |           5 | String   |                                     | TACACSplus                |             0 |          |
+-------+-------------+----------+-------------------------------------+---------------------------+---------------+----------+
|    23 |           0 | Set      | Nullable=False,                     | Oem                       |             0 |          |
+-------+-------------+----------+-------------------------------------+---------------------------+---------------+----------+
|    24 |           0 | Enum     | Nullable=True,Permission=ReadWrite  | AuthenticationType        |             4 | 47       |
+-------+-------------+----------+-------------------------------------+---------------------------+---------------+----------+
|    25 |           1 | String   | Nullable=True,Permission=ReadWrite  | KerberosKeytab            |             0 |          |
+-------+-------------+----------+-------------------------------------+---------------------------+---------------+----------+
|    26 |           2 | Set      | Nullable=False,                     | Oem                       |             0 |          |
+-------+-------------+----------+-------------------------------------+---------------------------+---------------+----------+
|    27 |           3 | String   | Nullable=True,Permission=ReadWrite  | Password                  |             0 |          |
+-------+-------------+----------+-------------------------------------+---------------------------+---------------+----------+
|    28 |           4 | String   | Nullable=True,Permission=ReadWrite  | Token                     |             0 |          |
+-------+-------------+----------+-------------------------------------+---------------------------+---------------+----------+
|    29 |           5 | String   | Nullable=False,Permission=ReadWrite | Username                  |             0 |          |
+-------+-------------+----------+-------------------------------------+---------------------------+---------------+----------+
|    30 |           6 | String   | Nullable=True,Permission=ReadWrite  | EncryptionKey             |             0 |          |
+-------+-------------+----------+-------------------------------------+---------------------------+---------------+----------+
|    31 |           7 | Boolean  | Nullable=True,Permission=Read       | EncryptionKeySet          |             0 |          |
+-------+-------------+----------+-------------------------------------+---------------------------+---------------+----------+
|    32 |           0 | Set      | Nullable=False,                     | Oem                       |             0 |          |
+-------+-------------+----------+-------------------------------------+---------------------------+---------------+----------+
|    33 |           1 | Set      | Nullable=False,                     | SearchSettings            |             5 | 51       |
+-------+-------------+----------+-------------------------------------+---------------------------+---------------+----------+
|    34 |           0 | Set      | Nullable=False,                     | Oem                       |             0 |          |
+-------+-------------+----------+-------------------------------------+---------------------------+---------------+----------+
|    35 |           0 | Set      |                                     |                           |             4 | 36       |
+-------+-------------+----------+-------------------------------------+---------------------------+---------------+----------+
|    36 |           0 | String   | Nullable=True,Permission=ReadWrite  | LocalRole                 |             0 |          |
+-------+-------------+----------+-------------------------------------+---------------------------+---------------+----------+
|    37 |           1 | Set      | Nullable=False,                     | Oem                       |             0 |          |
+-------+-------------+----------+-------------------------------------+---------------------------+---------------+----------+
|    38 |           2 | String   | Nullable=True,Permission=ReadWrite  | RemoteGroup               |             0 |          |
+-------+-------------+----------+-------------------------------------+---------------------------+---------------+----------+
|    39 |           3 | String   | Nullable=True,Permission=ReadWrite  | RemoteUser                |             0 |          |
+-------+-------------+----------+-------------------------------------+---------------------------+---------------+----------+
|    40 |           0 | String   |                                     |                           |             0 |          |
+-------+-------------+----------+-------------------------------------+---------------------------+---------------+----------+
|    41 |           0 | Array    | Nullable=True,Permission=ReadWrite  | PasswordExchangeProtocols |             1 | 56       |
+-------+-------------+----------+-------------------------------------+---------------------------+---------------+----------+
|    42 |           1 | String   | Nullable=True,Permission=ReadWrite  | PrivilegeLevelArgument    |             0 |          |
+-------+-------------+----------+-------------------------------------+---------------------------+---------------+----------+
|    43 |           0 | Array    | Nullable=False,Permission=Read      | Audience                  |             1 | 40       |
+-------+-------------+----------+-------------------------------------+---------------------------+---------------+----------+
|    44 |           1 | String   | Nullable=True,Permission=ReadWrite  | Issuer                    |             0 |          |
+-------+-------------+----------+-------------------------------------+---------------------------+---------------+----------+
|    45 |           2 | Enum     | Nullable=False,Permission=ReadWrite | Mode                      |             2 | 62       |
+-------+-------------+----------+-------------------------------------+---------------------------+---------------+----------+
|    46 |           3 | String   | Nullable=True,Permission=ReadWrite  | OAuthServiceSigningKeys   |             0 |          |
+-------+-------------+----------+-------------------------------------+---------------------------+---------------+----------+
|    47 |           0 | String   |                                     | KerberosKeytab            |             0 |          |
+-------+-------------+----------+-------------------------------------+---------------------------+---------------+----------+
|    48 |           1 | String   |                                     | OEM                       |             0 |          |
+-------+-------------+----------+-------------------------------------+---------------------------+---------------+----------+
|    49 |           2 | String   |                                     | Token                     |             0 |          |
+-------+-------------+----------+-------------------------------------+---------------------------+---------------+----------+
|    50 |           3 | String   |                                     | UsernameAndPassword       |             0 |          |
+-------+-------------+----------+-------------------------------------+---------------------------+---------------+----------+
|    51 |           0 | Array    | Nullable=True,Permission=ReadWrite  | BaseDistinguishedNames    |             1 | 40       |
+-------+-------------+----------+-------------------------------------+---------------------------+---------------+----------+
|    52 |           1 | String   | Nullable=True,Permission=ReadWrite  | GroupNameAttribute        |             0 |          |
+-------+-------------+----------+-------------------------------------+---------------------------+---------------+----------+
|    53 |           2 | String   | Nullable=True,Permission=ReadWrite  | GroupsAttribute           |             0 |          |
+-------+-------------+----------+-------------------------------------+---------------------------+---------------+----------+
|    54 |           3 | String   | Nullable=True,Permission=ReadWrite  | UsernameAttribute         |             0 |          |
+-------+-------------+----------+-------------------------------------+---------------------------+---------------+----------+
|    55 |           4 | String   | Nullable=True,Permission=ReadWrite  | SSHKeyAttribute           |             0 |          |
+-------+-------------+----------+-------------------------------------+---------------------------+---------------+----------+
|    56 |           0 | Enum     |                                     |                           |             5 | 57       |
+-------+-------------+----------+-------------------------------------+---------------------------+---------------+----------+
|    57 |           0 | String   |                                     | ASCII                     |             0 |          |
+-------+-------------+----------+-------------------------------------+---------------------------+---------------+----------+
|    58 |           1 | String   |                                     | CHAP                      |             0 |          |
+-------+-------------+----------+-------------------------------------+---------------------------+---------------+----------+
|    59 |           2 | String   |                                     | MSCHAPv1                  |             0 |          |
+-------+-------------+----------+-------------------------------------+---------------------------+---------------+----------+
|    60 |           3 | String   |                                     | MSCHAPv2                  |             0 |          |
+-------+-------------+----------+-------------------------------------+---------------------------+---------------+----------+
|    61 |           4 | String   |                                     | PAP                       |             0 |          |
+-------+-------------+----------+-------------------------------------+---------------------------+---------------+----------+
|    62 |           0 | String   |                                     | Discovery                 |             0 |          |
+-------+-------------+----------+-------------------------------------+---------------------------+---------------+----------+
|    63 |           1 | String   |                                     | Offline                   |             0 |          |
+-------+-------------+----------+-------------------------------------+---------------------------+---------------+----------+
Total Entries: 64
Fixed size consumed (bytes): 652 (0x28c)
Field string size consumed (bytes): 693 (0x2b5)
Total size (bytes): 1345 (0x541)
Version: 0XF1F4F000
Signature: 0xfed3c504
