+-------+-------------+----------+------------------------------------+-------------------------+---------------+----------+
|   Row |   Sequence# | Format   | Flags                              | Field String            |   Child Count | Offset   |
+=======+=============+==========+====================================+=========================+===============+==========+
|     0 |           0 | Set      |                                    | Key                     |            10 | 1        |
+-------+-------------+----------+------------------------------------+-------------------------+---------------+----------+
|     1 |           0 | Set      | Nullable=False,                    | Actions                 |             1 | 11       |
+-------+-------------+----------+------------------------------------+-------------------------+---------------+----------+
|     2 |           1 | String   | Nullable=True,Permission=Read      | Description             |             0 |          |
+-------+-------------+----------+------------------------------------+-------------------------+---------------+----------+
|     3 |           2 | String   | Nullable=False,Permission=Read     | Id                      |             0 |          |
+-------+-------------+----------+------------------------------------+-------------------------+---------------+----------+
|     4 |           3 | String   | Nullable=True,Permission=Read      | KeyString               |             0 |          |
+-------+-------------+----------+------------------------------------+-------------------------+---------------+----------+
|     5 |           4 | Enum     | Nullable=True,Permission=Read      | KeyType                 |             2 | 12       |
+-------+-------------+----------+------------------------------------+-------------------------+---------------+----------+
|     6 |           5 | Set      | Nullable=False,                    | NVMeoF                  |             5 | 14       |
+-------+-------------+----------+------------------------------------+-------------------------+---------------+----------+
|     7 |           6 | String   | Nullable=False,Permission=Read     | Name                    |             0 |          |
+-------+-------------+----------+------------------------------------+-------------------------+---------------+----------+
|     8 |           7 | Set      | Nullable=False,                    | Oem                     |             0 |          |
+-------+-------------+----------+------------------------------------+-------------------------+---------------+----------+
|     9 |           8 | String   | Nullable=True,Permission=ReadWrite | UserDescription         |             0 |          |
+-------+-------------+----------+------------------------------------+-------------------------+---------------+----------+
|    10 |           9 | Set      | Nullable=False,                    | SSH                     |             3 | 19       |
+-------+-------------+----------+------------------------------------+-------------------------+---------------+----------+
|    11 |           0 | Set      | Nullable=False,                    | Oem                     |             0 |          |
+-------+-------------+----------+------------------------------------+-------------------------+---------------+----------+
|    12 |           0 | String   |                                    | NVMeoF                  |             0 |          |
+-------+-------------+----------+------------------------------------+-------------------------+---------------+----------+
|    13 |           1 | String   |                                    | SSH                     |             0 |          |
+-------+-------------+----------+------------------------------------+-------------------------+---------------+----------+
|    14 |           0 | String   | Nullable=True,Permission=ReadWrite | HostKeyId               |             0 |          |
+-------+-------------+----------+------------------------------------+-------------------------+---------------+----------+
|    15 |           1 | String   | Nullable=True,Permission=Read      | NQN                     |             0 |          |
+-------+-------------+----------+------------------------------------+-------------------------+---------------+----------+
|    16 |           2 | String   | Nullable=True,Permission=Read      | OEMSecurityProtocolType |             0 |          |
+-------+-------------+----------+------------------------------------+-------------------------+---------------+----------+
|    17 |           3 | Array    | Nullable=True,Permission=Read      | SecureHashAllowList     |             1 | 22       |
+-------+-------------+----------+------------------------------------+-------------------------+---------------+----------+
|    18 |           4 | Enum     | Nullable=True,Permission=Read      | SecurityProtocolType    |             3 | 26       |
+-------+-------------+----------+------------------------------------+-------------------------+---------------+----------+
|    19 |           0 | String   | Nullable=True,Permission=Read      | Fingerprint             |             0 |          |
+-------+-------------+----------+------------------------------------+-------------------------+---------------+----------+
|    20 |           1 | String   | Nullable=True,Permission=Read      | RemoteServerHostName    |             0 |          |
+-------+-------------+----------+------------------------------------+-------------------------+---------------+----------+
|    21 |           2 | String   | Nullable=True,Permission=Read      | Comment                 |             0 |          |
+-------+-------------+----------+------------------------------------+-------------------------+---------------+----------+
|    22 |           0 | Enum     |                                    |                         |             3 | 23       |
+-------+-------------+----------+------------------------------------+-------------------------+---------------+----------+
|    23 |           0 | String   |                                    | SHA256                  |             0 |          |
+-------+-------------+----------+------------------------------------+-------------------------+---------------+----------+
|    24 |           1 | String   |                                    | SHA384                  |             0 |          |
+-------+-------------+----------+------------------------------------+-------------------------+---------------+----------+
|    25 |           2 | String   |                                    | SHA512                  |             0 |          |
+-------+-------------+----------+------------------------------------+-------------------------+---------------+----------+
|    26 |           0 | String   |                                    | DHHC                    |             0 |          |
+-------+-------------+----------+------------------------------------+-------------------------+---------------+----------+
|    27 |           1 | String   |                                    | OEM                     |             0 |          |
+-------+-------------+----------+------------------------------------+-------------------------+---------------+----------+
|    28 |           2 | String   |                                    | TLS_PSK                 |             0 |          |
+-------+-------------+----------+------------------------------------+-------------------------+---------------+----------+
Total Entries: 29
Fixed size consumed (bytes): 302 (0x12e)
Field string size consumed (bytes): 265 (0x109)
Total size (bytes): 567 (0x237)
Version: 0XF1F4F100
Signature: 0xb76bafa0
