+-------+-------------+----------+-------------------------------------+------------------------------+---------------+----------+
|   Row |   Sequence# | Format   | Flags                               | Field String                 |   Child Count | Offset   |
+=======+=============+==========+=====================================+==============================+===============+==========+
|     0 |           0 | Set      |                                     | Manager                      |            50 | 1        |
+-------+-------------+----------+-------------------------------------+------------------------------+---------------+----------+
|     1 |           0 | Set      | Nullable=False,                     | Actions                      |             6 | 51       |
+-------+-------------+----------+-------------------------------------+------------------------------+---------------+----------+
|     2 |           1 | Set      | Nullable=False,                     | CommandShell                 |             3 | 57       |
+-------+-------------+----------+-------------------------------------+------------------------------+---------------+----------+
|     3 |           2 | String   | Nullable=True,Permission=ReadWrite  | DateTime                     |             0 |          |
+-------+-------------+----------+-------------------------------------+------------------------------+---------------+----------+
|     4 |           3 | String   | Nullable=True,Permission=ReadWrite  | DateTimeLocalOffset          |             0 |          |
+-------+-------------+----------+-------------------------------------+------------------------------+---------------+----------+
|     5 |           4 | String   | Nullable=True,Permission=Read       | Description                  |             0 |          |
+-------+-------------+----------+-------------------------------------+------------------------------+---------------+----------+
|     6 |           5 | Set      | Nullable=False,Permission=Read      | EthernetInterfaces           |             0 |          |
+-------+-------------+----------+-------------------------------------+------------------------------+---------------+----------+
|     7 |           6 | String   | Nullable=True,Permission=Read       | FirmwareVersion              |             0 |          |
+-------+-------------+----------+-------------------------------------+------------------------------+---------------+----------+
|     8 |           7 | Set      | Nullable=False,                     | GraphicalConsole             |             3 | 60       |
+-------+-------------+----------+-------------------------------------+------------------------------+---------------+----------+
|     9 |           8 | String   | Nullable=False,Permission=Read      | Id                           |             0 |          |
+-------+-------------+----------+-------------------------------------+------------------------------+---------------+----------+
|    10 |           9 | Set      | Nullable=False,                     | Links                        |            11 | 63       |
+-------+-------------+----------+-------------------------------------+------------------------------+---------------+----------+
|    11 |          10 | Set      | Nullable=False,Permission=Read      | LogServices                  |             0 |          |
+-------+-------------+----------+-------------------------------------+------------------------------+---------------+----------+
|    12 |          11 | Enum     | Nullable=False,Permission=Read      | ManagerType                  |             7 | 74       |
+-------+-------------+----------+-------------------------------------+------------------------------+---------------+----------+
|    13 |          12 | String   | Nullable=True,Permission=Read       | Model                        |             0 |          |
+-------+-------------+----------+-------------------------------------+------------------------------+---------------+----------+
|    14 |          13 | String   | Nullable=False,Permission=Read      | Name                         |             0 |          |
+-------+-------------+----------+-------------------------------------+------------------------------+---------------+----------+
|    15 |          14 | Set      | Nullable=False,Permission=Read      | NetworkProtocol              |             0 |          |
+-------+-------------+----------+-------------------------------------+------------------------------+---------------+----------+
|    16 |          15 | Set      | Nullable=False,                     | Oem                          |             0 |          |
+-------+-------------+----------+-------------------------------------+------------------------------+---------------+----------+
|    17 |          16 | Array    | Nullable=True,                      | Redundancy                   |             1 | 81       |
+-------+-------------+----------+-------------------------------------+------------------------------+---------------+----------+
|    18 |          17 | Set      | Nullable=False,                     | SerialConsole                |             3 | 92       |
+-------+-------------+----------+-------------------------------------+------------------------------+---------------+----------+
|    19 |          18 | Set      | Nullable=False,Permission=Read      | SerialInterfaces             |             0 |          |
+-------+-------------+----------+-------------------------------------+------------------------------+---------------+----------+
|    20 |          19 | String   | Nullable=True,Permission=Read       | ServiceEntryPointUUID        |             0 |          |
+-------+-------------+----------+-------------------------------------+------------------------------+---------------+----------+
|    21 |          20 | Set      | Nullable=False,                     | Status                       |             5 | 95       |
+-------+-------------+----------+-------------------------------------+------------------------------+---------------+----------+
|    22 |          21 | String   | Nullable=True,Permission=Read       | UUID                         |             0 |          |
+-------+-------------+----------+-------------------------------------+------------------------------+---------------+----------+
|    23 |          22 | Set      | Nullable=False,Permission=Read      | VirtualMedia                 |             0 |          |
+-------+-------------+----------+-------------------------------------+------------------------------+---------------+----------+
|    24 |          23 | Enum     | Nullable=True,Permission=Read       | PowerState                   |             5 | 100      |
+-------+-------------+----------+-------------------------------------+------------------------------+---------------+----------+
|    25 |          24 | Set      | Nullable=False,Permission=Read      | HostInterfaces               |             0 |          |
+-------+-------------+----------+-------------------------------------+------------------------------+---------------+----------+
|    26 |          25 | Boolean  | Nullable=False,Permission=ReadWrite | AutoDSTEnabled               |             0 |          |
+-------+-------------+----------+-------------------------------------+------------------------------+---------------+----------+
|    27 |          26 | Set      | Nullable=False,Permission=Read      | RemoteAccountService         |             0 |          |
+-------+-------------+----------+-------------------------------------+------------------------------+---------------+----------+
|    28 |          27 | String   | Nullable=True,Permission=Read       | RemoteRedfishServiceUri      |             0 |          |
+-------+-------------+----------+-------------------------------------+------------------------------+---------------+----------+
|    29 |          28 | String   | Nullable=True,Permission=Read       | Manufacturer                 |             0 |          |
+-------+-------------+----------+-------------------------------------+------------------------------+---------------+----------+
|    30 |          29 | String   | Nullable=True,Permission=Read       | PartNumber                   |             0 |          |
+-------+-------------+----------+-------------------------------------+------------------------------+---------------+----------+
|    31 |          30 | String   | Nullable=True,Permission=Read       | SerialNumber                 |             0 |          |
+-------+-------------+----------+-------------------------------------+------------------------------+---------------+----------+
|    32 |          31 | String   | Nullable=False,Permission=Read      | LastResetTime                |             0 |          |
+-------+-------------+----------+-------------------------------------+------------------------------+---------------+----------+
|    33 |          32 | String   | Nullable=False,Permission=ReadWrite | TimeZoneName                 |             0 |          |
+-------+-------------+----------+-------------------------------------+------------------------------+---------------+----------+
|    34 |          33 | Set      | Nullable=False,                     | Location                     |            12 | 105      |
+-------+-------------+----------+-------------------------------------+------------------------------+---------------+----------+
|    35 |          34 | Boolean  | Nullable=True,Permission=ReadWrite  | LocationIndicatorActive      |             0 |          |
+-------+-------------+----------+-------------------------------------+------------------------------+---------------+----------+
|    36 |          35 | String   | Nullable=True,Permission=Read       | SparePartNumber              |             0 |          |
+-------+-------------+----------+-------------------------------------+------------------------------+---------------+----------+
|    37 |          36 | Set      | Nullable=False,                     | USBPorts                     |             0 |          |
+-------+-------------+----------+-------------------------------------+------------------------------+---------------+----------+
|    38 |          37 | Set      | Nullable=False,Permission=Read      | Certificates                 |             0 |          |
+-------+-------------+----------+-------------------------------------+------------------------------+---------------+----------+
|    39 |          38 | Array    | Nullable=False,                     | Measurements                 |             1 | 117      |
+-------+-------------+----------+-------------------------------------+------------------------------+---------------+----------+
|    40 |          39 | Set      | Nullable=True,Permission=Read       | ManagerDiagnosticData        |             0 |          |
+-------+-------------+----------+-------------------------------------+------------------------------+---------------+----------+
|    41 |          40 | Set      | Nullable=False,                     | AdditionalFirmwareVersions   |             7 | 122      |
+-------+-------------+----------+-------------------------------------+------------------------------+---------------+----------+
|    42 |          41 | String   | Nullable=True,Permission=ReadWrite  | ServiceIdentification        |             0 |          |
+-------+-------------+----------+-------------------------------------+------------------------------+---------------+----------+
|    43 |          42 | Set      | Nullable=False,                     | DedicatedNetworkPorts        |             0 |          |
+-------+-------------+----------+-------------------------------------+------------------------------+---------------+----------+
|    44 |          43 | Set      | Nullable=True,Permission=Read       | SecurityPolicy               |             0 |          |
+-------+-------------+----------+-------------------------------------+------------------------------+---------------+----------+
|    45 |          44 | Set      | Nullable=False,                     | SharedNetworkPorts           |             0 |          |
+-------+-------------+----------+-------------------------------------+------------------------------+---------------+----------+
|    46 |          45 | String   | Nullable=True,Permission=Read       | Version                      |             0 |          |
+-------+-------------+----------+-------------------------------------+------------------------------+---------------+----------+
|    47 |          46 | Set      | Nullable=False,                     | DaylightSavingTime           |             4 | 129      |
+-------+-------------+----------+-------------------------------------+------------------------------+---------------+----------+
|    48 |          47 | Enum     | Nullable=True,Permission=ReadWrite  | DateTimeSource               |             5 | 133      |
+-------+-------------+----------+-------------------------------------+------------------------------+---------------+----------+
|    49 |          48 | String   | Nullable=True,Permission=Read       | OEMSecurityMode              |             0 |          |
+-------+-------------+----------+-------------------------------------+------------------------------+---------------+----------+
|    50 |          49 | Enum     | Nullable=False,Permission=Read      | SecurityMode                 |             7 | 138      |
+-------+-------------+----------+-------------------------------------+------------------------------+---------------+----------+
|    51 |           0 | Set      | Nullable=False,                     | Oem                          |             0 |          |
+-------+-------------+----------+-------------------------------------+------------------------------+---------------+----------+
|    52 |           1 | Set      |                                     | #Manager.Reset               |             3 | 145      |
+-------+-------------+----------+-------------------------------------+------------------------------+---------------+----------+
|    53 |           2 | Set      |                                     | #Manager.ForceFailover       |             3 | 148      |
+-------+-------------+----------+-------------------------------------+------------------------------+---------------+----------+
|    54 |           3 | Set      |                                     | #Manager.ModifyRedundancySet |             4 | 151      |
+-------+-------------+----------+-------------------------------------+------------------------------+---------------+----------+
|    55 |           4 | Set      |                                     | #Manager.ResetToDefaults     |             3 | 155      |
+-------+-------------+----------+-------------------------------------+------------------------------+---------------+----------+
|    56 |           5 | Set      |                                     | #Manager.UpdateSecurityMode  |             4 | 158      |
+-------+-------------+----------+-------------------------------------+------------------------------+---------------+----------+
|    57 |           0 | Array    | Nullable=False,Permission=Read      | ConnectTypesSupported        |             1 | 162      |
+-------+-------------+----------+-------------------------------------+------------------------------+---------------+----------+
|    58 |           1 | Integer  | Nullable=False,Permission=Read      | MaxConcurrentSessions        |             0 |          |
+-------+-------------+----------+-------------------------------------+------------------------------+---------------+----------+
|    59 |           2 | Boolean  | Nullable=False,Permission=ReadWrite | ServiceEnabled               |             0 |          |
+-------+-------------+----------+-------------------------------------+------------------------------+---------------+----------+
|    60 |           0 | Array    | Nullable=False,Permission=Read      | ConnectTypesSupported        |             1 | 167      |
+-------+-------------+----------+-------------------------------------+------------------------------+---------------+----------+
|    61 |           1 | Integer  | Nullable=False,Permission=Read      | MaxConcurrentSessions        |             0 |          |
+-------+-------------+----------+-------------------------------------+------------------------------+---------------+----------+
|    62 |           2 | Boolean  | Nullable=False,Permission=ReadWrite | ServiceEnabled               |             0 |          |
+-------+-------------+----------+-------------------------------------+------------------------------+---------------+----------+
|    63 |           0 | Array    | Nullable=True,Permission=Read       | ManagerForChassis            |             1 | 170      |
+-------+-------------+----------+-------------------------------------+------------------------------+---------------+----------+
|    64 |           1 | Array    | Nullable=True,Permission=Read       | ManagerForServers            |             1 | 170      |
+-------+-------------+----------+-------------------------------------+------------------------------+---------------+----------+
|    65 |           2 | Set      | Nullable=False,                     | Oem                          |             0 |          |
+-------+-------------+----------+-------------------------------------+------------------------------+---------------+----------+
|    66 |           3 | Set      | Nullable=False,Permission=Read      | ManagerInChassis             |             0 |          |
+-------+-------------+----------+-------------------------------------+------------------------------+---------------+----------+
|    67 |           4 | Array    | Nullable=True,Permission=Read       | ManagerForSwitches           |             1 | 170      |
+-------+-------------+----------+-------------------------------------+------------------------------+---------------+----------+
|    68 |           5 | Set      | Nullable=False,Permission=ReadWrite | ActiveSoftwareImage          |             0 |          |
+-------+-------------+----------+-------------------------------------+------------------------------+---------------+----------+
|    69 |           6 | Array    | Nullable=True,Permission=Read       | SoftwareImages               |             1 | 170      |
+-------+-------------+----------+-------------------------------------+------------------------------+---------------+----------+
|    70 |           7 | Array    | Nullable=True,Permission=Read       | ManagedBy                    |             1 | 170      |
+-------+-------------+----------+-------------------------------------+------------------------------+---------------+----------+
|    71 |           8 | Array    | Nullable=True,Permission=Read       | ManagerForManagers           |             1 | 170      |
+-------+-------------+----------+-------------------------------------+------------------------------+---------------+----------+
|    72 |           9 | Set      | Nullable=True,Permission=ReadWrite  | SelectedNetworkPort          |             0 |          |
+-------+-------------+----------+-------------------------------------+------------------------------+---------------+----------+
|    73 |          10 | Array    | Nullable=True,Permission=Read       | ManagerForFabrics            |             1 | 170      |
+-------+-------------+----------+-------------------------------------+------------------------------+---------------+----------+
|    74 |           0 | String   |                                     | AuxiliaryController          |             0 |          |
+-------+-------------+----------+-------------------------------------+------------------------------+---------------+----------+
|    75 |           1 | String   |                                     | BMC                          |             0 |          |
+-------+-------------+----------+-------------------------------------+------------------------------+---------------+----------+
|    76 |           2 | String   |                                     | EnclosureManager             |             0 |          |
+-------+-------------+----------+-------------------------------------+------------------------------+---------------+----------+
|    77 |           3 | String   |                                     | ManagementController         |             0 |          |
+-------+-------------+----------+-------------------------------------+------------------------------+---------------+----------+
|    78 |           4 | String   |                                     | RackManager                  |             0 |          |
+-------+-------------+----------+-------------------------------------+------------------------------+---------------+----------+
|    79 |           5 | String   |                                     | FabricManager                |             0 |          |
+-------+-------------+----------+-------------------------------------+------------------------------+---------------+----------+
|    80 |           6 | String   |                                     | Service                      |             0 |          |
+-------+-------------+----------+-------------------------------------+------------------------------+---------------+----------+
|    81 |           0 | Set      |                                     |                              |            10 | 82       |
+-------+-------------+----------+-------------------------------------+------------------------------+---------------+----------+
|    82 |           0 | Integer  | Nullable=True,Permission=Read       | MaxNumSupported              |             0 |          |
+-------+-------------+----------+-------------------------------------+------------------------------+---------------+----------+
|    83 |           1 | String   | Nullable=False,Permission=Read      | MemberId                     |             0 |          |
+-------+-------------+----------+-------------------------------------+------------------------------+---------------+----------+
|    84 |           2 | Integer  | Nullable=True,Permission=Read       | MinNumNeeded                 |             0 |          |
+-------+-------------+----------+-------------------------------------+------------------------------+---------------+----------+
|    85 |           3 | String   | Nullable=True,Permission=ReadWrite  | Mode                         |             0 |          |
+-------+-------------+----------+-------------------------------------+------------------------------+---------------+----------+
|    86 |           4 | String   | Nullable=False,Permission=Read      | Name                         |             0 |          |
+-------+-------------+----------+-------------------------------------+------------------------------+---------------+----------+
|    87 |           5 | Set      | Nullable=False,                     | Oem                          |             0 |          |
+-------+-------------+----------+-------------------------------------+------------------------------+---------------+----------+
|    88 |           6 | Array    | Nullable=True,Permission=Read       | RedundancySet                |             1 | 170      |
+-------+-------------+----------+-------------------------------------+------------------------------+---------------+----------+
|    89 |           7 | Set      | Nullable=False,                     | Status                       |             5 | 95       |
+-------+-------------+----------+-------------------------------------+------------------------------+---------------+----------+
|    90 |           8 | Boolean  | Nullable=True,Permission=ReadWrite  | RedundancyEnabled            |             0 |          |
+-------+-------------+----------+-------------------------------------+------------------------------+---------------+----------+
|    91 |           9 | Set      | Nullable=False,                     | Actions                      |             1 | 171      |
+-------+-------------+----------+-------------------------------------+------------------------------+---------------+----------+
|    92 |           0 | Array    | Nullable=False,Permission=Read      | ConnectTypesSupported        |             1 | 172      |
+-------+-------------+----------+-------------------------------------+------------------------------+---------------+----------+
|    93 |           1 | Integer  | Nullable=False,Permission=Read      | MaxConcurrentSessions        |             0 |          |
+-------+-------------+----------+-------------------------------------+------------------------------+---------------+----------+
|    94 |           2 | Boolean  | Nullable=False,Permission=ReadWrite | ServiceEnabled               |             0 |          |
+-------+-------------+----------+-------------------------------------+------------------------------+---------------+----------+
|    95 |           0 | Enum     | Nullable=True,Permission=Read       | Health                       |             3 | 177      |
+-------+-------------+----------+-------------------------------------+------------------------------+---------------+----------+
|    96 |           1 | Enum     | Nullable=True,Permission=Read       | HealthRollup                 |             3 | 177      |
+-------+-------------+----------+-------------------------------------+------------------------------+---------------+----------+
|    97 |           2 | Set      | Nullable=False,                     | Oem                          |             0 |          |
+-------+-------------+----------+-------------------------------------+------------------------------+---------------+----------+
|    98 |           3 | Enum     | Nullable=True,Permission=Read       | State                        |            13 | 180      |
+-------+-------------+----------+-------------------------------------+------------------------------+---------------+----------+
|    99 |           4 | Array    | Nullable=True,                      | Conditions                   |             1 | 193      |
+-------+-------------+----------+-------------------------------------+------------------------------+---------------+----------+
|   100 |           0 | String   |                                     | Off                          |             0 |          |
+-------+-------------+----------+-------------------------------------+------------------------------+---------------+----------+
|   101 |           1 | String   |                                     | On                           |             0 |          |
+-------+-------------+----------+-------------------------------------+------------------------------+---------------+----------+
|   102 |           2 | String   |                                     | PoweringOff                  |             0 |          |
+-------+-------------+----------+-------------------------------------+------------------------------+---------------+----------+
|   103 |           3 | String   |                                     | PoweringOn                   |             0 |          |
+-------+-------------+----------+-------------------------------------+------------------------------+---------------+----------+
|   104 |           4 | String   |                                     | Paused                       |             0 |          |
+-------+-------------+----------+-------------------------------------+------------------------------+---------------+----------+
|   105 |           0 | String   | Nullable=True,Permission=Read       | Info                         |             0 |          |
+-------+-------------+----------+-------------------------------------+------------------------------+---------------+----------+
|   106 |           1 | String   | Nullable=True,Permission=Read       | InfoFormat                   |             0 |          |
+-------+-------------+----------+-------------------------------------+------------------------------+---------------+----------+
|   107 |           2 | Set      | Nullable=False,                     | Oem                          |             0 |          |
+-------+-------------+----------+-------------------------------------+------------------------------+---------------+----------+
|   108 |           3 | Set      | Nullable=False,                     | Placement                    |             5 | 207      |
+-------+-------------+----------+-------------------------------------+------------------------------+---------------+----------+
|   109 |           4 | Set      | Nullable=False,                     | PostalAddress                |            33 | 212      |
+-------+-------------+----------+-------------------------------------+------------------------------+---------------+----------+
|   110 |           5 | Set      | Nullable=False,                     | PartLocation                 |             5 | 245      |
+-------+-------------+----------+-------------------------------------+------------------------------+---------------+----------+
|   111 |           6 | Real     | Nullable=True,Permission=ReadWrite  | AltitudeMeters               |             0 |          |
+-------+-------------+----------+-------------------------------------+------------------------------+---------------+----------+
|   112 |           7 | Real     | Nullable=True,Permission=ReadWrite  | Latitude                     |             0 |          |
+-------+-------------+----------+-------------------------------------+------------------------------+---------------+----------+
|   113 |           8 | Real     | Nullable=True,Permission=ReadWrite  | Longitude                    |             0 |          |
+-------+-------------+----------+-------------------------------------+------------------------------+---------------+----------+
|   114 |           9 | Array    | Nullable=True,                      | Contacts                     |             1 | 250      |
+-------+-------------+----------+-------------------------------------+------------------------------+---------------+----------+
|   115 |          10 | String   | Nullable=True,Permission=Read       | PartLocationContext          |             0 |          |
+-------+-------------+----------+-------------------------------------+------------------------------+---------------+----------+
|   116 |          11 | Set      | Nullable=False,                     | PhysicalAddress              |             7 | 254      |
+-------+-------------+----------+-------------------------------------+------------------------------+---------------+----------+
|   117 |           0 | Set      |                                     |                              |             4 | 118      |
+-------+-------------+----------+-------------------------------------+------------------------------+---------------+----------+
|   118 |           0 | String   | Nullable=True,Permission=Read       | Measurement                  |             0 |          |
+-------+-------------+----------+-------------------------------------+------------------------------+---------------+----------+
|   119 |           1 | Integer  | Nullable=True,Permission=Read       | MeasurementSize              |             0 |          |
+-------+-------------+----------+-------------------------------------+------------------------------+---------------+----------+
|   120 |           2 | Integer  | Nullable=True,Permission=Read       | MeasurementSpecification     |             0 |          |
+-------+-------------+----------+-------------------------------------+------------------------------+---------------+----------+
|   121 |           3 | Integer  | Nullable=True,Permission=Read       | MeasurementIndex             |             0 |          |
+-------+-------------+----------+-------------------------------------+------------------------------+---------------+----------+
|   122 |           0 | String   | Nullable=True,Permission=Read       | Bootloader                   |             0 |          |
+-------+-------------+----------+-------------------------------------+------------------------------+---------------+----------+
|   123 |           1 | String   | Nullable=True,Permission=Read       | Kernel                       |             0 |          |
+-------+-------------+----------+-------------------------------------+------------------------------+---------------+----------+
|   124 |           2 | String   | Nullable=True,Permission=Read       | Microcode                    |             0 |          |
+-------+-------------+----------+-------------------------------------+------------------------------+---------------+----------+
|   125 |           3 | Set      | Nullable=False,                     | Oem                          |             0 |          |
+-------+-------------+----------+-------------------------------------+------------------------------+---------------+----------+
|   126 |           4 | String   | Nullable=True,Permission=Read       | OSDistribution               |             0 |          |
+-------+-------------+----------+-------------------------------------+------------------------------+---------------+----------+
|   127 |           5 | String   | Nullable=True,Permission=Read       | BootParameters               |             0 |          |
+-------+-------------+----------+-------------------------------------+------------------------------+---------------+----------+
|   128 |           6 | String   | Nullable=True,Permission=Read       | FactoryConfiguration         |             0 |          |
+-------+-------------+----------+-------------------------------------+------------------------------+---------------+----------+
|   129 |           0 | String   | Nullable=False,Permission=ReadWrite | EndDateTime                  |             0 |          |
+-------+-------------+----------+-------------------------------------+------------------------------+---------------+----------+
|   130 |           1 | Integer  | Nullable=False,Permission=ReadWrite | OffsetMinutes                |             0 |          |
+-------+-------------+----------+-------------------------------------+------------------------------+---------------+----------+
|   131 |           2 | String   | Nullable=False,Permission=ReadWrite | StartDateTime                |             0 |          |
+-------+-------------+----------+-------------------------------------+------------------------------+---------------+----------+
|   132 |           3 | String   | Nullable=False,Permission=ReadWrite | TimeZoneName                 |             0 |          |
+-------+-------------+----------+-------------------------------------+------------------------------+---------------+----------+
|   133 |           0 | String   |                                     | Firmware                     |             0 |          |
+-------+-------------+----------+-------------------------------------+------------------------------+---------------+----------+
|   134 |           1 | String   |                                     | Host                         |             0 |          |
+-------+-------------+----------+-------------------------------------+------------------------------+---------------+----------+
|   135 |           2 | String   |                                     | NTP                          |             0 |          |
+-------+-------------+----------+-------------------------------------+------------------------------+---------------+----------+
|   136 |           3 | String   |                                     | PTP                          |             0 |          |
+-------+-------------+----------+-------------------------------------+------------------------------+---------------+----------+
|   137 |           4 | String   |                                     | RTC                          |             0 |          |
+-------+-------------+----------+-------------------------------------+------------------------------+---------------+----------+
|   138 |           0 | String   |                                     | CNSA_1_0                     |             0 |          |
+-------+-------------+----------+-------------------------------------+------------------------------+---------------+----------+
|   139 |           1 | String   |                                     | CNSA_2_0                     |             0 |          |
+-------+-------------+----------+-------------------------------------+------------------------------+---------------+----------+
|   140 |           2 | String   |                                     | Default                      |             0 |          |
+-------+-------------+----------+-------------------------------------+------------------------------+---------------+----------+
|   141 |           3 | String   |                                     | FIPS_140_2                   |             0 |          |
+-------+-------------+----------+-------------------------------------+------------------------------+---------------+----------+
|   142 |           4 | String   |                                     | FIPS_140_3                   |             0 |          |
+-------+-------------+----------+-------------------------------------+------------------------------+---------------+----------+
|   143 |           5 | String   |                                     | OEM                          |             0 |          |
+-------+-------------+----------+-------------------------------------+------------------------------+---------------+----------+
|   144 |           6 | String   |                                     | SuiteB                       |             0 |          |
+-------+-------------+----------+-------------------------------------+------------------------------+---------------+----------+
|   145 |           0 | String   | Nullable=False,Permission=Read      | target                       |             0 |          |
+-------+-------------+----------+-------------------------------------+------------------------------+---------------+----------+
|   146 |           1 | String   | Nullable=False,Permission=Read      | title                        |             0 |          |
+-------+-------------+----------+-------------------------------------+------------------------------+---------------+----------+
|   147 |           2 | Enum     | Nullable=True,                      | ResetType                    |            13 | 261      |
+-------+-------------+----------+-------------------------------------+------------------------------+---------------+----------+
|   148 |           0 | String   | Nullable=False,Permission=Read      | target                       |             0 |          |
+-------+-------------+----------+-------------------------------------+------------------------------+---------------+----------+
|   149 |           1 | String   | Nullable=False,Permission=Read      | title                        |             0 |          |
+-------+-------------+----------+-------------------------------------+------------------------------+---------------+----------+
|   150 |           2 | Set      | Nullable=False,                     | NewManager                   |            50 | 1        |
+-------+-------------+----------+-------------------------------------+------------------------------+---------------+----------+
|   151 |           0 | String   | Nullable=False,Permission=Read      | target                       |             0 |          |
+-------+-------------+----------+-------------------------------------+------------------------------+---------------+----------+
|   152 |           1 | String   | Nullable=False,Permission=Read      | title                        |             0 |          |
+-------+-------------+----------+-------------------------------------+------------------------------+---------------+----------+
|   153 |           2 | Array    | Nullable=True,                      | Add                          |             1 | 274      |
+-------+-------------+----------+-------------------------------------+------------------------------+---------------+----------+
|   154 |           3 | Array    | Nullable=True,                      | Remove                       |             1 | 274      |
+-------+-------------+----------+-------------------------------------+------------------------------+---------------+----------+
|   155 |           0 | String   | Nullable=False,Permission=Read      | target                       |             0 |          |
+-------+-------------+----------+-------------------------------------+------------------------------+---------------+----------+
|   156 |           1 | String   | Nullable=False,Permission=Read      | title                        |             0 |          |
+-------+-------------+----------+-------------------------------------+------------------------------+---------------+----------+
|   157 |           2 | Enum     | Nullable=False,                     | ResetType                    |             3 | 275      |
+-------+-------------+----------+-------------------------------------+------------------------------+---------------+----------+
|   158 |           0 | String   | Nullable=False,Permission=Read      | target                       |             0 |          |
+-------+-------------+----------+-------------------------------------+------------------------------+---------------+----------+
|   159 |           1 | String   | Nullable=False,Permission=Read      | title                        |             0 |          |
+-------+-------------+----------+-------------------------------------+------------------------------+---------------+----------+
|   160 |           2 | String   | Nullable=True,                      | OEMSecurityMode              |             0 |          |
+-------+-------------+----------+-------------------------------------+------------------------------+---------------+----------+
|   161 |           3 | Enum     | Nullable=False,                     | SecurityMode                 |             7 | 138      |
+-------+-------------+----------+-------------------------------------+------------------------------+---------------+----------+
|   162 |           0 | Enum     |                                     |                              |             4 | 163      |
+-------+-------------+----------+-------------------------------------+------------------------------+---------------+----------+
|   163 |           0 | String   |                                     | IPMI                         |             0 |          |
+-------+-------------+----------+-------------------------------------+------------------------------+---------------+----------+
|   164 |           1 | String   |                                     | Oem                          |             0 |          |
+-------+-------------+----------+-------------------------------------+------------------------------+---------------+----------+
|   165 |           2 | String   |                                     | SSH                          |             0 |          |
+-------+-------------+----------+-------------------------------------+------------------------------+---------------+----------+
|   166 |           3 | String   |                                     | Telnet                       |             0 |          |
+-------+-------------+----------+-------------------------------------+------------------------------+---------------+----------+
|   167 |           0 | Enum     |                                     |                              |             2 | 168      |
+-------+-------------+----------+-------------------------------------+------------------------------+---------------+----------+
|   168 |           0 | String   |                                     | KVMIP                        |             0 |          |
+-------+-------------+----------+-------------------------------------+------------------------------+---------------+----------+
|   169 |           1 | String   |                                     | Oem                          |             0 |          |
+-------+-------------+----------+-------------------------------------+------------------------------+---------------+----------+
|   170 |           0 | Set      |                                     |                              |             0 |          |
+-------+-------------+----------+-------------------------------------+------------------------------+---------------+----------+
|   171 |           0 | Set      | Nullable=False,                     | Oem                          |             0 |          |
+-------+-------------+----------+-------------------------------------+------------------------------+---------------+----------+
|   172 |           0 | Enum     |                                     |                              |             4 | 173      |
+-------+-------------+----------+-------------------------------------+------------------------------+---------------+----------+
|   173 |           0 | String   |                                     | IPMI                         |             0 |          |
+-------+-------------+----------+-------------------------------------+------------------------------+---------------+----------+
|   174 |           1 | String   |                                     | Oem                          |             0 |          |
+-------+-------------+----------+-------------------------------------+------------------------------+---------------+----------+
|   175 |           2 | String   |                                     | SSH                          |             0 |          |
+-------+-------------+----------+-------------------------------------+------------------------------+---------------+----------+
|   176 |           3 | String   |                                     | Telnet                       |             0 |          |
+-------+-------------+----------+-------------------------------------+------------------------------+---------------+----------+
|   177 |           0 | String   |                                     | Critical                     |             0 |          |
+-------+-------------+----------+-------------------------------------+------------------------------+---------------+----------+
|   178 |           1 | String   |                                     | OK                           |             0 |          |
+-------+-------------+----------+-------------------------------------+------------------------------+---------------+----------+
|   179 |           2 | String   |                                     | Warning                      |             0 |          |
+-------+-------------+----------+-------------------------------------+------------------------------+---------------+----------+
|   180 |           0 | String   |                                     | Absent                       |             0 |          |
+-------+-------------+----------+-------------------------------------+------------------------------+---------------+----------+
|   181 |           1 | String   |                                     | Disabled                     |             0 |          |
+-------+-------------+----------+-------------------------------------+------------------------------+---------------+----------+
|   182 |           2 | String   |                                     | Enabled                      |             0 |          |
+-------+-------------+----------+-------------------------------------+------------------------------+---------------+----------+
|   183 |           3 | String   |                                     | InTest                       |             0 |          |
+-------+-------------+----------+-------------------------------------+------------------------------+---------------+----------+
|   184 |           4 | String   |                                     | StandbyOffline               |             0 |          |
+-------+-------------+----------+-------------------------------------+------------------------------+---------------+----------+
|   185 |           5 | String   |                                     | StandbySpare                 |             0 |          |
+-------+-------------+----------+-------------------------------------+------------------------------+---------------+----------+
|   186 |           6 | String   |                                     | Starting                     |             0 |          |
+-------+-------------+----------+-------------------------------------+------------------------------+---------------+----------+
|   187 |           7 | String   |                                     | Degraded                     |             0 |          |
+-------+-------------+----------+-------------------------------------+------------------------------+---------------+----------+
|   188 |           8 | String   |                                     | UnavailableOffline           |             0 |          |
+-------+-------------+----------+-------------------------------------+------------------------------+---------------+----------+
|   189 |           9 | String   |                                     | Deferring                    |             0 |          |
+-------+-------------+----------+-------------------------------------+------------------------------+---------------+----------+
|   190 |          10 | String   |                                     | Quiesced                     |             0 |          |
+-------+-------------+----------+-------------------------------------+------------------------------+---------------+----------+
|   191 |          11 | String   |                                     | Updating                     |             0 |          |
+-------+-------------+----------+-------------------------------------+------------------------------+---------------+----------+
|   192 |          12 | String   |                                     | Qualified                    |             0 |          |
+-------+-------------+----------+-------------------------------------+------------------------------+---------------+----------+
|   193 |           0 | Set      |                                     |                              |            13 | 194      |
+-------+-------------+----------+-------------------------------------+------------------------------+---------------+----------+
|   194 |           0 | Set      | Nullable=False,Permission=Read      | LogEntry                     |             0 |          |
+-------+-------------+----------+-------------------------------------+------------------------------+---------------+----------+
|   195 |           1 | String   | Nullable=False,Permission=Read      | Message                      |             0 |          |
+-------+-------------+----------+-------------------------------------+------------------------------+---------------+----------+
|   196 |           2 | Array    | Nullable=False,Permission=Read      | MessageArgs                  |             1 | 278      |
+-------+-------------+----------+-------------------------------------+------------------------------+---------------+----------+
|   197 |           3 | String   | Nullable=False,Permission=Read      | MessageId                    |             0 |          |
+-------+-------------+----------+-------------------------------------+------------------------------+---------------+----------+
|   198 |           4 | Set      | Nullable=False,Permission=Read      | OriginOfCondition            |             0 |          |
+-------+-------------+----------+-------------------------------------+------------------------------+---------------+----------+
|   199 |           5 | Enum     | Nullable=False,Permission=Read      | Severity                     |             3 | 177      |
+-------+-------------+----------+-------------------------------------+------------------------------+---------------+----------+
|   200 |           6 | String   | Nullable=False,Permission=Read      | Timestamp                    |             0 |          |
+-------+-------------+----------+-------------------------------------+------------------------------+---------------+----------+
|   201 |           7 | String   | Nullable=False,Permission=Read      | Resolution                   |             0 |          |
+-------+-------------+----------+-------------------------------------+------------------------------+---------------+----------+
|   202 |           8 | Array    | Nullable=False,                     | ResolutionSteps              |             1 | 279      |
+-------+-------------+----------+-------------------------------------+------------------------------+---------------+----------+
|   203 |           9 | String   | Nullable=True,Permission=Read       | UserAuthenticationSource     |             0 |          |
+-------+-------------+----------+-------------------------------------+------------------------------+---------------+----------+
|   204 |          10 | String   | Nullable=True,Permission=Read       | Username                     |             0 |          |
+-------+-------------+----------+-------------------------------------+------------------------------+---------------+----------+
|   205 |          11 | Set      | Nullable=False,                     | Oem                          |             0 |          |
+-------+-------------+----------+-------------------------------------+------------------------------+---------------+----------+
|   206 |          12 | Enum     | Nullable=True,Permission=Read       | ConditionType                |             3 | 288      |
+-------+-------------+----------+-------------------------------------+------------------------------+---------------+----------+
|   207 |           0 | String   | Nullable=True,Permission=ReadWrite  | Rack                         |             0 |          |
+-------+-------------+----------+-------------------------------------+------------------------------+---------------+----------+
|   208 |           1 | Integer  | Nullable=True,Permission=ReadWrite  | RackOffset                   |             0 |          |
+-------+-------------+----------+-------------------------------------+------------------------------+---------------+----------+
|   209 |           2 | Enum     | Nullable=True,Permission=ReadWrite  | RackOffsetUnits              |             2 | 291      |
+-------+-------------+----------+-------------------------------------+------------------------------+---------------+----------+
|   210 |           3 | String   | Nullable=True,Permission=ReadWrite  | Row                          |             0 |          |
+-------+-------------+----------+-------------------------------------+------------------------------+---------------+----------+
|   211 |           4 | String   | Nullable=True,Permission=ReadWrite  | AdditionalInfo               |             0 |          |
+-------+-------------+----------+-------------------------------------+------------------------------+---------------+----------+
|   212 |           0 | String   | Nullable=True,Permission=ReadWrite  | AdditionalCode               |             0 |          |
+-------+-------------+----------+-------------------------------------+------------------------------+---------------+----------+
|   213 |           1 | String   | Nullable=True,Permission=ReadWrite  | Building                     |             0 |          |
+-------+-------------+----------+-------------------------------------+------------------------------+---------------+----------+
|   214 |           2 | String   | Nullable=True,Permission=ReadWrite  | City                         |             0 |          |
+-------+-------------+----------+-------------------------------------+------------------------------+---------------+----------+
|   215 |           3 | String   | Nullable=True,Permission=ReadWrite  | Community                    |             0 |          |
+-------+-------------+----------+-------------------------------------+------------------------------+---------------+----------+
|   216 |           4 | String   | Nullable=True,Permission=ReadWrite  | Country                      |             0 |          |
+-------+-------------+----------+-------------------------------------+------------------------------+---------------+----------+
|   217 |           5 | String   | Nullable=True,Permission=ReadWrite  | District                     |             0 |          |
+-------+-------------+----------+-------------------------------------+------------------------------+---------------+----------+
|   218 |           6 | String   | Nullable=True,Permission=ReadWrite  | Division                     |             0 |          |
+-------+-------------+----------+-------------------------------------+------------------------------+---------------+----------+
|   219 |           7 | String   | Nullable=True,Permission=ReadWrite  | Floor                        |             0 |          |
+-------+-------------+----------+-------------------------------------+------------------------------+---------------+----------+
|   220 |           8 | String   | Nullable=True,Permission=ReadWrite  | GPSCoords                    |             0 |          |
+-------+-------------+----------+-------------------------------------+------------------------------+---------------+----------+
|   221 |           9 | Integer  | Nullable=True,Permission=ReadWrite  | HouseNumber                  |             0 |          |
+-------+-------------+----------+-------------------------------------+------------------------------+---------------+----------+
|   222 |          10 | String   | Nullable=True,Permission=ReadWrite  | HouseNumberSuffix            |             0 |          |
+-------+-------------+----------+-------------------------------------+------------------------------+---------------+----------+
|   223 |          11 | String   | Nullable=True,Permission=ReadWrite  | Landmark                     |             0 |          |
+-------+-------------+----------+-------------------------------------+------------------------------+---------------+----------+
|   224 |          12 | String   | Nullable=True,Permission=ReadWrite  | LeadingStreetDirection       |             0 |          |
+-------+-------------+----------+-------------------------------------+------------------------------+---------------+----------+
|   225 |          13 | String   | Nullable=True,Permission=ReadWrite  | Location                     |             0 |          |
+-------+-------------+----------+-------------------------------------+------------------------------+---------------+----------+
|   226 |          14 | String   | Nullable=True,Permission=ReadWrite  | Name                         |             0 |          |
+-------+-------------+----------+-------------------------------------+------------------------------+---------------+----------+
|   227 |          15 | String   | Nullable=True,Permission=ReadWrite  | Neighborhood                 |             0 |          |
+-------+-------------+----------+-------------------------------------+------------------------------+---------------+----------+
|   228 |          16 | String   | Nullable=True,Permission=ReadWrite  | POBox                        |             0 |          |
+-------+-------------+----------+-------------------------------------+------------------------------+---------------+----------+
|   229 |          17 | String   | Nullable=True,Permission=ReadWrite  | PlaceType                    |             0 |          |
+-------+-------------+----------+-------------------------------------+------------------------------+---------------+----------+
|   230 |          18 | String   | Nullable=True,Permission=ReadWrite  | PostalCode                   |             0 |          |
+-------+-------------+----------+-------------------------------------+------------------------------+---------------+----------+
|   231 |          19 | String   | Nullable=True,Permission=ReadWrite  | Road                         |             0 |          |
+-------+-------------+----------+-------------------------------------+------------------------------+---------------+----------+
|   232 |          20 | String   | Nullable=True,Permission=ReadWrite  | RoadBranch                   |             0 |          |
+-------+-------------+----------+-------------------------------------+------------------------------+---------------+----------+
|   233 |          21 | String   | Nullable=True,Permission=ReadWrite  | RoadPostModifier             |             0 |          |
+-------+-------------+----------+-------------------------------------+------------------------------+---------------+----------+
|   234 |          22 | String   | Nullable=True,Permission=ReadWrite  | RoadPreModifier              |             0 |          |
+-------+-------------+----------+-------------------------------------+------------------------------+---------------+----------+
|   235 |          23 | String   | Nullable=True,Permission=ReadWrite  | RoadSection                  |             0 |          |
+-------+-------------+----------+-------------------------------------+------------------------------+---------------+----------+
|   236 |          24 | String   | Nullable=True,Permission=ReadWrite  | RoadSubBranch                |             0 |          |
+-------+-------------+----------+-------------------------------------+------------------------------+---------------+----------+
|   237 |          25 | String   | Nullable=True,Permission=ReadWrite  | Room                         |             0 |          |
+-------+-------------+----------+-------------------------------------+------------------------------+---------------+----------+
|   238 |          26 | String   | Nullable=True,Permission=ReadWrite  | Seat                         |             0 |          |
+-------+-------------+----------+-------------------------------------+------------------------------+---------------+----------+
|   239 |          27 | String   | Nullable=True,Permission=ReadWrite  | Street                       |             0 |          |
+-------+-------------+----------+-------------------------------------+------------------------------+---------------+----------+
|   240 |          28 | String   | Nullable=True,Permission=ReadWrite  | StreetSuffix                 |             0 |          |
+-------+-------------+----------+-------------------------------------+------------------------------+---------------+----------+
|   241 |          29 | String   | Nullable=True,Permission=ReadWrite  | Territory                    |             0 |          |
+-------+-------------+----------+-------------------------------------+------------------------------+---------------+----------+
|   242 |          30 | String   | Nullable=True,Permission=ReadWrite  | TrailingStreetSuffix         |             0 |          |
+-------+-------------+----------+-------------------------------------+------------------------------+---------------+----------+
|   243 |          31 | String   | Nullable=True,Permission=ReadWrite  | Unit                         |             0 |          |
+-------+-------------+----------+-------------------------------------+------------------------------+---------------+----------+
|   244 |          32 | String   | Nullable=True,Permission=ReadWrite  | AdditionalInfo               |             0 |          |
+-------+-------------+----------+-------------------------------------+------------------------------+---------------+----------+
|   245 |           0 | Integer  | Nullable=True,Permission=Read       | LocationOrdinalValue         |             0 |          |
+-------+-------------+----------+-------------------------------------+------------------------------+---------------+----------+
|   246 |           1 | Enum     | Nullable=True,Permission=Read       | LocationType                 |             6 | 293      |
+-------+-------------+----------+-------------------------------------+------------------------------+---------------+----------+
|   247 |           2 | Enum     | Nullable=True,Permission=Read       | Orientation                  |             6 | 299      |
+-------+-------------+----------+-------------------------------------+------------------------------+---------------+----------+
|   248 |           3 | Enum     | Nullable=True,Permission=Read       | Reference                    |             7 | 305      |
+-------+-------------+----------+-------------------------------------+------------------------------+---------------+----------+
|   249 |           4 | String   | Nullable=True,Permission=Read       | ServiceLabel                 |             0 |          |
+-------+-------------+----------+-------------------------------------+------------------------------+---------------+----------+
|   250 |           0 | Set      |                                     |                              |             3 | 251      |
+-------+-------------+----------+-------------------------------------+------------------------------+---------------+----------+
|   251 |           0 | String   | Nullable=True,Permission=ReadWrite  | ContactName                  |             0 |          |
+-------+-------------+----------+-------------------------------------+------------------------------+---------------+----------+
|   252 |           1 | String   | Nullable=True,Permission=ReadWrite  | EmailAddress                 |             0 |          |
+-------+-------------+----------+-------------------------------------+------------------------------+---------------+----------+
|   253 |           2 | String   | Nullable=True,Permission=ReadWrite  | PhoneNumber                  |             0 |          |
+-------+-------------+----------+-------------------------------------+------------------------------+---------------+----------+
|   254 |           0 | String   | Nullable=True,Permission=ReadWrite  | City                         |             0 |          |
+-------+-------------+----------+-------------------------------------+------------------------------+---------------+----------+
|   255 |           1 | String   | Nullable=True,Permission=ReadWrite  | Country                      |             0 |          |
+-------+-------------+----------+-------------------------------------+------------------------------+---------------+----------+
|   256 |           2 | String   | Nullable=True,Permission=ReadWrite  | ISOCountryCode               |             0 |          |
+-------+-------------+----------+-------------------------------------+------------------------------+---------------+----------+
|   257 |           3 | String   | Nullable=True,Permission=ReadWrite  | ISOSubdivisionCode           |             0 |          |
+-------+-------------+----------+-------------------------------------+------------------------------+---------------+----------+
|   258 |           4 | String   | Nullable=True,Permission=ReadWrite  | PostalCode                   |             0 |          |
+-------+-------------+----------+-------------------------------------+------------------------------+---------------+----------+
|   259 |           5 | String   | Nullable=True,Permission=ReadWrite  | StateOrProvince              |             0 |          |
+-------+-------------+----------+-------------------------------------+------------------------------+---------------+----------+
|   260 |           6 | String   | Nullable=True,Permission=ReadWrite  | StreetAddress                |             0 |          |
+-------+-------------+----------+-------------------------------------+------------------------------+---------------+----------+
|   261 |           0 | String   |                                     | ForceOff                     |             0 |          |
+-------+-------------+----------+-------------------------------------+------------------------------+---------------+----------+
|   262 |           1 | String   |                                     | ForceOn                      |             0 |          |
+-------+-------------+----------+-------------------------------------+------------------------------+---------------+----------+
|   263 |           2 | String   |                                     | ForceRestart                 |             0 |          |
+-------+-------------+----------+-------------------------------------+------------------------------+---------------+----------+
|   264 |           3 | String   |                                     | GracefulRestart              |             0 |          |
+-------+-------------+----------+-------------------------------------+------------------------------+---------------+----------+
|   265 |           4 | String   |                                     | GracefulShutdown             |             0 |          |
+-------+-------------+----------+-------------------------------------+------------------------------+---------------+----------+
|   266 |           5 | String   |                                     | Nmi                          |             0 |          |
+-------+-------------+----------+-------------------------------------+------------------------------+---------------+----------+
|   267 |           6 | String   |                                     | On                           |             0 |          |
+-------+-------------+----------+-------------------------------------+------------------------------+---------------+----------+
|   268 |           7 | String   |                                     | PushPowerButton              |             0 |          |
+-------+-------------+----------+-------------------------------------+------------------------------+---------------+----------+
|   269 |           8 | String   |                                     | Pause                        |             0 |          |
+-------+-------------+----------+-------------------------------------+------------------------------+---------------+----------+
|   270 |           9 | String   |                                     | Resume                       |             0 |          |
+-------+-------------+----------+-------------------------------------+------------------------------+---------------+----------+
|   271 |          10 | String   |                                     | Suspend                      |             0 |          |
+-------+-------------+----------+-------------------------------------+------------------------------+---------------+----------+
|   272 |          11 | String   |                                     | FullPowerCycle               |             0 |          |
+-------+-------------+----------+-------------------------------------+------------------------------+---------------+----------+
|   273 |          12 | String   |                                     | PowerCycle                   |             0 |          |
+-------+-------------+----------+-------------------------------------+------------------------------+---------------+----------+
|   274 |           0 | Set      |                                     |                              |            50 | 1        |
+-------+-------------+----------+-------------------------------------+------------------------------+---------------+----------+
|   275 |           0 | String   |                                     | PreserveNetwork              |             0 |          |
+-------+-------------+----------+-------------------------------------+------------------------------+---------------+----------+
|   276 |           1 | String   |                                     | PreserveNetworkAndUsers      |             0 |          |
+-------+-------------+----------+-------------------------------------+------------------------------+---------------+----------+
|   277 |           2 | String   |                                     | ResetAll                     |             0 |          |
+-------+-------------+----------+-------------------------------------+------------------------------+---------------+----------+
|   278 |           0 | String   |                                     |                              |             0 |          |
+-------+-------------+----------+-------------------------------------+------------------------------+---------------+----------+
|   279 |           0 | Set      |                                     |                              |             8 | 280      |
+-------+-------------+----------+-------------------------------------+------------------------------+---------------+----------+
|   280 |           0 | Array    | Nullable=True,                      | ActionParameters             |             1 | 312      |
+-------+-------------+----------+-------------------------------------+------------------------------+---------------+----------+
|   281 |           1 | String   | Nullable=False,Permission=Read      | ActionURI                    |             0 |          |
+-------+-------------+----------+-------------------------------------+------------------------------+---------------+----------+
|   282 |           2 | Set      | Nullable=False,                     | Oem                          |             0 |          |
+-------+-------------+----------+-------------------------------------+------------------------------+---------------+----------+
|   283 |           3 | Integer  | Nullable=True,Permission=Read       | Priority                     |             0 |          |
+-------+-------------+----------+-------------------------------------+------------------------------+---------------+----------+
|   284 |           4 | Enum     | Nullable=True,Permission=Read       | ResolutionType               |             8 | 325      |
+-------+-------------+----------+-------------------------------------+------------------------------+---------------+----------+
|   285 |           5 | Integer  | Nullable=True,Permission=Read       | RetryCount                   |             0 |          |
+-------+-------------+----------+-------------------------------------+------------------------------+---------------+----------+
|   286 |           6 | Integer  | Nullable=True,Permission=Read       | RetryIntervalSeconds         |             0 |          |
+-------+-------------+----------+-------------------------------------+------------------------------+---------------+----------+
|   287 |           7 | String   | Nullable=True,Permission=Read       | TargetComponentURI           |             0 |          |
+-------+-------------+----------+-------------------------------------+------------------------------+---------------+----------+
|   288 |           0 | String   |                                     | Alert                        |             0 |          |
+-------+-------------+----------+-------------------------------------+------------------------------+---------------+----------+
|   289 |           1 | String   |                                     | Informational                |             0 |          |
+-------+-------------+----------+-------------------------------------+------------------------------+---------------+----------+
|   290 |           2 | String   |                                     | Subsystem                    |             0 |          |
+-------+-------------+----------+-------------------------------------+------------------------------+---------------+----------+
|   291 |           0 | String   |                                     | EIA_310                      |             0 |          |
+-------+-------------+----------+-------------------------------------+------------------------------+---------------+----------+
|   292 |           1 | String   |                                     | OpenU                        |             0 |          |
+-------+-------------+----------+-------------------------------------+------------------------------+---------------+----------+
|   293 |           0 | String   |                                     | Bay                          |             0 |          |
+-------+-------------+----------+-------------------------------------+------------------------------+---------------+----------+
|   294 |           1 | String   |                                     | Connector                    |             0 |          |
+-------+-------------+----------+-------------------------------------+------------------------------+---------------+----------+
|   295 |           2 | String   |                                     | Slot                         |             0 |          |
+-------+-------------+----------+-------------------------------------+------------------------------+---------------+----------+
|   296 |           3 | String   |                                     | Socket                       |             0 |          |
+-------+-------------+----------+-------------------------------------+------------------------------+---------------+----------+
|   297 |           4 | String   |                                     | Backplane                    |             0 |          |
+-------+-------------+----------+-------------------------------------+------------------------------+---------------+----------+
|   298 |           5 | String   |                                     | Embedded                     |             0 |          |
+-------+-------------+----------+-------------------------------------+------------------------------+---------------+----------+
|   299 |           0 | String   |                                     | BackToFront                  |             0 |          |
+-------+-------------+----------+-------------------------------------+------------------------------+---------------+----------+
|   300 |           1 | String   |                                     | BottomToTop                  |             0 |          |
+-------+-------------+----------+-------------------------------------+------------------------------+---------------+----------+
|   301 |           2 | String   |                                     | FrontToBack                  |             0 |          |
+-------+-------------+----------+-------------------------------------+------------------------------+---------------+----------+
|   302 |           3 | String   |                                     | LeftToRight                  |             0 |          |
+-------+-------------+----------+-------------------------------------+------------------------------+---------------+----------+
|   303 |           4 | String   |                                     | RightToLeft                  |             0 |          |
+-------+-------------+----------+-------------------------------------+------------------------------+---------------+----------+
|   304 |           5 | String   |                                     | TopToBottom                  |             0 |          |
+-------+-------------+----------+-------------------------------------+------------------------------+---------------+----------+
|   305 |           0 | String   |                                     | Bottom                       |             0 |          |
+-------+-------------+----------+-------------------------------------+------------------------------+---------------+----------+
|   306 |           1 | String   |                                     | Front                        |             0 |          |
+-------+-------------+----------+-------------------------------------+------------------------------+---------------+----------+
|   307 |           2 | String   |                                     | Left                         |             0 |          |
+-------+-------------+----------+-------------------------------------+------------------------------+---------------+----------+
|   308 |           3 | String   |                                     | Middle                       |             0 |          |
+-------+-------------+----------+-------------------------------------+------------------------------+---------------+----------+
|   309 |           4 | String   |                                     | Rear                         |             0 |          |
+-------+-------------+----------+-------------------------------------+------------------------------+---------------+----------+
|   310 |           5 | String   |                                     | Right                        |             0 |          |
+-------+-------------+----------+-------------------------------------+------------------------------+---------------+----------+
|   311 |           6 | String   |                                     | Top                          |             0 |          |
+-------+-------------+----------+-------------------------------------+------------------------------+---------------+----------+
|   312 |           0 | Set      |                                     |                              |            12 | 313      |
+-------+-------------+----------+-------------------------------------+------------------------------+---------------+----------+
|   313 |           0 | Array    | Nullable=True,Permission=Read       | AllowableValues              |             1 | 278      |
+-------+-------------+----------+-------------------------------------+------------------------------+---------------+----------+
|   314 |           1 | Enum     | Nullable=True,Permission=Read       | DataType                     |             7 | 333      |
+-------+-------------+----------+-------------------------------------+------------------------------+---------------+----------+
|   315 |           2 | String   | Nullable=False,Permission=Read      | Name                         |             0 |          |
+-------+-------------+----------+-------------------------------------+------------------------------+---------------+----------+
|   316 |           3 | String   | Nullable=True,Permission=Read       | ObjectDataType               |             0 |          |
+-------+-------------+----------+-------------------------------------+------------------------------+---------------+----------+
|   317 |           4 | Boolean  | Nullable=False,Permission=Read      | Required                     |             0 |          |
+-------+-------------+----------+-------------------------------------+------------------------------+---------------+----------+
|   318 |           5 | Real     | Nullable=True,Permission=Read       | MaximumValue                 |             0 |          |
+-------+-------------+----------+-------------------------------------+------------------------------+---------------+----------+
|   319 |           6 | Real     | Nullable=True,Permission=Read       | MinimumValue                 |             0 |          |
+-------+-------------+----------+-------------------------------------+------------------------------+---------------+----------+
|   320 |           7 | Integer  | Nullable=True,Permission=Read       | ArraySizeMaximum             |             0 |          |
+-------+-------------+----------+-------------------------------------+------------------------------+---------------+----------+
|   321 |           8 | Integer  | Nullable=True,Permission=Read       | ArraySizeMinimum             |             0 |          |
+-------+-------------+----------+-------------------------------------+------------------------------+---------------+----------+
|   322 |           9 | Array    | Nullable=True,Permission=Read       | AllowableNumbers             |             1 | 278      |
+-------+-------------+----------+-------------------------------------+------------------------------+---------------+----------+
|   323 |          10 | String   | Nullable=True,Permission=Read       | AllowablePattern             |             0 |          |
+-------+-------------+----------+-------------------------------------+------------------------------+---------------+----------+
|   324 |          11 | Array    | Nullable=True,Permission=Read       | AllowableValueDescriptions   |             1 | 278      |
+-------+-------------+----------+-------------------------------------+------------------------------+---------------+----------+
|   325 |           0 | String   |                                     | CollectDiagnosticData        |             0 |          |
+-------+-------------+----------+-------------------------------------+------------------------------+---------------+----------+
|   326 |           1 | String   |                                     | ContactVendor                |             0 |          |
+-------+-------------+----------+-------------------------------------+------------------------------+---------------+----------+
|   327 |           2 | String   |                                     | FirmwareUpdate               |             0 |          |
+-------+-------------+----------+-------------------------------------+------------------------------+---------------+----------+
|   328 |           3 | String   |                                     | OEM                          |             0 |          |
+-------+-------------+----------+-------------------------------------+------------------------------+---------------+----------+
|   329 |           4 | String   |                                     | PowerCycle                   |             0 |          |
+-------+-------------+----------+-------------------------------------+------------------------------+---------------+----------+
|   330 |           5 | String   |                                     | ReplaceComponent             |             0 |          |
+-------+-------------+----------+-------------------------------------+------------------------------+---------------+----------+
|   331 |           6 | String   |                                     | Reset                        |             0 |          |
+-------+-------------+----------+-------------------------------------+------------------------------+---------------+----------+
|   332 |           7 | String   |                                     | ResetToDefaults              |             0 |          |
+-------+-------------+----------+-------------------------------------+------------------------------+---------------+----------+
|   333 |           0 | String   |                                     | Boolean                      |             0 |          |
+-------+-------------+----------+-------------------------------------+------------------------------+---------------+----------+
|   334 |           1 | String   |                                     | Number                       |             0 |          |
+-------+-------------+----------+-------------------------------------+------------------------------+---------------+----------+
|   335 |           2 | String   |                                     | NumberArray                  |             0 |          |
+-------+-------------+----------+-------------------------------------+------------------------------+---------------+----------+
|   336 |           3 | String   |                                     | Object                       |             0 |          |
+-------+-------------+----------+-------------------------------------+------------------------------+---------------+----------+
|   337 |           4 | String   |                                     | ObjectArray                  |             0 |          |
+-------+-------------+----------+-------------------------------------+------------------------------+---------------+----------+
|   338 |           5 | String   |                                     | String                       |             0 |          |
+-------+-------------+----------+-------------------------------------+------------------------------+---------------+----------+
|   339 |           6 | String   |                                     | StringArray                  |             0 |          |
+-------+-------------+----------+-------------------------------------+------------------------------+---------------+----------+
Total Entries: 340
Fixed size consumed (bytes): 3412 (0xd54)
Field string size consumed (bytes): 3461 (0xd85)
Total size (bytes): 6873 (0x1ad9)
Version: 0XF122F000
Signature: 0xae451908
