+-------+-------------+----------+--------------------------------+------------------------+---------------+----------+
|   Row |   Sequence# | Format   | Flags                          | Field String           |   Child Count | Offset   |
+=======+=============+==========+================================+========================+===============+==========+
|     0 |           0 | Set      |                                | MediaController        |            14 | 1        |
+-------+-------------+----------+--------------------------------+------------------------+---------------+----------+
|     1 |           0 | Set      | Nullable=False,                | Actions                |             2 | 15       |
+-------+-------------+----------+--------------------------------+------------------------+---------------+----------+
|     2 |           1 | String   | Nullable=True,Permission=Read  | Description            |             0 |          |
+-------+-------------+----------+--------------------------------+------------------------+---------------+----------+
|     3 |           2 | String   | Nullable=False,Permission=Read | Id                     |             0 |          |
+-------+-------------+----------+--------------------------------+------------------------+---------------+----------+
|     4 |           3 | Set      | Nullable=False,                | Links                  |             3 | 17       |
+-------+-------------+----------+--------------------------------+------------------------+---------------+----------+
|     5 |           4 | String   | Nullable=True,Permission=Read  | Manufacturer           |             0 |          |
+-------+-------------+----------+--------------------------------+------------------------+---------------+----------+
|     6 |           5 | Enum     | Nullable=True,Permission=Read  | MediaControllerType    |             1 | 20       |
+-------+-------------+----------+--------------------------------+------------------------+---------------+----------+
|     7 |           6 | String   | Nullable=True,Permission=Read  | Model                  |             0 |          |
+-------+-------------+----------+--------------------------------+------------------------+---------------+----------+
|     8 |           7 | String   | Nullable=False,Permission=Read | Name                   |             0 |          |
+-------+-------------+----------+--------------------------------+------------------------+---------------+----------+
|     9 |           8 | Set      | Nullable=False,                | Oem                    |             0 |          |
+-------+-------------+----------+--------------------------------+------------------------+---------------+----------+
|    10 |           9 | String   | Nullable=True,Permission=Read  | PartNumber             |             0 |          |
+-------+-------------+----------+--------------------------------+------------------------+---------------+----------+
|    11 |          10 | Set      | Nullable=False,Permission=Read | Ports                  |             0 |          |
+-------+-------------+----------+--------------------------------+------------------------+---------------+----------+
|    12 |          11 | String   | Nullable=True,Permission=Read  | SerialNumber           |             0 |          |
+-------+-------------+----------+--------------------------------+------------------------+---------------+----------+
|    13 |          12 | Set      | Nullable=False,                | Status                 |             5 | 21       |
+-------+-------------+----------+--------------------------------+------------------------+---------------+----------+
|    14 |          13 | String   | Nullable=True,Permission=Read  | UUID                   |             0 |          |
+-------+-------------+----------+--------------------------------+------------------------+---------------+----------+
|    15 |           0 | Set      | Nullable=False,                | Oem                    |             0 |          |
+-------+-------------+----------+--------------------------------+------------------------+---------------+----------+
|    16 |           1 | Set      |                                | #MediaController.Reset |             3 | 26       |
+-------+-------------+----------+--------------------------------+------------------------+---------------+----------+
|    17 |           0 | Array    | Nullable=True,Permission=Read  | Endpoints              |             1 | 29       |
+-------+-------------+----------+--------------------------------+------------------------+---------------+----------+
|    18 |           1 | Array    | Nullable=True,Permission=Read  | MemoryDomains          |             1 | 29       |
+-------+-------------+----------+--------------------------------+------------------------+---------------+----------+
|    19 |           2 | Set      | Nullable=False,                | Oem                    |             0 |          |
+-------+-------------+----------+--------------------------------+------------------------+---------------+----------+
|    20 |           0 | String   |                                | Memory                 |             0 |          |
+-------+-------------+----------+--------------------------------+------------------------+---------------+----------+
|    21 |           0 | Array    | Nullable=True,                 | Conditions             |             1 | 30       |
+-------+-------------+----------+--------------------------------+------------------------+---------------+----------+
|    22 |           1 | Enum     | Nullable=True,Permission=Read  | Health                 |             3 | 38       |
+-------+-------------+----------+--------------------------------+------------------------+---------------+----------+
|    23 |           2 | Enum     | Nullable=True,Permission=Read  | HealthRollup           |             3 | 38       |
+-------+-------------+----------+--------------------------------+------------------------+---------------+----------+
|    24 |           3 | Set      | Nullable=False,                | Oem                    |             0 |          |
+-------+-------------+----------+--------------------------------+------------------------+---------------+----------+
|    25 |           4 | Enum     | Nullable=True,Permission=Read  | State                  |            12 | 41       |
+-------+-------------+----------+--------------------------------+------------------------+---------------+----------+
|    26 |           0 | String   | Nullable=False,Permission=Read | target                 |             0 |          |
+-------+-------------+----------+--------------------------------+------------------------+---------------+----------+
|    27 |           1 | String   | Nullable=False,Permission=Read | title                  |             0 |          |
+-------+-------------+----------+--------------------------------+------------------------+---------------+----------+
|    28 |           2 | Enum     | Nullable=True,                 | ResetType              |             9 | 53       |
+-------+-------------+----------+--------------------------------+------------------------+---------------+----------+
|    29 |           0 | Set      |                                |                        |             0 |          |
+-------+-------------+----------+--------------------------------+------------------------+---------------+----------+
|    30 |           0 | Set      |                                |                        |             7 | 31       |
+-------+-------------+----------+--------------------------------+------------------------+---------------+----------+
|    31 |           0 | Set      | Nullable=False,Permission=Read | LogEntry               |             0 |          |
+-------+-------------+----------+--------------------------------+------------------------+---------------+----------+
|    32 |           1 | String   | Nullable=False,Permission=Read | Message                |             0 |          |
+-------+-------------+----------+--------------------------------+------------------------+---------------+----------+
|    33 |           2 | Array    | Nullable=False,Permission=Read | MessageArgs            |             1 | 62       |
+-------+-------------+----------+--------------------------------+------------------------+---------------+----------+
|    34 |           3 | String   | Nullable=False,Permission=Read | MessageId              |             0 |          |
+-------+-------------+----------+--------------------------------+------------------------+---------------+----------+
|    35 |           4 | Set      | Nullable=False,Permission=Read | OriginOfCondition      |             0 |          |
+-------+-------------+----------+--------------------------------+------------------------+---------------+----------+
|    36 |           5 | Enum     | Nullable=False,Permission=Read | Severity               |             3 | 38       |
+-------+-------------+----------+--------------------------------+------------------------+---------------+----------+
|    37 |           6 | String   | Nullable=False,Permission=Read | Timestamp              |             0 |          |
+-------+-------------+----------+--------------------------------+------------------------+---------------+----------+
|    38 |           0 | String   |                                | Critical               |             0 |          |
+-------+-------------+----------+--------------------------------+------------------------+---------------+----------+
|    39 |           1 | String   |                                | OK                     |             0 |          |
+-------+-------------+----------+--------------------------------+------------------------+---------------+----------+
|    40 |           2 | String   |                                | Warning                |             0 |          |
+-------+-------------+----------+--------------------------------+------------------------+---------------+----------+
|    41 |           0 | String   |                                | Absent                 |             0 |          |
+-------+-------------+----------+--------------------------------+------------------------+---------------+----------+
|    42 |           1 | String   |                                | Disabled               |             0 |          |
+-------+-------------+----------+--------------------------------+------------------------+---------------+----------+
|    43 |           2 | String   |                                | Enabled                |             0 |          |
+-------+-------------+----------+--------------------------------+------------------------+---------------+----------+
|    44 |           3 | String   |                                | InTest                 |             0 |          |
+-------+-------------+----------+--------------------------------+------------------------+---------------+----------+
|    45 |           4 | String   |                                | StandbyOffline         |             0 |          |
+-------+-------------+----------+--------------------------------+------------------------+---------------+----------+
|    46 |           5 | String   |                                | StandbySpare           |             0 |          |
+-------+-------------+----------+--------------------------------+------------------------+---------------+----------+
|    47 |           6 | String   |                                | Starting               |             0 |          |
+-------+-------------+----------+--------------------------------+------------------------+---------------+----------+
|    48 |           7 | String   |                                | UnavailableOffline     |             0 |          |
+-------+-------------+----------+--------------------------------+------------------------+---------------+----------+
|    49 |           8 | String   |                                | Deferring              |             0 |          |
+-------+-------------+----------+--------------------------------+------------------------+---------------+----------+
|    50 |           9 | String   |                                | Quiesced               |             0 |          |
+-------+-------------+----------+--------------------------------+------------------------+---------------+----------+
|    51 |          10 | String   |                                | Updating               |             0 |          |
+-------+-------------+----------+--------------------------------+------------------------+---------------+----------+
|    52 |          11 | String   |                                | Qualified              |             0 |          |
+-------+-------------+----------+--------------------------------+------------------------+---------------+----------+
|    53 |           0 | String   |                                | ForceOff               |             0 |          |
+-------+-------------+----------+--------------------------------+------------------------+---------------+----------+
|    54 |           1 | String   |                                | ForceOn                |             0 |          |
+-------+-------------+----------+--------------------------------+------------------------+---------------+----------+
|    55 |           2 | String   |                                | ForceRestart           |             0 |          |
+-------+-------------+----------+--------------------------------+------------------------+---------------+----------+
|    56 |           3 | String   |                                | GracefulRestart        |             0 |          |
+-------+-------------+----------+--------------------------------+------------------------+---------------+----------+
|    57 |           4 | String   |                                | GracefulShutdown       |             0 |          |
+-------+-------------+----------+--------------------------------+------------------------+---------------+----------+
|    58 |           5 | String   |                                | Nmi                    |             0 |          |
+-------+-------------+----------+--------------------------------+------------------------+---------------+----------+
|    59 |           6 | String   |                                | On                     |             0 |          |
+-------+-------------+----------+--------------------------------+------------------------+---------------+----------+
|    60 |           7 | String   |                                | PushPowerButton        |             0 |          |
+-------+-------------+----------+--------------------------------+------------------------+---------------+----------+
|    61 |           8 | String   |                                | PowerCycle             |             0 |          |
+-------+-------------+----------+--------------------------------+------------------------+---------------+----------+
|    62 |           0 | String   |                                |                        |             0 |          |
+-------+-------------+----------+--------------------------------+------------------------+---------------+----------+
Total Entries: 63
Fixed size consumed (bytes): 642 (0x282)
Field string size consumed (bytes): 593 (0x251)
Total size (bytes): 1235 (0x4d3)
Version: 0XF1F1F000
Signature: 0x4b522183
