+-------+-------------+----------+--------------------------------+----------------------------+---------------+----------+
|   Row |   Sequence# | Format   | Flags                          | Field String               |   Child Count | Offset   |
+=======+=============+==========+================================+============================+===============+==========+
|     0 |           0 | Set      |                                | MediaController            |            15 | 1        |
+-------+-------------+----------+--------------------------------+----------------------------+---------------+----------+
|     1 |           0 | Set      | Nullable=False,                | Actions                    |             2 | 16       |
+-------+-------------+----------+--------------------------------+----------------------------+---------------+----------+
|     2 |           1 | String   | Nullable=True,Permission=Read  | Description                |             0 |          |
+-------+-------------+----------+--------------------------------+----------------------------+---------------+----------+
|     3 |           2 | String   | Nullable=False,Permission=Read | Id                         |             0 |          |
+-------+-------------+----------+--------------------------------+----------------------------+---------------+----------+
|     4 |           3 | Set      | Nullable=False,                | Links                      |             3 | 18       |
+-------+-------------+----------+--------------------------------+----------------------------+---------------+----------+
|     5 |           4 | String   | Nullable=True,Permission=Read  | Manufacturer               |             0 |          |
+-------+-------------+----------+--------------------------------+----------------------------+---------------+----------+
|     6 |           5 | Enum     | Nullable=True,Permission=Read  | MediaControllerType        |             1 | 21       |
+-------+-------------+----------+--------------------------------+----------------------------+---------------+----------+
|     7 |           6 | String   | Nullable=True,Permission=Read  | Model                      |             0 |          |
+-------+-------------+----------+--------------------------------+----------------------------+---------------+----------+
|     8 |           7 | String   | Nullable=False,Permission=Read | Name                       |             0 |          |
+-------+-------------+----------+--------------------------------+----------------------------+---------------+----------+
|     9 |           8 | Set      | Nullable=False,                | Oem                        |             0 |          |
+-------+-------------+----------+--------------------------------+----------------------------+---------------+----------+
|    10 |           9 | String   | Nullable=True,Permission=Read  | PartNumber                 |             0 |          |
+-------+-------------+----------+--------------------------------+----------------------------+---------------+----------+
|    11 |          10 | Set      | Nullable=False,Permission=Read | Ports                      |             0 |          |
+-------+-------------+----------+--------------------------------+----------------------------+---------------+----------+
|    12 |          11 | String   | Nullable=True,Permission=Read  | SerialNumber               |             0 |          |
+-------+-------------+----------+--------------------------------+----------------------------+---------------+----------+
|    13 |          12 | Set      | Nullable=False,                | Status                     |             5 | 22       |
+-------+-------------+----------+--------------------------------+----------------------------+---------------+----------+
|    14 |          13 | String   | Nullable=True,Permission=Read  | UUID                       |             0 |          |
+-------+-------------+----------+--------------------------------+----------------------------+---------------+----------+
|    15 |          14 | Set      | Nullable=False,Permission=Read | EnvironmentMetrics         |             0 |          |
+-------+-------------+----------+--------------------------------+----------------------------+---------------+----------+
|    16 |           0 | Set      | Nullable=False,                | Oem                        |             0 |          |
+-------+-------------+----------+--------------------------------+----------------------------+---------------+----------+
|    17 |           1 | Set      |                                | #MediaController.Reset     |             3 | 27       |
+-------+-------------+----------+--------------------------------+----------------------------+---------------+----------+
|    18 |           0 | Array    | Nullable=True,Permission=Read  | Endpoints                  |             1 | 30       |
+-------+-------------+----------+--------------------------------+----------------------------+---------------+----------+
|    19 |           1 | Array    | Nullable=True,Permission=Read  | MemoryDomains              |             1 | 30       |
+-------+-------------+----------+--------------------------------+----------------------------+---------------+----------+
|    20 |           2 | Set      | Nullable=False,                | Oem                        |             0 |          |
+-------+-------------+----------+--------------------------------+----------------------------+---------------+----------+
|    21 |           0 | String   |                                | Memory                     |             0 |          |
+-------+-------------+----------+--------------------------------+----------------------------+---------------+----------+
|    22 |           0 | Enum     | Nullable=True,Permission=Read  | Health                     |             3 | 31       |
+-------+-------------+----------+--------------------------------+----------------------------+---------------+----------+
|    23 |           1 | Enum     | Nullable=True,Permission=Read  | HealthRollup               |             3 | 31       |
+-------+-------------+----------+--------------------------------+----------------------------+---------------+----------+
|    24 |           2 | Set      | Nullable=False,                | Oem                        |             0 |          |
+-------+-------------+----------+--------------------------------+----------------------------+---------------+----------+
|    25 |           3 | Enum     | Nullable=True,Permission=Read  | State                      |            13 | 34       |
+-------+-------------+----------+--------------------------------+----------------------------+---------------+----------+
|    26 |           4 | Array    | Nullable=True,                 | Conditions                 |             1 | 47       |
+-------+-------------+----------+--------------------------------+----------------------------+---------------+----------+
|    27 |           0 | String   | Nullable=False,Permission=Read | target                     |             0 |          |
+-------+-------------+----------+--------------------------------+----------------------------+---------------+----------+
|    28 |           1 | String   | Nullable=False,Permission=Read | title                      |             0 |          |
+-------+-------------+----------+--------------------------------+----------------------------+---------------+----------+
|    29 |           2 | Enum     | Nullable=True,                 | ResetType                  |            12 | 59       |
+-------+-------------+----------+--------------------------------+----------------------------+---------------+----------+
|    30 |           0 | Set      |                                |                            |             0 |          |
+-------+-------------+----------+--------------------------------+----------------------------+---------------+----------+
|    31 |           0 | String   |                                | Critical                   |             0 |          |
+-------+-------------+----------+--------------------------------+----------------------------+---------------+----------+
|    32 |           1 | String   |                                | OK                         |             0 |          |
+-------+-------------+----------+--------------------------------+----------------------------+---------------+----------+
|    33 |           2 | String   |                                | Warning                    |             0 |          |
+-------+-------------+----------+--------------------------------+----------------------------+---------------+----------+
|    34 |           0 | String   |                                | Absent                     |             0 |          |
+-------+-------------+----------+--------------------------------+----------------------------+---------------+----------+
|    35 |           1 | String   |                                | Disabled                   |             0 |          |
+-------+-------------+----------+--------------------------------+----------------------------+---------------+----------+
|    36 |           2 | String   |                                | Enabled                    |             0 |          |
+-------+-------------+----------+--------------------------------+----------------------------+---------------+----------+
|    37 |           3 | String   |                                | InTest                     |             0 |          |
+-------+-------------+----------+--------------------------------+----------------------------+---------------+----------+
|    38 |           4 | String   |                                | StandbyOffline             |             0 |          |
+-------+-------------+----------+--------------------------------+----------------------------+---------------+----------+
|    39 |           5 | String   |                                | StandbySpare               |             0 |          |
+-------+-------------+----------+--------------------------------+----------------------------+---------------+----------+
|    40 |           6 | String   |                                | Starting                   |             0 |          |
+-------+-------------+----------+--------------------------------+----------------------------+---------------+----------+
|    41 |           7 | String   |                                | Degraded                   |             0 |          |
+-------+-------------+----------+--------------------------------+----------------------------+---------------+----------+
|    42 |           8 | String   |                                | UnavailableOffline         |             0 |          |
+-------+-------------+----------+--------------------------------+----------------------------+---------------+----------+
|    43 |           9 | String   |                                | Deferring                  |             0 |          |
+-------+-------------+----------+--------------------------------+----------------------------+---------------+----------+
|    44 |          10 | String   |                                | Quiesced                   |             0 |          |
+-------+-------------+----------+--------------------------------+----------------------------+---------------+----------+
|    45 |          11 | String   |                                | Updating                   |             0 |          |
+-------+-------------+----------+--------------------------------+----------------------------+---------------+----------+
|    46 |          12 | String   |                                | Qualified                  |             0 |          |
+-------+-------------+----------+--------------------------------+----------------------------+---------------+----------+
|    47 |           0 | Set      |                                |                            |            11 | 48       |
+-------+-------------+----------+--------------------------------+----------------------------+---------------+----------+
|    48 |           0 | Set      | Nullable=False,Permission=Read | LogEntry                   |             0 |          |
+-------+-------------+----------+--------------------------------+----------------------------+---------------+----------+
|    49 |           1 | String   | Nullable=False,Permission=Read | Message                    |             0 |          |
+-------+-------------+----------+--------------------------------+----------------------------+---------------+----------+
|    50 |           2 | Array    | Nullable=False,Permission=Read | MessageArgs                |             1 | 71       |
+-------+-------------+----------+--------------------------------+----------------------------+---------------+----------+
|    51 |           3 | String   | Nullable=False,Permission=Read | MessageId                  |             0 |          |
+-------+-------------+----------+--------------------------------+----------------------------+---------------+----------+
|    52 |           4 | Set      | Nullable=False,Permission=Read | OriginOfCondition          |             0 |          |
+-------+-------------+----------+--------------------------------+----------------------------+---------------+----------+
|    53 |           5 | Enum     | Nullable=False,Permission=Read | Severity                   |             3 | 31       |
+-------+-------------+----------+--------------------------------+----------------------------+---------------+----------+
|    54 |           6 | String   | Nullable=False,Permission=Read | Timestamp                  |             0 |          |
+-------+-------------+----------+--------------------------------+----------------------------+---------------+----------+
|    55 |           7 | String   | Nullable=False,Permission=Read | Resolution                 |             0 |          |
+-------+-------------+----------+--------------------------------+----------------------------+---------------+----------+
|    56 |           8 | Array    | Nullable=False,                | ResolutionSteps            |             1 | 72       |
+-------+-------------+----------+--------------------------------+----------------------------+---------------+----------+
|    57 |           9 | String   | Nullable=True,Permission=Read  | UserAuthenticationSource   |             0 |          |
+-------+-------------+----------+--------------------------------+----------------------------+---------------+----------+
|    58 |          10 | String   | Nullable=True,Permission=Read  | Username                   |             0 |          |
+-------+-------------+----------+--------------------------------+----------------------------+---------------+----------+
|    59 |           0 | String   |                                | ForceOff                   |             0 |          |
+-------+-------------+----------+--------------------------------+----------------------------+---------------+----------+
|    60 |           1 | String   |                                | ForceOn                    |             0 |          |
+-------+-------------+----------+--------------------------------+----------------------------+---------------+----------+
|    61 |           2 | String   |                                | ForceRestart               |             0 |          |
+-------+-------------+----------+--------------------------------+----------------------------+---------------+----------+
|    62 |           3 | String   |                                | GracefulRestart            |             0 |          |
+-------+-------------+----------+--------------------------------+----------------------------+---------------+----------+
|    63 |           4 | String   |                                | GracefulShutdown           |             0 |          |
+-------+-------------+----------+--------------------------------+----------------------------+---------------+----------+
|    64 |           5 | String   |                                | Nmi                        |             0 |          |
+-------+-------------+----------+--------------------------------+----------------------------+---------------+----------+
|    65 |           6 | String   |                                | On                         |             0 |          |
+-------+-------------+----------+--------------------------------+----------------------------+---------------+----------+
|    66 |           7 | String   |                                | PushPowerButton            |             0 |          |
+-------+-------------+----------+--------------------------------+----------------------------+---------------+----------+
|    67 |           8 | String   |                                | Pause                      |             0 |          |
+-------+-------------+----------+--------------------------------+----------------------------+---------------+----------+
|    68 |           9 | String   |                                | Resume                     |             0 |          |
+-------+-------------+----------+--------------------------------+----------------------------+---------------+----------+
|    69 |          10 | String   |                                | Suspend                    |             0 |          |
+-------+-------------+----------+--------------------------------+----------------------------+---------------+----------+
|    70 |          11 | String   |                                | PowerCycle                 |             0 |          |
+-------+-------------+----------+--------------------------------+----------------------------+---------------+----------+
|    71 |           0 | String   |                                |                            |             0 |          |
+-------+-------------+----------+--------------------------------+----------------------------+---------------+----------+
|    72 |           0 | Set      |                                |                            |             8 | 73       |
+-------+-------------+----------+--------------------------------+----------------------------+---------------+----------+
|    73 |           0 | Array    | Nullable=True,                 | ActionParameters           |             1 | 81       |
+-------+-------------+----------+--------------------------------+----------------------------+---------------+----------+
|    74 |           1 | String   | Nullable=False,Permission=Read | ActionURI                  |             0 |          |
+-------+-------------+----------+--------------------------------+----------------------------+---------------+----------+
|    75 |           2 | Set      | Nullable=False,                | Oem                        |             0 |          |
+-------+-------------+----------+--------------------------------+----------------------------+---------------+----------+
|    76 |           3 | Integer  | Nullable=True,Permission=Read  | Priority                   |             0 |          |
+-------+-------------+----------+--------------------------------+----------------------------+---------------+----------+
|    77 |           4 | Enum     | Nullable=True,Permission=Read  | ResolutionType             |             8 | 94       |
+-------+-------------+----------+--------------------------------+----------------------------+---------------+----------+
|    78 |           5 | Integer  | Nullable=True,Permission=Read  | RetryCount                 |             0 |          |
+-------+-------------+----------+--------------------------------+----------------------------+---------------+----------+
|    79 |           6 | Integer  | Nullable=True,Permission=Read  | RetryIntervalSeconds       |             0 |          |
+-------+-------------+----------+--------------------------------+----------------------------+---------------+----------+
|    80 |           7 | String   | Nullable=True,Permission=Read  | TargetComponentURI         |             0 |          |
+-------+-------------+----------+--------------------------------+----------------------------+---------------+----------+
|    81 |           0 | Set      |                                |                            |            12 | 82       |
+-------+-------------+----------+--------------------------------+----------------------------+---------------+----------+
|    82 |           0 | Array    | Nullable=True,Permission=Read  | AllowableValues            |             1 | 71       |
+-------+-------------+----------+--------------------------------+----------------------------+---------------+----------+
|    83 |           1 | Enum     | Nullable=True,Permission=Read  | DataType                   |             7 | 102      |
+-------+-------------+----------+--------------------------------+----------------------------+---------------+----------+
|    84 |           2 | String   | Nullable=False,Permission=Read | Name                       |             0 |          |
+-------+-------------+----------+--------------------------------+----------------------------+---------------+----------+
|    85 |           3 | String   | Nullable=True,Permission=Read  | ObjectDataType             |             0 |          |
+-------+-------------+----------+--------------------------------+----------------------------+---------------+----------+
|    86 |           4 | Boolean  | Nullable=False,Permission=Read | Required                   |             0 |          |
+-------+-------------+----------+--------------------------------+----------------------------+---------------+----------+
|    87 |           5 | Real     | Nullable=True,Permission=Read  | MaximumValue               |             0 |          |
+-------+-------------+----------+--------------------------------+----------------------------+---------------+----------+
|    88 |           6 | Real     | Nullable=True,Permission=Read  | MinimumValue               |             0 |          |
+-------+-------------+----------+--------------------------------+----------------------------+---------------+----------+
|    89 |           7 | Integer  | Nullable=True,Permission=Read  | ArraySizeMaximum           |             0 |          |
+-------+-------------+----------+--------------------------------+----------------------------+---------------+----------+
|    90 |           8 | Integer  | Nullable=True,Permission=Read  | ArraySizeMinimum           |             0 |          |
+-------+-------------+----------+--------------------------------+----------------------------+---------------+----------+
|    91 |           9 | Array    | Nullable=True,Permission=Read  | AllowableNumbers           |             1 | 71       |
+-------+-------------+----------+--------------------------------+----------------------------+---------------+----------+
|    92 |          10 | String   | Nullable=True,Permission=Read  | AllowablePattern           |             0 |          |
+-------+-------------+----------+--------------------------------+----------------------------+---------------+----------+
|    93 |          11 | Array    | Nullable=True,Permission=Read  | AllowableValueDescriptions |             1 | 71       |
+-------+-------------+----------+--------------------------------+----------------------------+---------------+----------+
|    94 |           0 | String   |                                | CollectDiagnosticData      |             0 |          |
+-------+-------------+----------+--------------------------------+----------------------------+---------------+----------+
|    95 |           1 | String   |                                | ContactVendor              |             0 |          |
+-------+-------------+----------+--------------------------------+----------------------------+---------------+----------+
|    96 |           2 | String   |                                | FirmwareUpdate             |             0 |          |
+-------+-------------+----------+--------------------------------+----------------------------+---------------+----------+
|    97 |           3 | String   |                                | OEM                        |             0 |          |
+-------+-------------+----------+--------------------------------+----------------------------+---------------+----------+
|    98 |           4 | String   |                                | PowerCycle                 |             0 |          |
+-------+-------------+----------+--------------------------------+----------------------------+---------------+----------+
|    99 |           5 | String   |                                | ReplaceComponent           |             0 |          |
+-------+-------------+----------+--------------------------------+----------------------------+---------------+----------+
|   100 |           6 | String   |                                | Reset                      |             0 |          |
+-------+-------------+----------+--------------------------------+----------------------------+---------------+----------+
|   101 |           7 | String   |                                | ResetToDefaults            |             0 |          |
+-------+-------------+----------+--------------------------------+----------------------------+---------------+----------+
|   102 |           0 | String   |                                | Boolean                    |             0 |          |
+-------+-------------+----------+--------------------------------+----------------------------+---------------+----------+
|   103 |           1 | String   |                                | Number                     |             0 |          |
+-------+-------------+----------+--------------------------------+----------------------------+---------------+----------+
|   104 |           2 | String   |                                | NumberArray                |             0 |          |
+-------+-------------+----------+--------------------------------+----------------------------+---------------+----------+
|   105 |           3 | String   |                                | Object                     |             0 |          |
+-------+-------------+----------+--------------------------------+----------------------------+---------------+----------+
|   106 |           4 | String   |                                | ObjectArray                |             0 |          |
+-------+-------------+----------+--------------------------------+----------------------------+---------------+----------+
|   107 |           5 | String   |                                | String                     |             0 |          |
+-------+-------------+----------+--------------------------------+----------------------------+---------------+----------+
|   108 |           6 | String   |                                | StringArray                |             0 |          |
+-------+-------------+----------+--------------------------------+----------------------------+---------------+----------+
Total Entries: 109
Fixed size consumed (bytes): 1102 (0x44e)
Field string size consumed (bytes): 1134 (0x46e)
Total size (bytes): 2236 (0x8bc)
Version: 0XF1F3F200
Signature: 0xe65891ed
