+-------+-------------+----------+--------------------------------+------------------------+---------------+----------+
|   Row |   Sequence# | Format   | Flags                          | Field String           |   Child Count | Offset   |
+=======+=============+==========+================================+========================+===============+==========+
|     0 |           0 | Set      |                                | MetricReport           |            10 | 1        |
+-------+-------------+----------+--------------------------------+------------------------+---------------+----------+
|     1 |           0 | Set      | Nullable=False,                | Actions                |             1 | 11       |
+-------+-------------+----------+--------------------------------+------------------------+---------------+----------+
|     2 |           1 | String   | Nullable=True,Permission=Read  | Description            |             0 |          |
+-------+-------------+----------+--------------------------------+------------------------+---------------+----------+
|     3 |           2 | String   | Nullable=False,Permission=Read | Id                     |             0 |          |
+-------+-------------+----------+--------------------------------+------------------------+---------------+----------+
|     4 |           3 | Set      | Nullable=False,Permission=Read | MetricReportDefinition |             0 |          |
+-------+-------------+----------+--------------------------------+------------------------+---------------+----------+
|     5 |           4 | Array    | Nullable=False,                | MetricValues           |             1 | 12       |
+-------+-------------+----------+--------------------------------+------------------------+---------------+----------+
|     6 |           5 | String   | Nullable=False,Permission=Read | Name                   |             0 |          |
+-------+-------------+----------+--------------------------------+------------------------+---------------+----------+
|     7 |           6 | Set      | Nullable=False,                | Oem                    |             0 |          |
+-------+-------------+----------+--------------------------------+------------------------+---------------+----------+
|     8 |           7 | String   | Nullable=False,Permission=Read | ReportSequence         |             0 |          |
+-------+-------------+----------+--------------------------------+------------------------+---------------+----------+
|     9 |           8 | String   | Nullable=True,Permission=Read  | Timestamp              |             0 |          |
+-------+-------------+----------+--------------------------------+------------------------+---------------+----------+
|    10 |           9 | String   | Nullable=False,Permission=Read | Context                |             0 |          |
+-------+-------------+----------+--------------------------------+------------------------+---------------+----------+
|    11 |           0 | Set      | Nullable=False,                | Oem                    |             0 |          |
+-------+-------------+----------+--------------------------------+------------------------+---------------+----------+
|    12 |           0 | Set      |                                |                        |             6 | 13       |
+-------+-------------+----------+--------------------------------+------------------------+---------------+----------+
|    13 |           0 | Set      | Nullable=False,Permission=Read | MetricDefinition       |             0 |          |
+-------+-------------+----------+--------------------------------+------------------------+---------------+----------+
|    14 |           1 | String   | Nullable=True,Permission=Read  | MetricId               |             0 |          |
+-------+-------------+----------+--------------------------------+------------------------+---------------+----------+
|    15 |           2 | String   | Nullable=True,Permission=Read  | MetricProperty         |             0 |          |
+-------+-------------+----------+--------------------------------+------------------------+---------------+----------+
|    16 |           3 | String   | Nullable=True,Permission=Read  | MetricValue            |             0 |          |
+-------+-------------+----------+--------------------------------+------------------------+---------------+----------+
|    17 |           4 | String   | Nullable=True,Permission=Read  | Timestamp              |             0 |          |
+-------+-------------+----------+--------------------------------+------------------------+---------------+----------+
|    18 |           5 | Set      | Nullable=False,                | Oem                    |             0 |          |
+-------+-------------+----------+--------------------------------+------------------------+---------------+----------+
Total Entries: 19
Fixed size consumed (bytes): 202 (0xca)
Field string size consumed (bytes): 193 (0xc1)
Total size (bytes): 395 (0x18b)
Version: 0XF1F4F200
Signature: 0xeca07fda
