+-------+-------------+----------+--------------------------------+------------------------------+---------------+----------+
|   Row |   Sequence# | Format   | Flags                          | Field String                 |   Child Count | Offset   |
+=======+=============+==========+================================+==============================+===============+==========+
|     0 |           0 | Set      |                                | NetworkDeviceFunctionMetrics |            21 | 1        |
+-------+-------------+----------+--------------------------------+------------------------------+---------------+----------+
|     1 |           0 | Set      | Nullable=False,                | Actions                      |             1 | 22       |
+-------+-------------+----------+--------------------------------+------------------------------+---------------+----------+
|     2 |           1 | String   | Nullable=True,Permission=Read  | Description                  |             0 |          |
+-------+-------------+----------+--------------------------------+------------------------------+---------------+----------+
|     3 |           2 | Set      | Nullable=False,                | Ethernet                     |             2 | 23       |
+-------+-------------+----------+--------------------------------+------------------------------+---------------+----------+
|     4 |           3 | String   | Nullable=False,Permission=Read | Id                           |             0 |          |
+-------+-------------+----------+--------------------------------+------------------------------+---------------+----------+
|     5 |           4 | String   | Nullable=False,Permission=Read | Name                         |             0 |          |
+-------+-------------+----------+--------------------------------+------------------------------+---------------+----------+
|     6 |           5 | Set      | Nullable=False,                | Oem                          |             0 |          |
+-------+-------------+----------+--------------------------------+------------------------------+---------------+----------+
|     7 |           6 | Real     | Nullable=True,Permission=Read  | RXAvgQueueDepthPercent       |             0 |          |
+-------+-------------+----------+--------------------------------+------------------------------+---------------+----------+
|     8 |           7 | Integer  | Nullable=True,Permission=Read  | RXBytes                      |             0 |          |
+-------+-------------+----------+--------------------------------+------------------------------+---------------+----------+
|     9 |           8 | Integer  | Nullable=True,Permission=Read  | RXFrames                     |             0 |          |
+-------+-------------+----------+--------------------------------+------------------------------+---------------+----------+
|    10 |           9 | Integer  | Nullable=True,Permission=Read  | RXMulticastFrames            |             0 |          |
+-------+-------------+----------+--------------------------------+------------------------------+---------------+----------+
|    11 |          10 | Boolean  | Nullable=True,Permission=Read  | RXQueuesEmpty                |             0 |          |
+-------+-------------+----------+--------------------------------+------------------------------+---------------+----------+
|    12 |          11 | Integer  | Nullable=True,Permission=Read  | RXQueuesFull                 |             0 |          |
+-------+-------------+----------+--------------------------------+------------------------------+---------------+----------+
|    13 |          12 | Integer  | Nullable=True,Permission=Read  | RXUnicastFrames              |             0 |          |
+-------+-------------+----------+--------------------------------+------------------------------+---------------+----------+
|    14 |          13 | Real     | Nullable=True,Permission=Read  | TXAvgQueueDepthPercent       |             0 |          |
+-------+-------------+----------+--------------------------------+------------------------------+---------------+----------+
|    15 |          14 | Integer  | Nullable=True,Permission=Read  | TXBytes                      |             0 |          |
+-------+-------------+----------+--------------------------------+------------------------------+---------------+----------+
|    16 |          15 | Integer  | Nullable=True,Permission=Read  | TXFrames                     |             0 |          |
+-------+-------------+----------+--------------------------------+------------------------------+---------------+----------+
|    17 |          16 | Integer  | Nullable=True,Permission=Read  | TXMulticastFrames            |             0 |          |
+-------+-------------+----------+--------------------------------+------------------------------+---------------+----------+
|    18 |          17 | Boolean  | Nullable=True,Permission=Read  | TXQueuesEmpty                |             0 |          |
+-------+-------------+----------+--------------------------------+------------------------------+---------------+----------+
|    19 |          18 | Integer  | Nullable=True,Permission=Read  | TXQueuesFull                 |             0 |          |
+-------+-------------+----------+--------------------------------+------------------------------+---------------+----------+
|    20 |          19 | Integer  | Nullable=True,Permission=Read  | TXUnicastFrames              |             0 |          |
+-------+-------------+----------+--------------------------------+------------------------------+---------------+----------+
|    21 |          20 | Set      | Nullable=False,                | FibreChannel                 |            15 | 25       |
+-------+-------------+----------+--------------------------------+------------------------------+---------------+----------+
|    22 |           0 | Set      | Nullable=False,                | Oem                          |             0 |          |
+-------+-------------+----------+--------------------------------+------------------------------+---------------+----------+
|    23 |           0 | Integer  | Nullable=True,Permission=Read  | NumOffloadedIPv4Conns        |             0 |          |
+-------+-------------+----------+--------------------------------+------------------------------+---------------+----------+
|    24 |           1 | Integer  | Nullable=True,Permission=Read  | NumOffloadedIPv6Conns        |             0 |          |
+-------+-------------+----------+--------------------------------+------------------------------+---------------+----------+
|    25 |           0 | Integer  | Nullable=True,Permission=Read  | PortLoginAccepts             |             0 |          |
+-------+-------------+----------+--------------------------------+------------------------------+---------------+----------+
|    26 |           1 | Integer  | Nullable=True,Permission=Read  | PortLoginRejects             |             0 |          |
+-------+-------------+----------+--------------------------------+------------------------------+---------------+----------+
|    27 |           2 | Integer  | Nullable=True,Permission=Read  | PortLoginRequests            |             0 |          |
+-------+-------------+----------+--------------------------------+------------------------------+---------------+----------+
|    28 |           3 | Integer  | Nullable=True,Permission=Read  | RXCongestionFPINs            |             0 |          |
+-------+-------------+----------+--------------------------------+------------------------------+---------------+----------+
|    29 |           4 | Integer  | Nullable=True,Permission=Read  | RXDeliveryFPINs              |             0 |          |
+-------+-------------+----------+--------------------------------+------------------------------+---------------+----------+
|    30 |           5 | Integer  | Nullable=True,Permission=Read  | RXExchanges                  |             0 |          |
+-------+-------------+----------+--------------------------------+------------------------------+---------------+----------+
|    31 |           6 | Integer  | Nullable=True,Permission=Read  | RXLinkIntegrityFPINs         |             0 |          |
+-------+-------------+----------+--------------------------------+------------------------------+---------------+----------+
|    32 |           7 | Integer  | Nullable=True,Permission=Read  | RXPeerCongestionFPINs        |             0 |          |
+-------+-------------+----------+--------------------------------+------------------------------+---------------+----------+
|    33 |           8 | Integer  | Nullable=True,Permission=Read  | RXSequences                  |             0 |          |
+-------+-------------+----------+--------------------------------+------------------------------+---------------+----------+
|    34 |           9 | Integer  | Nullable=True,Permission=Read  | TXCongestionFPINs            |             0 |          |
+-------+-------------+----------+--------------------------------+------------------------------+---------------+----------+
|    35 |          10 | Integer  | Nullable=True,Permission=Read  | TXDeliveryFPINs              |             0 |          |
+-------+-------------+----------+--------------------------------+------------------------------+---------------+----------+
|    36 |          11 | Integer  | Nullable=True,Permission=Read  | TXExchanges                  |             0 |          |
+-------+-------------+----------+--------------------------------+------------------------------+---------------+----------+
|    37 |          12 | Integer  | Nullable=True,Permission=Read  | TXLinkIntegrityFPINs         |             0 |          |
+-------+-------------+----------+--------------------------------+------------------------------+---------------+----------+
|    38 |          13 | Integer  | Nullable=True,Permission=Read  | TXPeerCongestionFPINs        |             0 |          |
+-------+-------------+----------+--------------------------------+------------------------------+---------------+----------+
|    39 |          14 | Integer  | Nullable=True,Permission=Read  | TXSequences                  |             0 |          |
+-------+-------------+----------+--------------------------------+------------------------------+---------------+----------+
Total Entries: 40
Fixed size consumed (bytes): 412 (0x19c)
Field string size consumed (bytes): 609 (0x261)
Total size (bytes): 1021 (0x3fd)
Version: 0XF1F1F000
Signature: 0x45f03a17
