+-------+-------------+----------+------------------------------------+------------------------------------+---------------+----------+
|   Row |   Sequence# | Format   | Flags                              | Field String                       |   Child Count | Offset   |
+=======+=============+==========+====================================+====================================+===============+==========+
|     0 |           0 | Set      |                                    | Sensor                             |            41 | 1        |
+-------+-------------+----------+------------------------------------+------------------------------------+---------------+----------+
|     1 |           0 | Real     | Nullable=True,Permission=Read      | Accuracy                           |             0 |          |
+-------+-------------+----------+------------------------------------+------------------------------------+---------------+----------+
|     2 |           1 | Set      | Nullable=False,                    | Actions                            |             2 | 40       |
+-------+-------------+----------+------------------------------------+------------------------------------+---------------+----------+
|     3 |           2 | Real     | Nullable=True,Permission=Read      | AdjustedMaxAllowableOperatingValue |             0 |          |
+-------+-------------+----------+------------------------------------+------------------------------------+---------------+----------+
|     4 |           3 | Real     | Nullable=True,Permission=Read      | AdjustedMinAllowableOperatingValue |             0 |          |
+-------+-------------+----------+------------------------------------+------------------------------------+---------------+----------+
|     5 |           4 | Real     | Nullable=True,Permission=Read      | ApparentVA                         |             0 |          |
+-------+-------------+----------+------------------------------------+------------------------------------+---------------+----------+
|     6 |           6 | String   | Nullable=True,Permission=Read      | Description                        |             0 |          |
+-------+-------------+----------+------------------------------------+------------------------------------+---------------+----------+
|     7 |           7 | Enum     | Nullable=True,Permission=Read      | ElectricalContext                  |            17 | 42       |
+-------+-------------+----------+------------------------------------+------------------------------------+---------------+----------+
|     8 |           8 | String   | Nullable=False,Permission=Read     | Id                                 |             0 |          |
+-------+-------------+----------+------------------------------------+------------------------------------+---------------+----------+
|     9 |           9 | Real     | Nullable=True,Permission=Read      | LoadPercent                        |             0 |          |
+-------+-------------+----------+------------------------------------+------------------------------------+---------------+----------+
|    10 |          10 | Set      | Nullable=False,                    | Location                           |            10 | 59       |
+-------+-------------+----------+------------------------------------+------------------------------------+---------------+----------+
|    11 |          11 | Real     | Nullable=True,Permission=Read      | MaxAllowableOperatingValue         |             0 |          |
+-------+-------------+----------+------------------------------------+------------------------------------+---------------+----------+
|    12 |          12 | Real     | Nullable=True,Permission=Read      | MinAllowableOperatingValue         |             0 |          |
+-------+-------------+----------+------------------------------------+------------------------------------+---------------+----------+
|    13 |          13 | String   | Nullable=False,Permission=Read     | Name                               |             0 |          |
+-------+-------------+----------+------------------------------------+------------------------------------+---------------+----------+
|    14 |          14 | Set      | Nullable=False,                    | Oem                                |             0 |          |
+-------+-------------+----------+------------------------------------+------------------------------------+---------------+----------+
|    15 |          15 | Real     | Nullable=True,Permission=Read      | PeakReading                        |             0 |          |
+-------+-------------+----------+------------------------------------+------------------------------------+---------------+----------+
|    16 |          16 | String   | Nullable=True,Permission=Read      | PeakReadingTime                    |             0 |          |
+-------+-------------+----------+------------------------------------+------------------------------------+---------------+----------+
|    17 |          17 | Enum     | Nullable=True,Permission=Read      | PhysicalContext                    |            43 | 69       |
+-------+-------------+----------+------------------------------------+------------------------------------+---------------+----------+
|    18 |          18 | Enum     | Nullable=True,Permission=Read      | PhysicalSubContext                 |             2 | 112      |
+-------+-------------+----------+------------------------------------+------------------------------------+---------------+----------+
|    19 |          19 | Real     | Nullable=True,Permission=Read      | PowerFactor                        |             0 |          |
+-------+-------------+----------+------------------------------------+------------------------------------+---------------+----------+
|    20 |          20 | Real     | Nullable=True,Permission=Read      | Precision                          |             0 |          |
+-------+-------------+----------+------------------------------------+------------------------------------+---------------+----------+
|    21 |          21 | Real     | Nullable=True,Permission=Read      | ReactiveVAR                        |             0 |          |
+-------+-------------+----------+------------------------------------+------------------------------------+---------------+----------+
|    22 |          22 | Real     | Nullable=True,Permission=Read      | Reading                            |             0 |          |
+-------+-------------+----------+------------------------------------+------------------------------------+---------------+----------+
|    23 |          23 | Real     | Nullable=True,Permission=Read      | ReadingRangeMax                    |             0 |          |
+-------+-------------+----------+------------------------------------+------------------------------------+---------------+----------+
|    24 |          24 | Real     | Nullable=True,Permission=Read      | ReadingRangeMin                    |             0 |          |
+-------+-------------+----------+------------------------------------+------------------------------------+---------------+----------+
|    25 |          25 | Enum     | Nullable=True,Permission=Read      | ReadingType                        |            16 | 114      |
+-------+-------------+----------+------------------------------------+------------------------------------+---------------+----------+
|    26 |          26 | String   | Nullable=True,Permission=Read      | ReadingUnits                       |             0 |          |
+-------+-------------+----------+------------------------------------+------------------------------------+---------------+----------+
|    27 |          27 | Real     | Nullable=True,Permission=Read      | SensingFrequency                   |             0 |          |
+-------+-------------+----------+------------------------------------+------------------------------------+---------------+----------+
|    28 |          28 | String   | Nullable=True,Permission=Read      | SensorResetTime                    |             0 |          |
+-------+-------------+----------+------------------------------------+------------------------------------+---------------+----------+
|    29 |          29 | Set      | Nullable=False,                    | Status                             |             5 | 130      |
+-------+-------------+----------+------------------------------------+------------------------------------+---------------+----------+
|    30 |          30 | Set      | Nullable=False,                    | Thresholds                         |            10 | 135      |
+-------+-------------+----------+------------------------------------+------------------------------------+---------------+----------+
|    31 |          31 | Enum     | Nullable=True,Permission=Read      | VoltageType                        |             2 | 145      |
+-------+-------------+----------+------------------------------------+------------------------------------+---------------+----------+
|    32 |          32 | Real     | Nullable=True,Permission=Read      | CrestFactor                        |             0 |          |
+-------+-------------+----------+------------------------------------+------------------------------------+---------------+----------+
|    33 |          33 | Enum     | Nullable=True,Permission=Read      | Implementation                     |             3 | 147      |
+-------+-------------+----------+------------------------------------+------------------------------------+---------------+----------+
|    34 |          34 | Real     | Nullable=True,Permission=Read      | LifetimeReading                    |             0 |          |
+-------+-------------+----------+------------------------------------+------------------------------------+---------------+----------+
|    35 |          35 | String   | Nullable=True,Permission=Read      | ReadingTime                        |             0 |          |
+-------+-------------+----------+------------------------------------+------------------------------------+---------------+----------+
|    36 |          36 | String   | Nullable=True,Permission=Read      | SensingInterval                    |             0 |          |
+-------+-------------+----------+------------------------------------+------------------------------------+---------------+----------+
|    37 |          37 | Real     | Nullable=True,Permission=Read      | THDPercent                         |             0 |          |
+-------+-------------+----------+------------------------------------+------------------------------------+---------------+----------+
|    38 |          39 | Array    | Nullable=True,Permission=Read      | RelatedItem                        |             1 | 150      |
+-------+-------------+----------+------------------------------------+------------------------------------+---------------+----------+
|    39 |          40 | Real     | Nullable=True,Permission=Read      | SpeedRPM                           |             0 |          |
+-------+-------------+----------+------------------------------------+------------------------------------+---------------+----------+
|    40 |           0 | Set      | Nullable=False,                    | Oem                                |             0 |          |
+-------+-------------+----------+------------------------------------+------------------------------------+---------------+----------+
|    41 |           1 | Set      |                                    | #Sensor.ResetMetrics               |             2 | 151      |
+-------+-------------+----------+------------------------------------+------------------------------------+---------------+----------+
|    42 |           0 | String   |                                    | Line1                              |             0 |          |
+-------+-------------+----------+------------------------------------+------------------------------------+---------------+----------+
|    43 |           1 | String   |                                    | Line1ToLine2                       |             0 |          |
+-------+-------------+----------+------------------------------------+------------------------------------+---------------+----------+
|    44 |           2 | String   |                                    | Line1ToNeutral                     |             0 |          |
+-------+-------------+----------+------------------------------------+------------------------------------+---------------+----------+
|    45 |           3 | String   |                                    | Line1ToNeutralAndL1L2              |             0 |          |
+-------+-------------+----------+------------------------------------+------------------------------------+---------------+----------+
|    46 |           4 | String   |                                    | Line2                              |             0 |          |
+-------+-------------+----------+------------------------------------+------------------------------------+---------------+----------+
|    47 |           5 | String   |                                    | Line2ToLine3                       |             0 |          |
+-------+-------------+----------+------------------------------------+------------------------------------+---------------+----------+
|    48 |           6 | String   |                                    | Line2ToNeutral                     |             0 |          |
+-------+-------------+----------+------------------------------------+------------------------------------+---------------+----------+
|    49 |           7 | String   |                                    | Line2ToNeutralAndL1L2              |             0 |          |
+-------+-------------+----------+------------------------------------+------------------------------------+---------------+----------+
|    50 |           8 | String   |                                    | Line2ToNeutralAndL2L3              |             0 |          |
+-------+-------------+----------+------------------------------------+------------------------------------+---------------+----------+
|    51 |           9 | String   |                                    | Line3                              |             0 |          |
+-------+-------------+----------+------------------------------------+------------------------------------+---------------+----------+
|    52 |          10 | String   |                                    | Line3ToLine1                       |             0 |          |
+-------+-------------+----------+------------------------------------+------------------------------------+---------------+----------+
|    53 |          11 | String   |                                    | Line3ToNeutral                     |             0 |          |
+-------+-------------+----------+------------------------------------+------------------------------------+---------------+----------+
|    54 |          12 | String   |                                    | Line3ToNeutralAndL3L1              |             0 |          |
+-------+-------------+----------+------------------------------------+------------------------------------+---------------+----------+
|    55 |          13 | String   |                                    | LineToLine                         |             0 |          |
+-------+-------------+----------+------------------------------------+------------------------------------+---------------+----------+
|    56 |          14 | String   |                                    | LineToNeutral                      |             0 |          |
+-------+-------------+----------+------------------------------------+------------------------------------+---------------+----------+
|    57 |          15 | String   |                                    | Neutral                            |             0 |          |
+-------+-------------+----------+------------------------------------+------------------------------------+---------------+----------+
|    58 |          16 | String   |                                    | Total                              |             0 |          |
+-------+-------------+----------+------------------------------------+------------------------------------+---------------+----------+
|    59 |           0 | String   | Nullable=True,Permission=Read      | Info                               |             0 |          |
+-------+-------------+----------+------------------------------------+------------------------------------+---------------+----------+
|    60 |           1 | String   | Nullable=True,Permission=Read      | InfoFormat                         |             0 |          |
+-------+-------------+----------+------------------------------------+------------------------------------+---------------+----------+
|    61 |           2 | Set      | Nullable=False,                    | Oem                                |             0 |          |
+-------+-------------+----------+------------------------------------+------------------------------------+---------------+----------+
|    62 |           3 | Set      | Nullable=False,                    | Placement                          |             5 | 153      |
+-------+-------------+----------+------------------------------------+------------------------------------+---------------+----------+
|    63 |           4 | Set      | Nullable=False,                    | PostalAddress                      |            33 | 158      |
+-------+-------------+----------+------------------------------------+------------------------------------+---------------+----------+
|    64 |           5 | Set      | Nullable=False,                    | PartLocation                       |             5 | 191      |
+-------+-------------+----------+------------------------------------+------------------------------------+---------------+----------+
|    65 |           6 | Real     | Nullable=True,Permission=ReadWrite | AltitudeMeters                     |             0 |          |
+-------+-------------+----------+------------------------------------+------------------------------------+---------------+----------+
|    66 |           7 | Real     | Nullable=True,Permission=ReadWrite | Latitude                           |             0 |          |
+-------+-------------+----------+------------------------------------+------------------------------------+---------------+----------+
|    67 |           8 | Real     | Nullable=True,Permission=ReadWrite | Longitude                          |             0 |          |
+-------+-------------+----------+------------------------------------+------------------------------------+---------------+----------+
|    68 |           9 | Array    | Nullable=True,                     | Contacts                           |             1 | 196      |
+-------+-------------+----------+------------------------------------+------------------------------------+---------------+----------+
|    69 |           0 | String   |                                    | Back                               |             0 |          |
+-------+-------------+----------+------------------------------------+------------------------------------+---------------+----------+
|    70 |           1 | String   |                                    | Backplane                          |             0 |          |
+-------+-------------+----------+------------------------------------+------------------------------------+---------------+----------+
|    71 |           2 | String   |                                    | ComputeBay                         |             0 |          |
+-------+-------------+----------+------------------------------------+------------------------------------+---------------+----------+
|    72 |           3 | String   |                                    | CPU                                |             0 |          |
+-------+-------------+----------+------------------------------------+------------------------------------+---------------+----------+
|    73 |           4 | String   |                                    | Exhaust                            |             0 |          |
+-------+-------------+----------+------------------------------------+------------------------------------+---------------+----------+
|    74 |           5 | String   |                                    | ExpansionBay                       |             0 |          |
+-------+-------------+----------+------------------------------------+------------------------------------+---------------+----------+
|    75 |           6 | String   |                                    | Front                              |             0 |          |
+-------+-------------+----------+------------------------------------+------------------------------------+---------------+----------+
|    76 |           7 | String   |                                    | GPU                                |             0 |          |
+-------+-------------+----------+------------------------------------+------------------------------------+---------------+----------+
|    77 |           8 | String   |                                    | Intake                             |             0 |          |
+-------+-------------+----------+------------------------------------+------------------------------------+---------------+----------+
|    78 |           9 | String   |                                    | Lower                              |             0 |          |
+-------+-------------+----------+------------------------------------+------------------------------------+---------------+----------+
|    79 |          10 | String   |                                    | NetworkBay                         |             0 |          |
+-------+-------------+----------+------------------------------------+------------------------------------+---------------+----------+
|    80 |          11 | String   |                                    | NetworkingDevice                   |             0 |          |
+-------+-------------+----------+------------------------------------+------------------------------------+---------------+----------+
|    81 |          12 | String   |                                    | PowerSupply                        |             0 |          |
+-------+-------------+----------+------------------------------------+------------------------------------+---------------+----------+
|    82 |          13 | String   |                                    | PowerSupplyBay                     |             0 |          |
+-------+-------------+----------+------------------------------------+------------------------------------+---------------+----------+
|    83 |          14 | String   |                                    | Room                               |             0 |          |
+-------+-------------+----------+------------------------------------+------------------------------------+---------------+----------+
|    84 |          15 | String   |                                    | StorageBay                         |             0 |          |
+-------+-------------+----------+------------------------------------+------------------------------------+---------------+----------+
|    85 |          16 | String   |                                    | StorageDevice                      |             0 |          |
+-------+-------------+----------+------------------------------------+------------------------------------+---------------+----------+
|    86 |          17 | String   |                                    | SystemBoard                        |             0 |          |
+-------+-------------+----------+------------------------------------+------------------------------------+---------------+----------+
|    87 |          18 | String   |                                    | Upper                              |             0 |          |
+-------+-------------+----------+------------------------------------+------------------------------------+---------------+----------+
|    88 |          19 | String   |                                    | VoltageRegulator                   |             0 |          |
+-------+-------------+----------+------------------------------------+------------------------------------+---------------+----------+
|    89 |          20 | String   |                                    | Memory                             |             0 |          |
+-------+-------------+----------+------------------------------------+------------------------------------+---------------+----------+
|    90 |          21 | String   |                                    | Chassis                            |             0 |          |
+-------+-------------+----------+------------------------------------+------------------------------------+---------------+----------+
|    91 |          22 | String   |                                    | Fan                                |             0 |          |
+-------+-------------+----------+------------------------------------+------------------------------------+---------------+----------+
|    92 |          23 | String   |                                    | ASIC                               |             0 |          |
+-------+-------------+----------+------------------------------------+------------------------------------+---------------+----------+
|    93 |          24 | String   |                                    | LiquidInlet                        |             0 |          |
+-------+-------------+----------+------------------------------------+------------------------------------+---------------+----------+
|    94 |          25 | String   |                                    | LiquidOutlet                       |             0 |          |
+-------+-------------+----------+------------------------------------+------------------------------------+---------------+----------+
|    95 |          26 | String   |                                    | Accelerator                        |             0 |          |
+-------+-------------+----------+------------------------------------+------------------------------------+---------------+----------+
|    96 |          27 | String   |                                    | ACInput                            |             0 |          |
+-------+-------------+----------+------------------------------------+------------------------------------+---------------+----------+
|    97 |          28 | String   |                                    | ACMaintenanceBypassInput           |             0 |          |
+-------+-------------+----------+------------------------------------+------------------------------------+---------------+----------+
|    98 |          29 | String   |                                    | ACOutput                           |             0 |          |
+-------+-------------+----------+------------------------------------+------------------------------------+---------------+----------+
|    99 |          30 | String   |                                    | ACStaticBypassInput                |             0 |          |
+-------+-------------+----------+------------------------------------+------------------------------------+---------------+----------+
|   100 |          31 | String   |                                    | ACUtilityInput                     |             0 |          |
+-------+-------------+----------+------------------------------------+------------------------------------+---------------+----------+
|   101 |          32 | String   |                                    | CoolingSubsystem                   |             0 |          |
+-------+-------------+----------+------------------------------------+------------------------------------+---------------+----------+
|   102 |          33 | String   |                                    | CPUSubsystem                       |             0 |          |
+-------+-------------+----------+------------------------------------+------------------------------------+---------------+----------+
|   103 |          34 | String   |                                    | DCBus                              |             0 |          |
+-------+-------------+----------+------------------------------------+------------------------------------+---------------+----------+
|   104 |          35 | String   |                                    | FPGA                               |             0 |          |
+-------+-------------+----------+------------------------------------+------------------------------------+---------------+----------+
|   105 |          36 | String   |                                    | GPUSubsystem                       |             0 |          |
+-------+-------------+----------+------------------------------------+------------------------------------+---------------+----------+
|   106 |          37 | String   |                                    | MemorySubsystem                    |             0 |          |
+-------+-------------+----------+------------------------------------+------------------------------------+---------------+----------+
|   107 |          38 | String   |                                    | Motor                              |             0 |          |
+-------+-------------+----------+------------------------------------+------------------------------------+---------------+----------+
|   108 |          39 | String   |                                    | Transformer                        |             0 |          |
+-------+-------------+----------+------------------------------------+------------------------------------+---------------+----------+
|   109 |          40 | String   |                                    | PowerSubsystem                     |             0 |          |
+-------+-------------+----------+------------------------------------+------------------------------------+---------------+----------+
|   110 |          41 | String   |                                    | Rectifier                          |             0 |          |
+-------+-------------+----------+------------------------------------+------------------------------------+---------------+----------+
|   111 |          42 | String   |                                    | TrustedModule                      |             0 |          |
+-------+-------------+----------+------------------------------------+------------------------------------+---------------+----------+
|   112 |           0 | String   |                                    | Input                              |             0 |          |
+-------+-------------+----------+------------------------------------+------------------------------------+---------------+----------+
|   113 |           1 | String   |                                    | Output                             |             0 |          |
+-------+-------------+----------+------------------------------------+------------------------------------+---------------+----------+
|   114 |           0 | String   |                                    | AirFlow                            |             0 |          |
+-------+-------------+----------+------------------------------------+------------------------------------+---------------+----------+
|   115 |           1 | String   |                                    | Altitude                           |             0 |          |
+-------+-------------+----------+------------------------------------+------------------------------------+---------------+----------+
|   116 |           2 | String   |                                    | Barometric                         |             0 |          |
+-------+-------------+----------+------------------------------------+------------------------------------+---------------+----------+
|   117 |           3 | String   |                                    | Current                            |             0 |          |
+-------+-------------+----------+------------------------------------+------------------------------------+---------------+----------+
|   118 |           4 | String   |                                    | EnergyJoules                       |             0 |          |
+-------+-------------+----------+------------------------------------+------------------------------------+---------------+----------+
|   119 |           5 | String   |                                    | EnergykWh                          |             0 |          |
+-------+-------------+----------+------------------------------------+------------------------------------+---------------+----------+
|   120 |           6 | String   |                                    | Frequency                          |             0 |          |
+-------+-------------+----------+------------------------------------+------------------------------------+---------------+----------+
|   121 |           7 | String   |                                    | Humidity                           |             0 |          |
+-------+-------------+----------+------------------------------------+------------------------------------+---------------+----------+
|   122 |           8 | String   |                                    | LiquidFlow                         |             0 |          |
+-------+-------------+----------+------------------------------------+------------------------------------+---------------+----------+
|   123 |           9 | String   |                                    | LiquidLevel                        |             0 |          |
+-------+-------------+----------+------------------------------------+------------------------------------+---------------+----------+
|   124 |          10 | String   |                                    | Power                              |             0 |          |
+-------+-------------+----------+------------------------------------+------------------------------------+---------------+----------+
|   125 |          11 | String   |                                    | Pressure                           |             0 |          |
+-------+-------------+----------+------------------------------------+------------------------------------+---------------+----------+
|   126 |          12 | String   |                                    | Rotational                         |             0 |          |
+-------+-------------+----------+------------------------------------+------------------------------------+---------------+----------+
|   127 |          13 | String   |                                    | Temperature                        |             0 |          |
+-------+-------------+----------+------------------------------------+------------------------------------+---------------+----------+
|   128 |          14 | String   |                                    | Voltage                            |             0 |          |
+-------+-------------+----------+------------------------------------+------------------------------------+---------------+----------+
|   129 |          15 | String   |                                    | Percent                            |             0 |          |
+-------+-------------+----------+------------------------------------+------------------------------------+---------------+----------+
|   130 |           0 | Array    | Nullable=True,                     | Conditions                         |             1 | 200      |
+-------+-------------+----------+------------------------------------+------------------------------------+---------------+----------+
|   131 |           1 | Enum     | Nullable=True,Permission=Read      | Health                             |             3 | 208      |
+-------+-------------+----------+------------------------------------+------------------------------------+---------------+----------+
|   132 |           2 | Enum     | Nullable=True,Permission=Read      | HealthRollup                       |             3 | 208      |
+-------+-------------+----------+------------------------------------+------------------------------------+---------------+----------+
|   133 |           3 | Set      | Nullable=False,                    | Oem                                |             0 |          |
+-------+-------------+----------+------------------------------------+------------------------------------+---------------+----------+
|   134 |           4 | Enum     | Nullable=True,Permission=Read      | State                              |            12 | 211      |
+-------+-------------+----------+------------------------------------+------------------------------------+---------------+----------+
|   135 |           0 | Set      | Nullable=False,                    | LowerCaution                       |             3 | 223      |
+-------+-------------+----------+------------------------------------+------------------------------------+---------------+----------+
|   136 |           1 | Set      | Nullable=False,                    | LowerCritical                      |             3 | 223      |
+-------+-------------+----------+------------------------------------+------------------------------------+---------------+----------+
|   137 |           2 | Set      | Nullable=False,                    | LowerFatal                         |             3 | 223      |
+-------+-------------+----------+------------------------------------+------------------------------------+---------------+----------+
|   138 |           3 | Set      | Nullable=False,                    | UpperCaution                       |             3 | 223      |
+-------+-------------+----------+------------------------------------+------------------------------------+---------------+----------+
|   139 |           4 | Set      | Nullable=False,                    | UpperCritical                      |             3 | 223      |
+-------+-------------+----------+------------------------------------+------------------------------------+---------------+----------+
|   140 |           5 | Set      | Nullable=False,                    | UpperFatal                         |             3 | 223      |
+-------+-------------+----------+------------------------------------+------------------------------------+---------------+----------+
|   141 |           6 | Set      | Nullable=False,                    | LowerCautionUser                   |             3 | 223      |
+-------+-------------+----------+------------------------------------+------------------------------------+---------------+----------+
|   142 |           7 | Set      | Nullable=False,                    | LowerCriticalUser                  |             3 | 223      |
+-------+-------------+----------+------------------------------------+------------------------------------+---------------+----------+
|   143 |           8 | Set      | Nullable=False,                    | UpperCautionUser                   |             3 | 223      |
+-------+-------------+----------+------------------------------------+------------------------------------+---------------+----------+
|   144 |           9 | Set      | Nullable=False,                    | UpperCriticalUser                  |             3 | 223      |
+-------+-------------+----------+------------------------------------+------------------------------------+---------------+----------+
|   145 |           0 | String   |                                    | AC                                 |             0 |          |
+-------+-------------+----------+------------------------------------+------------------------------------+---------------+----------+
|   146 |           1 | String   |                                    | DC                                 |             0 |          |
+-------+-------------+----------+------------------------------------+------------------------------------+---------------+----------+
|   147 |           0 | String   |                                    | PhysicalSensor                     |             0 |          |
+-------+-------------+----------+------------------------------------+------------------------------------+---------------+----------+
|   148 |           1 | String   |                                    | Reported                           |             0 |          |
+-------+-------------+----------+------------------------------------+------------------------------------+---------------+----------+
|   149 |           2 | String   |                                    | Synthesized                        |             0 |          |
+-------+-------------+----------+------------------------------------+------------------------------------+---------------+----------+
|   150 |           0 | Set      |                                    |                                    |             0 |          |
+-------+-------------+----------+------------------------------------+------------------------------------+---------------+----------+
|   151 |           0 | String   | Nullable=False,Permission=Read     | target                             |             0 |          |
+-------+-------------+----------+------------------------------------+------------------------------------+---------------+----------+
|   152 |           1 | String   | Nullable=False,Permission=Read     | title                              |             0 |          |
+-------+-------------+----------+------------------------------------+------------------------------------+---------------+----------+
|   153 |           0 | String   | Nullable=True,Permission=ReadWrite | Rack                               |             0 |          |
+-------+-------------+----------+------------------------------------+------------------------------------+---------------+----------+
|   154 |           1 | Integer  | Nullable=True,Permission=ReadWrite | RackOffset                         |             0 |          |
+-------+-------------+----------+------------------------------------+------------------------------------+---------------+----------+
|   155 |           2 | Enum     | Nullable=True,Permission=ReadWrite | RackOffsetUnits                    |             2 | 226      |
+-------+-------------+----------+------------------------------------+------------------------------------+---------------+----------+
|   156 |           3 | String   | Nullable=True,Permission=ReadWrite | Row                                |             0 |          |
+-------+-------------+----------+------------------------------------+------------------------------------+---------------+----------+
|   157 |           4 | String   | Nullable=True,Permission=ReadWrite | AdditionalInfo                     |             0 |          |
+-------+-------------+----------+------------------------------------+------------------------------------+---------------+----------+
|   158 |           0 | String   | Nullable=True,Permission=ReadWrite | AdditionalCode                     |             0 |          |
+-------+-------------+----------+------------------------------------+------------------------------------+---------------+----------+
|   159 |           1 | String   | Nullable=True,Permission=ReadWrite | Building                           |             0 |          |
+-------+-------------+----------+------------------------------------+------------------------------------+---------------+----------+
|   160 |           2 | String   | Nullable=True,Permission=ReadWrite | City                               |             0 |          |
+-------+-------------+----------+------------------------------------+------------------------------------+---------------+----------+
|   161 |           3 | String   | Nullable=True,Permission=ReadWrite | Community                          |             0 |          |
+-------+-------------+----------+------------------------------------+------------------------------------+---------------+----------+
|   162 |           4 | String   | Nullable=True,Permission=ReadWrite | Country                            |             0 |          |
+-------+-------------+----------+------------------------------------+------------------------------------+---------------+----------+
|   163 |           5 | String   | Nullable=True,Permission=ReadWrite | District                           |             0 |          |
+-------+-------------+----------+------------------------------------+------------------------------------+---------------+----------+
|   164 |           6 | String   | Nullable=True,Permission=ReadWrite | Division                           |             0 |          |
+-------+-------------+----------+------------------------------------+------------------------------------+---------------+----------+
|   165 |           7 | String   | Nullable=True,Permission=ReadWrite | Floor                              |             0 |          |
+-------+-------------+----------+------------------------------------+------------------------------------+---------------+----------+
|   166 |           8 | String   | Nullable=True,Permission=ReadWrite | GPSCoords                          |             0 |          |
+-------+-------------+----------+------------------------------------+------------------------------------+---------------+----------+
|   167 |           9 | Integer  | Nullable=True,Permission=ReadWrite | HouseNumber                        |             0 |          |
+-------+-------------+----------+------------------------------------+------------------------------------+---------------+----------+
|   168 |          10 | String   | Nullable=True,Permission=ReadWrite | HouseNumberSuffix                  |             0 |          |
+-------+-------------+----------+------------------------------------+------------------------------------+---------------+----------+
|   169 |          11 | String   | Nullable=True,Permission=ReadWrite | Landmark                           |             0 |          |
+-------+-------------+----------+------------------------------------+------------------------------------+---------------+----------+
|   170 |          12 | String   | Nullable=True,Permission=ReadWrite | LeadingStreetDirection             |             0 |          |
+-------+-------------+----------+------------------------------------+------------------------------------+---------------+----------+
|   171 |          13 | String   | Nullable=True,Permission=ReadWrite | Location                           |             0 |          |
+-------+-------------+----------+------------------------------------+------------------------------------+---------------+----------+
|   172 |          14 | String   | Nullable=True,Permission=ReadWrite | Name                               |             0 |          |
+-------+-------------+----------+------------------------------------+------------------------------------+---------------+----------+
|   173 |          15 | String   | Nullable=True,Permission=ReadWrite | Neighborhood                       |             0 |          |
+-------+-------------+----------+------------------------------------+------------------------------------+---------------+----------+
|   174 |          16 | String   | Nullable=True,Permission=ReadWrite | POBox                              |             0 |          |
+-------+-------------+----------+------------------------------------+------------------------------------+---------------+----------+
|   175 |          17 | String   | Nullable=True,Permission=ReadWrite | PlaceType                          |             0 |          |
+-------+-------------+----------+------------------------------------+------------------------------------+---------------+----------+
|   176 |          18 | String   | Nullable=True,Permission=ReadWrite | PostalCode                         |             0 |          |
+-------+-------------+----------+------------------------------------+------------------------------------+---------------+----------+
|   177 |          19 | String   | Nullable=True,Permission=ReadWrite | Road                               |             0 |          |
+-------+-------------+----------+------------------------------------+------------------------------------+---------------+----------+
|   178 |          20 | String   | Nullable=True,Permission=ReadWrite | RoadBranch                         |             0 |          |
+-------+-------------+----------+------------------------------------+------------------------------------+---------------+----------+
|   179 |          21 | String   | Nullable=True,Permission=ReadWrite | RoadPostModifier                   |             0 |          |
+-------+-------------+----------+------------------------------------+------------------------------------+---------------+----------+
|   180 |          22 | String   | Nullable=True,Permission=ReadWrite | RoadPreModifier                    |             0 |          |
+-------+-------------+----------+------------------------------------+------------------------------------+---------------+----------+
|   181 |          23 | String   | Nullable=True,Permission=ReadWrite | RoadSection                        |             0 |          |
+-------+-------------+----------+------------------------------------+------------------------------------+---------------+----------+
|   182 |          24 | String   | Nullable=True,Permission=ReadWrite | RoadSubBranch                      |             0 |          |
+-------+-------------+----------+------------------------------------+------------------------------------+---------------+----------+
|   183 |          25 | String   | Nullable=True,Permission=ReadWrite | Room                               |             0 |          |
+-------+-------------+----------+------------------------------------+------------------------------------+---------------+----------+
|   184 |          26 | String   | Nullable=True,Permission=ReadWrite | Seat                               |             0 |          |
+-------+-------------+----------+------------------------------------+------------------------------------+---------------+----------+
|   185 |          27 | String   | Nullable=True,Permission=ReadWrite | Street                             |             0 |          |
+-------+-------------+----------+------------------------------------+------------------------------------+---------------+----------+
|   186 |          28 | String   | Nullable=True,Permission=ReadWrite | StreetSuffix                       |             0 |          |
+-------+-------------+----------+------------------------------------+------------------------------------+---------------+----------+
|   187 |          29 | String   | Nullable=True,Permission=ReadWrite | Territory                          |             0 |          |
+-------+-------------+----------+------------------------------------+------------------------------------+---------------+----------+
|   188 |          30 | String   | Nullable=True,Permission=ReadWrite | TrailingStreetSuffix               |             0 |          |
+-------+-------------+----------+------------------------------------+------------------------------------+---------------+----------+
|   189 |          31 | String   | Nullable=True,Permission=ReadWrite | Unit                               |             0 |          |
+-------+-------------+----------+------------------------------------+------------------------------------+---------------+----------+
|   190 |          32 | String   | Nullable=True,Permission=ReadWrite | AdditionalInfo                     |             0 |          |
+-------+-------------+----------+------------------------------------+------------------------------------+---------------+----------+
|   191 |           0 | Integer  | Nullable=True,Permission=Read      | LocationOrdinalValue               |             0 |          |
+-------+-------------+----------+------------------------------------+------------------------------------+---------------+----------+
|   192 |           1 | Enum     | Nullable=True,Permission=Read      | LocationType                       |             4 | 228      |
+-------+-------------+----------+------------------------------------+------------------------------------+---------------+----------+
|   193 |           2 | Enum     | Nullable=True,Permission=Read      | Orientation                        |             6 | 232      |
+-------+-------------+----------+------------------------------------+------------------------------------+---------------+----------+
|   194 |           3 | Enum     | Nullable=True,Permission=Read      | Reference                          |             7 | 238      |
+-------+-------------+----------+------------------------------------+------------------------------------+---------------+----------+
|   195 |           4 | String   | Nullable=True,Permission=Read      | ServiceLabel                       |             0 |          |
+-------+-------------+----------+------------------------------------+------------------------------------+---------------+----------+
|   196 |           0 | Set      |                                    |                                    |             3 | 197      |
+-------+-------------+----------+------------------------------------+------------------------------------+---------------+----------+
|   197 |           0 | String   | Nullable=True,Permission=ReadWrite | ContactName                        |             0 |          |
+-------+-------------+----------+------------------------------------+------------------------------------+---------------+----------+
|   198 |           1 | String   | Nullable=True,Permission=ReadWrite | EmailAddress                       |             0 |          |
+-------+-------------+----------+------------------------------------+------------------------------------+---------------+----------+
|   199 |           2 | String   | Nullable=True,Permission=ReadWrite | PhoneNumber                        |             0 |          |
+-------+-------------+----------+------------------------------------+------------------------------------+---------------+----------+
|   200 |           0 | Set      |                                    |                                    |             7 | 201      |
+-------+-------------+----------+------------------------------------+------------------------------------+---------------+----------+
|   201 |           0 | Set      | Nullable=False,Permission=Read     | LogEntry                           |             0 |          |
+-------+-------------+----------+------------------------------------+------------------------------------+---------------+----------+
|   202 |           1 | String   | Nullable=False,Permission=Read     | Message                            |             0 |          |
+-------+-------------+----------+------------------------------------+------------------------------------+---------------+----------+
|   203 |           2 | Array    | Nullable=False,Permission=Read     | MessageArgs                        |             1 | 245      |
+-------+-------------+----------+------------------------------------+------------------------------------+---------------+----------+
|   204 |           3 | String   | Nullable=False,Permission=Read     | MessageId                          |             0 |          |
+-------+-------------+----------+------------------------------------+------------------------------------+---------------+----------+
|   205 |           4 | Set      | Nullable=False,Permission=Read     | OriginOfCondition                  |             0 |          |
+-------+-------------+----------+------------------------------------+------------------------------------+---------------+----------+
|   206 |           5 | Enum     | Nullable=False,Permission=Read     | Severity                           |             3 | 208      |
+-------+-------------+----------+------------------------------------+------------------------------------+---------------+----------+
|   207 |           6 | String   | Nullable=False,Permission=Read     | Timestamp                          |             0 |          |
+-------+-------------+----------+------------------------------------+------------------------------------+---------------+----------+
|   208 |           0 | String   |                                    | Critical                           |             0 |          |
+-------+-------------+----------+------------------------------------+------------------------------------+---------------+----------+
|   209 |           1 | String   |                                    | OK                                 |             0 |          |
+-------+-------------+----------+------------------------------------+------------------------------------+---------------+----------+
|   210 |           2 | String   |                                    | Warning                            |             0 |          |
+-------+-------------+----------+------------------------------------+------------------------------------+---------------+----------+
|   211 |           0 | String   |                                    | Absent                             |             0 |          |
+-------+-------------+----------+------------------------------------+------------------------------------+---------------+----------+
|   212 |           1 | String   |                                    | Disabled                           |             0 |          |
+-------+-------------+----------+------------------------------------+------------------------------------+---------------+----------+
|   213 |           2 | String   |                                    | Enabled                            |             0 |          |
+-------+-------------+----------+------------------------------------+------------------------------------+---------------+----------+
|   214 |           3 | String   |                                    | InTest                             |             0 |          |
+-------+-------------+----------+------------------------------------+------------------------------------+---------------+----------+
|   215 |           4 | String   |                                    | StandbyOffline                     |             0 |          |
+-------+-------------+----------+------------------------------------+------------------------------------+---------------+----------+
|   216 |           5 | String   |                                    | StandbySpare                       |             0 |          |
+-------+-------------+----------+------------------------------------+------------------------------------+---------------+----------+
|   217 |           6 | String   |                                    | Starting                           |             0 |          |
+-------+-------------+----------+------------------------------------+------------------------------------+---------------+----------+
|   218 |           7 | String   |                                    | UnavailableOffline                 |             0 |          |
+-------+-------------+----------+------------------------------------+------------------------------------+---------------+----------+
|   219 |           8 | String   |                                    | Deferring                          |             0 |          |
+-------+-------------+----------+------------------------------------+------------------------------------+---------------+----------+
|   220 |           9 | String   |                                    | Quiesced                           |             0 |          |
+-------+-------------+----------+------------------------------------+------------------------------------+---------------+----------+
|   221 |          10 | String   |                                    | Updating                           |             0 |          |
+-------+-------------+----------+------------------------------------+------------------------------------+---------------+----------+
|   222 |          11 | String   |                                    | Qualified                          |             0 |          |
+-------+-------------+----------+------------------------------------+------------------------------------+---------------+----------+
|   223 |           0 | Enum     | Nullable=True,Permission=ReadWrite | Activation                         |             3 | 246      |
+-------+-------------+----------+------------------------------------+------------------------------------+---------------+----------+
|   224 |           1 | String   | Nullable=True,Permission=ReadWrite | DwellTime                          |             0 |          |
+-------+-------------+----------+------------------------------------+------------------------------------+---------------+----------+
|   225 |           2 | Real     | Nullable=True,Permission=ReadWrite | Reading                            |             0 |          |
+-------+-------------+----------+------------------------------------+------------------------------------+---------------+----------+
|   226 |           0 | String   |                                    | EIA_310                            |             0 |          |
+-------+-------------+----------+------------------------------------+------------------------------------+---------------+----------+
|   227 |           1 | String   |                                    | OpenU                              |             0 |          |
+-------+-------------+----------+------------------------------------+------------------------------------+---------------+----------+
|   228 |           0 | String   |                                    | Bay                                |             0 |          |
+-------+-------------+----------+------------------------------------+------------------------------------+---------------+----------+
|   229 |           1 | String   |                                    | Connector                          |             0 |          |
+-------+-------------+----------+------------------------------------+------------------------------------+---------------+----------+
|   230 |           2 | String   |                                    | Slot                               |             0 |          |
+-------+-------------+----------+------------------------------------+------------------------------------+---------------+----------+
|   231 |           3 | String   |                                    | Socket                             |             0 |          |
+-------+-------------+----------+------------------------------------+------------------------------------+---------------+----------+
|   232 |           0 | String   |                                    | BackToFront                        |             0 |          |
+-------+-------------+----------+------------------------------------+------------------------------------+---------------+----------+
|   233 |           1 | String   |                                    | BottomToTop                        |             0 |          |
+-------+-------------+----------+------------------------------------+------------------------------------+---------------+----------+
|   234 |           2 | String   |                                    | FrontToBack                        |             0 |          |
+-------+-------------+----------+------------------------------------+------------------------------------+---------------+----------+
|   235 |           3 | String   |                                    | LeftToRight                        |             0 |          |
+-------+-------------+----------+------------------------------------+------------------------------------+---------------+----------+
|   236 |           4 | String   |                                    | RightToLeft                        |             0 |          |
+-------+-------------+----------+------------------------------------+------------------------------------+---------------+----------+
|   237 |           5 | String   |                                    | TopToBottom                        |             0 |          |
+-------+-------------+----------+------------------------------------+------------------------------------+---------------+----------+
|   238 |           0 | String   |                                    | Bottom                             |             0 |          |
+-------+-------------+----------+------------------------------------+------------------------------------+---------------+----------+
|   239 |           1 | String   |                                    | Front                              |             0 |          |
+-------+-------------+----------+------------------------------------+------------------------------------+---------------+----------+
|   240 |           2 | String   |                                    | Left                               |             0 |          |
+-------+-------------+----------+------------------------------------+------------------------------------+---------------+----------+
|   241 |           3 | String   |                                    | Middle                             |             0 |          |
+-------+-------------+----------+------------------------------------+------------------------------------+---------------+----------+
|   242 |           4 | String   |                                    | Rear                               |             0 |          |
+-------+-------------+----------+------------------------------------+------------------------------------+---------------+----------+
|   243 |           5 | String   |                                    | Right                              |             0 |          |
+-------+-------------+----------+------------------------------------+------------------------------------+---------------+----------+
|   244 |           6 | String   |                                    | Top                                |             0 |          |
+-------+-------------+----------+------------------------------------+------------------------------------+---------------+----------+
|   245 |           0 | String   |                                    |                                    |             0 |          |
+-------+-------------+----------+------------------------------------+------------------------------------+---------------+----------+
|   246 |           0 | String   |                                    | Decreasing                         |             0 |          |
+-------+-------------+----------+------------------------------------+------------------------------------+---------------+----------+
|   247 |           1 | String   |                                    | Either                             |             0 |          |
+-------+-------------+----------+------------------------------------+------------------------------------+---------------+----------+
|   248 |           2 | String   |                                    | Increasing                         |             0 |          |
+-------+-------------+----------+------------------------------------+------------------------------------+---------------+----------+
Total Entries: 249
Fixed size consumed (bytes): 2502 (0x9c6)
Field string size consumed (bytes): 2680 (0xa78)
Total size (bytes): 5182 (0x143e)
Version: 0XF1F2F000
Signature: 0x12880555
