+-------+-------------+----------+--------------------------------+-----------------------------------+---------------+----------+
|   Row |   Sequence# | Format   | Flags                          | Field String                      |   Child Count | Offset   |
+=======+=============+==========+================================+===================================+===============+==========+
|     0 |           0 | Set      |                                | SwitchMetrics                     |             8 | 1        |
+-------+-------------+----------+--------------------------------+-----------------------------------+---------------+----------+
|     1 |           0 | Set      | Nullable=False,                | Actions                           |             2 | 9        |
+-------+-------------+----------+--------------------------------+-----------------------------------+---------------+----------+
|     2 |           1 | String   | Nullable=True,Permission=Read  | Description                       |             0 |          |
+-------+-------------+----------+--------------------------------+-----------------------------------+---------------+----------+
|     3 |           2 | String   | Nullable=False,Permission=Read | Id                                |             0 |          |
+-------+-------------+----------+--------------------------------+-----------------------------------+---------------+----------+
|     4 |           3 | Set      | Nullable=False,                | InternalMemoryMetrics             |             2 | 11       |
+-------+-------------+----------+--------------------------------+-----------------------------------+---------------+----------+
|     5 |           4 | String   | Nullable=False,Permission=Read | Name                              |             0 |          |
+-------+-------------+----------+--------------------------------+-----------------------------------+---------------+----------+
|     6 |           5 | Set      | Nullable=False,                | Oem                               |             0 |          |
+-------+-------------+----------+--------------------------------+-----------------------------------+---------------+----------+
|     7 |           6 | Set      | Nullable=False,                | PCIeErrors                        |            12 | 13       |
+-------+-------------+----------+--------------------------------+-----------------------------------+---------------+----------+
|     8 |           7 | String   | Nullable=True,Permission=Read  | LifetimeStartDateTime             |             0 |          |
+-------+-------------+----------+--------------------------------+-----------------------------------+---------------+----------+
|     9 |           0 | Set      | Nullable=False,                | Oem                               |             0 |          |
+-------+-------------+----------+--------------------------------+-----------------------------------+---------------+----------+
|    10 |           1 | Set      |                                | #SwitchMetrics.ClearCurrentPeriod |             2 | 25       |
+-------+-------------+----------+--------------------------------+-----------------------------------+---------------+----------+
|    11 |           0 | Set      | Nullable=False,                | CurrentPeriod                     |             2 | 27       |
+-------+-------------+----------+--------------------------------+-----------------------------------+---------------+----------+
|    12 |           1 | Set      | Nullable=False,                | LifeTime                          |             2 | 29       |
+-------+-------------+----------+--------------------------------+-----------------------------------+---------------+----------+
|    13 |           0 | Integer  | Nullable=True,Permission=Read  | CorrectableErrorCount             |             0 |          |
+-------+-------------+----------+--------------------------------+-----------------------------------+---------------+----------+
|    14 |           1 | Integer  | Nullable=True,Permission=Read  | FatalErrorCount                   |             0 |          |
+-------+-------------+----------+--------------------------------+-----------------------------------+---------------+----------+
|    15 |           2 | Integer  | Nullable=True,Permission=Read  | L0ToRecoveryCount                 |             0 |          |
+-------+-------------+----------+--------------------------------+-----------------------------------+---------------+----------+
|    16 |           3 | Integer  | Nullable=True,Permission=Read  | NAKReceivedCount                  |             0 |          |
+-------+-------------+----------+--------------------------------+-----------------------------------+---------------+----------+
|    17 |           4 | Integer  | Nullable=True,Permission=Read  | NAKSentCount                      |             0 |          |
+-------+-------------+----------+--------------------------------+-----------------------------------+---------------+----------+
|    18 |           5 | Integer  | Nullable=True,Permission=Read  | NonFatalErrorCount                |             0 |          |
+-------+-------------+----------+--------------------------------+-----------------------------------+---------------+----------+
|    19 |           6 | Integer  | Nullable=True,Permission=Read  | ReplayCount                       |             0 |          |
+-------+-------------+----------+--------------------------------+-----------------------------------+---------------+----------+
|    20 |           7 | Integer  | Nullable=True,Permission=Read  | ReplayRolloverCount               |             0 |          |
+-------+-------------+----------+--------------------------------+-----------------------------------+---------------+----------+
|    21 |           8 | Integer  | Nullable=True,Permission=Read  | UnsupportedRequestCount           |             0 |          |
+-------+-------------+----------+--------------------------------+-----------------------------------+---------------+----------+
|    22 |           9 | Integer  | Nullable=True,Permission=Read  | BadDLLPCount                      |             0 |          |
+-------+-------------+----------+--------------------------------+-----------------------------------+---------------+----------+
|    23 |          10 | Integer  | Nullable=True,Permission=Read  | BadTLPCount                       |             0 |          |
+-------+-------------+----------+--------------------------------+-----------------------------------+---------------+----------+
|    24 |          11 | Integer  | Nullable=True,Permission=Read  | FlowControlTimeoutErrors          |             0 |          |
+-------+-------------+----------+--------------------------------+-----------------------------------+---------------+----------+
|    25 |           0 | String   | Nullable=False,Permission=Read | target                            |             0 |          |
+-------+-------------+----------+--------------------------------+-----------------------------------+---------------+----------+
|    26 |           1 | String   | Nullable=False,Permission=Read | title                             |             0 |          |
+-------+-------------+----------+--------------------------------+-----------------------------------+---------------+----------+
|    27 |           0 | Integer  | Nullable=True,Permission=Read  | CorrectableECCErrorCount          |             0 |          |
+-------+-------------+----------+--------------------------------+-----------------------------------+---------------+----------+
|    28 |           1 | Integer  | Nullable=True,Permission=Read  | UncorrectableECCErrorCount        |             0 |          |
+-------+-------------+----------+--------------------------------+-----------------------------------+---------------+----------+
|    29 |           0 | Integer  | Nullable=True,Permission=Read  | CorrectableECCErrorCount          |             0 |          |
+-------+-------------+----------+--------------------------------+-----------------------------------+---------------+----------+
|    30 |           1 | Integer  | Nullable=True,Permission=Read  | UncorrectableECCErrorCount        |             0 |          |
+-------+-------------+----------+--------------------------------+-----------------------------------+---------------+----------+
Total Entries: 31
Fixed size consumed (bytes): 322 (0x142)
Field string size consumed (bytes): 460 (0x1cc)
Total size (bytes): 782 (0x30e)
Version: 0XF1F1F000
Signature: 0x16173b66
