+-------+-------------+----------+--------------------------------+----------------------------+---------------+----------+
|   Row |   Sequence# | Format   | Flags                          | Field String               |   Child Count | Offset   |
+=======+=============+==========+================================+============================+===============+==========+
|     0 |           0 | Set      |                                | Task                       |            17 | 1        |
+-------+-------------+----------+--------------------------------+----------------------------+---------------+----------+
|     1 |           0 | String   | Nullable=True,Permission=Read  | Description                |             0 |          |
+-------+-------------+----------+--------------------------------+----------------------------+---------------+----------+
|     2 |           1 | String   | Nullable=False,Permission=Read | EndTime                    |             0 |          |
+-------+-------------+----------+--------------------------------+----------------------------+---------------+----------+
|     3 |           2 | String   | Nullable=False,Permission=Read | Id                         |             0 |          |
+-------+-------------+----------+--------------------------------+----------------------------+---------------+----------+
|     4 |           3 | Array    | Nullable=False,                | Messages                   |             1 | 18       |
+-------+-------------+----------+--------------------------------+----------------------------+---------------+----------+
|     5 |           4 | String   | Nullable=False,Permission=Read | Name                       |             0 |          |
+-------+-------------+----------+--------------------------------+----------------------------+---------------+----------+
|     6 |           5 | Set      | Nullable=False,                | Oem                        |             0 |          |
+-------+-------------+----------+--------------------------------+----------------------------+---------------+----------+
|     7 |           6 | String   | Nullable=False,Permission=Read | StartTime                  |             0 |          |
+-------+-------------+----------+--------------------------------+----------------------------+---------------+----------+
|     8 |           7 | Enum     | Nullable=False,Permission=Read | TaskState                  |            13 | 30       |
+-------+-------------+----------+--------------------------------+----------------------------+---------------+----------+
|     9 |           8 | Enum     | Nullable=False,Permission=Read | TaskStatus                 |             3 | 43       |
+-------+-------------+----------+--------------------------------+----------------------------+---------------+----------+
|    10 |           9 | Set      | Nullable=False,                | Actions                    |             1 | 46       |
+-------+-------------+----------+--------------------------------+----------------------------+---------------+----------+
|    11 |          10 | String   | Nullable=False,Permission=Read | TaskMonitor                |             0 |          |
+-------+-------------+----------+--------------------------------+----------------------------+---------------+----------+
|    12 |          11 | Boolean  | Nullable=False,Permission=Read | HidePayload                |             0 |          |
+-------+-------------+----------+--------------------------------+----------------------------+---------------+----------+
|    13 |          12 | Set      | Nullable=False,                | Payload                    |             4 | 47       |
+-------+-------------+----------+--------------------------------+----------------------------+---------------+----------+
|    14 |          13 | Integer  | Nullable=True,Permission=Read  | PercentComplete            |             0 |          |
+-------+-------------+----------+--------------------------------+----------------------------+---------------+----------+
|    15 |          14 | Set      | Nullable=False,Permission=Read | SubTasks                   |             0 |          |
+-------+-------------+----------+--------------------------------+----------------------------+---------------+----------+
|    16 |          15 | String   | Nullable=True,Permission=Read  | EstimatedDuration          |             0 |          |
+-------+-------------+----------+--------------------------------+----------------------------+---------------+----------+
|    17 |          16 | Set      | Nullable=False,                | Links                      |             2 | 51       |
+-------+-------------+----------+--------------------------------+----------------------------+---------------+----------+
|    18 |           0 | Set      |                                |                            |            11 | 19       |
+-------+-------------+----------+--------------------------------+----------------------------+---------------+----------+
|    19 |           0 | String   | Nullable=False,Permission=Read | Message                    |             0 |          |
+-------+-------------+----------+--------------------------------+----------------------------+---------------+----------+
|    20 |           1 | Array    | Nullable=False,Permission=Read | MessageArgs                |             1 | 53       |
+-------+-------------+----------+--------------------------------+----------------------------+---------------+----------+
|    21 |           2 | String   | Nullable=False,Permission=Read | MessageId                  |             0 |          |
+-------+-------------+----------+--------------------------------+----------------------------+---------------+----------+
|    22 |           3 | Set      | Nullable=False,                | Oem                        |             0 |          |
+-------+-------------+----------+--------------------------------+----------------------------+---------------+----------+
|    23 |           4 | Array    | Nullable=False,Permission=Read | RelatedProperties          |             1 | 53       |
+-------+-------------+----------+--------------------------------+----------------------------+---------------+----------+
|    24 |           5 | String   | Nullable=False,Permission=Read | Resolution                 |             0 |          |
+-------+-------------+----------+--------------------------------+----------------------------+---------------+----------+
|    25 |           6 | String   | Nullable=False,Permission=Read | Severity                   |             0 |          |
+-------+-------------+----------+--------------------------------+----------------------------+---------------+----------+
|    26 |           7 | Enum     | Nullable=False,Permission=Read | MessageSeverity            |             3 | 43       |
+-------+-------------+----------+--------------------------------+----------------------------+---------------+----------+
|    27 |           8 | Array    | Nullable=False,                | ResolutionSteps            |             1 | 54       |
+-------+-------------+----------+--------------------------------+----------------------------+---------------+----------+
|    28 |           9 | String   | Nullable=True,Permission=Read  | UserAuthenticationSource   |             0 |          |
+-------+-------------+----------+--------------------------------+----------------------------+---------------+----------+
|    29 |          10 | String   | Nullable=True,Permission=Read  | Username                   |             0 |          |
+-------+-------------+----------+--------------------------------+----------------------------+---------------+----------+
|    30 |           0 | String   |                                | Completed                  |             0 |          |
+-------+-------------+----------+--------------------------------+----------------------------+---------------+----------+
|    31 |           1 | String   |                                | Exception                  |             0 |          |
+-------+-------------+----------+--------------------------------+----------------------------+---------------+----------+
|    32 |           2 | String   |                                | Interrupted                |             0 |          |
+-------+-------------+----------+--------------------------------+----------------------------+---------------+----------+
|    33 |           3 | String   |                                | Killed                     |             0 |          |
+-------+-------------+----------+--------------------------------+----------------------------+---------------+----------+
|    34 |           4 | String   |                                | New                        |             0 |          |
+-------+-------------+----------+--------------------------------+----------------------------+---------------+----------+
|    35 |           5 | String   |                                | Pending                    |             0 |          |
+-------+-------------+----------+--------------------------------+----------------------------+---------------+----------+
|    36 |           6 | String   |                                | Running                    |             0 |          |
+-------+-------------+----------+--------------------------------+----------------------------+---------------+----------+
|    37 |           7 | String   |                                | Service                    |             0 |          |
+-------+-------------+----------+--------------------------------+----------------------------+---------------+----------+
|    38 |           8 | String   |                                | Starting                   |             0 |          |
+-------+-------------+----------+--------------------------------+----------------------------+---------------+----------+
|    39 |           9 | String   |                                | Stopping                   |             0 |          |
+-------+-------------+----------+--------------------------------+----------------------------+---------------+----------+
|    40 |          10 | String   |                                | Suspended                  |             0 |          |
+-------+-------------+----------+--------------------------------+----------------------------+---------------+----------+
|    41 |          11 | String   |                                | Cancelled                  |             0 |          |
+-------+-------------+----------+--------------------------------+----------------------------+---------------+----------+
|    42 |          12 | String   |                                | Cancelling                 |             0 |          |
+-------+-------------+----------+--------------------------------+----------------------------+---------------+----------+
|    43 |           0 | String   |                                | Critical                   |             0 |          |
+-------+-------------+----------+--------------------------------+----------------------------+---------------+----------+
|    44 |           1 | String   |                                | OK                         |             0 |          |
+-------+-------------+----------+--------------------------------+----------------------------+---------------+----------+
|    45 |           2 | String   |                                | Warning                    |             0 |          |
+-------+-------------+----------+--------------------------------+----------------------------+---------------+----------+
|    46 |           0 | Set      | Nullable=False,                | Oem                        |             0 |          |
+-------+-------------+----------+--------------------------------+----------------------------+---------------+----------+
|    47 |           0 | Array    | Nullable=False,Permission=Read | HttpHeaders                |             1 | 53       |
+-------+-------------+----------+--------------------------------+----------------------------+---------------+----------+
|    48 |           1 | String   | Nullable=False,Permission=Read | HttpOperation              |             0 |          |
+-------+-------------+----------+--------------------------------+----------------------------+---------------+----------+
|    49 |           2 | String   | Nullable=False,Permission=Read | JsonBody                   |             0 |          |
+-------+-------------+----------+--------------------------------+----------------------------+---------------+----------+
|    50 |           3 | String   | Nullable=False,Permission=Read | TargetUri                  |             0 |          |
+-------+-------------+----------+--------------------------------+----------------------------+---------------+----------+
|    51 |           0 | Array    | Nullable=True,Permission=Read  | CreatedResources           |             1 | 63       |
+-------+-------------+----------+--------------------------------+----------------------------+---------------+----------+
|    52 |           1 | Set      | Nullable=False,                | Oem                        |             0 |          |
+-------+-------------+----------+--------------------------------+----------------------------+---------------+----------+
|    53 |           0 | String   |                                |                            |             0 |          |
+-------+-------------+----------+--------------------------------+----------------------------+---------------+----------+
|    54 |           0 | Set      |                                |                            |             8 | 55       |
+-------+-------------+----------+--------------------------------+----------------------------+---------------+----------+
|    55 |           0 | Array    | Nullable=True,                 | ActionParameters           |             1 | 64       |
+-------+-------------+----------+--------------------------------+----------------------------+---------------+----------+
|    56 |           1 | String   | Nullable=False,Permission=Read | ActionURI                  |             0 |          |
+-------+-------------+----------+--------------------------------+----------------------------+---------------+----------+
|    57 |           2 | Set      | Nullable=False,                | Oem                        |             0 |          |
+-------+-------------+----------+--------------------------------+----------------------------+---------------+----------+
|    58 |           3 | Integer  | Nullable=True,Permission=Read  | Priority                   |             0 |          |
+-------+-------------+----------+--------------------------------+----------------------------+---------------+----------+
|    59 |           4 | Enum     | Nullable=True,Permission=Read  | ResolutionType             |             8 | 77       |
+-------+-------------+----------+--------------------------------+----------------------------+---------------+----------+
|    60 |           5 | Integer  | Nullable=True,Permission=Read  | RetryCount                 |             0 |          |
+-------+-------------+----------+--------------------------------+----------------------------+---------------+----------+
|    61 |           6 | Integer  | Nullable=True,Permission=Read  | RetryIntervalSeconds       |             0 |          |
+-------+-------------+----------+--------------------------------+----------------------------+---------------+----------+
|    62 |           7 | String   | Nullable=True,Permission=Read  | TargetComponentURI         |             0 |          |
+-------+-------------+----------+--------------------------------+----------------------------+---------------+----------+
|    63 |           0 | Set      |                                |                            |             0 |          |
+-------+-------------+----------+--------------------------------+----------------------------+---------------+----------+
|    64 |           0 | Set      |                                |                            |            12 | 65       |
+-------+-------------+----------+--------------------------------+----------------------------+---------------+----------+
|    65 |           0 | Array    | Nullable=True,Permission=Read  | AllowableValues            |             1 | 53       |
+-------+-------------+----------+--------------------------------+----------------------------+---------------+----------+
|    66 |           1 | Enum     | Nullable=True,Permission=Read  | DataType                   |             7 | 85       |
+-------+-------------+----------+--------------------------------+----------------------------+---------------+----------+
|    67 |           2 | String   | Nullable=False,Permission=Read | Name                       |             0 |          |
+-------+-------------+----------+--------------------------------+----------------------------+---------------+----------+
|    68 |           3 | String   | Nullable=True,Permission=Read  | ObjectDataType             |             0 |          |
+-------+-------------+----------+--------------------------------+----------------------------+---------------+----------+
|    69 |           4 | Boolean  | Nullable=False,Permission=Read | Required                   |             0 |          |
+-------+-------------+----------+--------------------------------+----------------------------+---------------+----------+
|    70 |           5 | Real     | Nullable=True,Permission=Read  | MaximumValue               |             0 |          |
+-------+-------------+----------+--------------------------------+----------------------------+---------------+----------+
|    71 |           6 | Real     | Nullable=True,Permission=Read  | MinimumValue               |             0 |          |
+-------+-------------+----------+--------------------------------+----------------------------+---------------+----------+
|    72 |           7 | Integer  | Nullable=True,Permission=Read  | ArraySizeMaximum           |             0 |          |
+-------+-------------+----------+--------------------------------+----------------------------+---------------+----------+
|    73 |           8 | Integer  | Nullable=True,Permission=Read  | ArraySizeMinimum           |             0 |          |
+-------+-------------+----------+--------------------------------+----------------------------+---------------+----------+
|    74 |           9 | Array    | Nullable=True,Permission=Read  | AllowableNumbers           |             1 | 53       |
+-------+-------------+----------+--------------------------------+----------------------------+---------------+----------+
|    75 |          10 | String   | Nullable=True,Permission=Read  | AllowablePattern           |             0 |          |
+-------+-------------+----------+--------------------------------+----------------------------+---------------+----------+
|    76 |          11 | Array    | Nullable=True,Permission=Read  | AllowableValueDescriptions |             1 | 53       |
+-------+-------------+----------+--------------------------------+----------------------------+---------------+----------+
|    77 |           0 | String   |                                | CollectDiagnosticData      |             0 |          |
+-------+-------------+----------+--------------------------------+----------------------------+---------------+----------+
|    78 |           1 | String   |                                | ContactVendor              |             0 |          |
+-------+-------------+----------+--------------------------------+----------------------------+---------------+----------+
|    79 |           2 | String   |                                | FirmwareUpdate             |             0 |          |
+-------+-------------+----------+--------------------------------+----------------------------+---------------+----------+
|    80 |           3 | String   |                                | OEM                        |             0 |          |
+-------+-------------+----------+--------------------------------+----------------------------+---------------+----------+
|    81 |           4 | String   |                                | PowerCycle                 |             0 |          |
+-------+-------------+----------+--------------------------------+----------------------------+---------------+----------+
|    82 |           5 | String   |                                | ReplaceComponent           |             0 |          |
+-------+-------------+----------+--------------------------------+----------------------------+---------------+----------+
|    83 |           6 | String   |                                | Reset                      |             0 |          |
+-------+-------------+----------+--------------------------------+----------------------------+---------------+----------+
|    84 |           7 | String   |                                | ResetToDefaults            |             0 |          |
+-------+-------------+----------+--------------------------------+----------------------------+---------------+----------+
|    85 |           0 | String   |                                | Boolean                    |             0 |          |
+-------+-------------+----------+--------------------------------+----------------------------+---------------+----------+
|    86 |           1 | String   |                                | Number                     |             0 |          |
+-------+-------------+----------+--------------------------------+----------------------------+---------------+----------+
|    87 |           2 | String   |                                | NumberArray                |             0 |          |
+-------+-------------+----------+--------------------------------+----------------------------+---------------+----------+
|    88 |           3 | String   |                                | Object                     |             0 |          |
+-------+-------------+----------+--------------------------------+----------------------------+---------------+----------+
|    89 |           4 | String   |                                | ObjectArray                |             0 |          |
+-------+-------------+----------+--------------------------------+----------------------------+---------------+----------+
|    90 |           5 | String   |                                | String                     |             0 |          |
+-------+-------------+----------+--------------------------------+----------------------------+---------------+----------+
|    91 |           6 | String   |                                | StringArray                |             0 |          |
+-------+-------------+----------+--------------------------------+----------------------------+---------------+----------+
Total Entries: 92
Fixed size consumed (bytes): 932 (0x3a4)
Field string size consumed (bytes): 966 (0x3c6)
Total size (bytes): 1898 (0x76a)
Version: 0XF1F7F400
Signature: 0x1d4b5fa7
