+-------+-------------+----------+------------------------------------+----------------------------+---------------+----------+
|   Row |   Sequence# | Format   | Flags                              | Field String               |   Child Count | Offset   |
+=======+=============+==========+====================================+============================+===============+==========+
|     0 |           0 | Set      |                                    | ThermalEquipment           |            11 | 1        |
+-------+-------------+----------+------------------------------------+----------------------------+---------------+----------+
|     1 |           0 | Set      | Nullable=False,                    | Actions                    |             1 | 12       |
+-------+-------------+----------+------------------------------------+----------------------------+---------------+----------+
|     2 |           1 | Set      | Nullable=False,Permission=Read     | CDUs                       |             0 |          |
+-------+-------------+----------+------------------------------------+----------------------------+---------------+----------+
|     3 |           2 | Set      | Nullable=False,Permission=Read     | CoolingLoops               |             0 |          |
+-------+-------------+----------+------------------------------------+----------------------------+---------------+----------+
|     4 |           3 | String   | Nullable=True,Permission=Read      | Description                |             0 |          |
+-------+-------------+----------+------------------------------------+----------------------------+---------------+----------+
|     5 |           4 | Set      | Nullable=False,Permission=Read     | HeatExchangers             |             0 |          |
+-------+-------------+----------+------------------------------------+----------------------------+---------------+----------+
|     6 |           5 | String   | Nullable=False,Permission=Read     | Id                         |             0 |          |
+-------+-------------+----------+------------------------------------+----------------------------+---------------+----------+
|     7 |           6 | Set      | Nullable=False,Permission=Read     | ImmersionUnits             |             0 |          |
+-------+-------------+----------+------------------------------------+----------------------------+---------------+----------+
|     8 |           7 | String   | Nullable=False,Permission=Read     | Name                       |             0 |          |
+-------+-------------+----------+------------------------------------+----------------------------+---------------+----------+
|     9 |           8 | Set      | Nullable=False,                    | Oem                        |             0 |          |
+-------+-------------+----------+------------------------------------+----------------------------+---------------+----------+
|    10 |           9 | Set      | Nullable=False,                    | Status                     |             5 | 13       |
+-------+-------------+----------+------------------------------------+----------------------------+---------------+----------+
|    11 |          10 | Array    | Nullable=False,                    | CoolingLoopRedundancy      |             1 | 18       |
+-------+-------------+----------+------------------------------------+----------------------------+---------------+----------+
|    12 |           0 | Set      | Nullable=False,                    | Oem                        |             0 |          |
+-------+-------------+----------+------------------------------------+----------------------------+---------------+----------+
|    13 |           0 | Enum     | Nullable=True,Permission=Read      | Health                     |             3 | 24       |
+-------+-------------+----------+------------------------------------+----------------------------+---------------+----------+
|    14 |           1 | Enum     | Nullable=True,Permission=Read      | HealthRollup               |             3 | 24       |
+-------+-------------+----------+------------------------------------+----------------------------+---------------+----------+
|    15 |           2 | Set      | Nullable=False,                    | Oem                        |             0 |          |
+-------+-------------+----------+------------------------------------+----------------------------+---------------+----------+
|    16 |           3 | Enum     | Nullable=True,Permission=Read      | State                      |            12 | 27       |
+-------+-------------+----------+------------------------------------+----------------------------+---------------+----------+
|    17 |           4 | Array    | Nullable=True,                     | Conditions                 |             1 | 39       |
+-------+-------------+----------+------------------------------------+----------------------------+---------------+----------+
|    18 |           0 | Set      |                                    |                            |             5 | 19       |
+-------+-------------+----------+------------------------------------+----------------------------+---------------+----------+
|    19 |           0 | Integer  | Nullable=True,Permission=Read      | MaxSupportedInGroup        |             0 |          |
+-------+-------------+----------+------------------------------------+----------------------------+---------------+----------+
|    20 |           1 | Integer  | Nullable=True,Permission=Read      | MinNeededInGroup           |             0 |          |
+-------+-------------+----------+------------------------------------+----------------------------+---------------+----------+
|    21 |           2 | Array    | Nullable=True,Permission=Read      | RedundancyGroup            |             1 | 49       |
+-------+-------------+----------+------------------------------------+----------------------------+---------------+----------+
|    22 |           3 | Enum     | Nullable=True,Permission=ReadWrite | RedundancyType             |             5 | 50       |
+-------+-------------+----------+------------------------------------+----------------------------+---------------+----------+
|    23 |           4 | Set      | Nullable=False,                    | Status                     |             5 | 13       |
+-------+-------------+----------+------------------------------------+----------------------------+---------------+----------+
|    24 |           0 | String   |                                    | Critical                   |             0 |          |
+-------+-------------+----------+------------------------------------+----------------------------+---------------+----------+
|    25 |           1 | String   |                                    | OK                         |             0 |          |
+-------+-------------+----------+------------------------------------+----------------------------+---------------+----------+
|    26 |           2 | String   |                                    | Warning                    |             0 |          |
+-------+-------------+----------+------------------------------------+----------------------------+---------------+----------+
|    27 |           0 | String   |                                    | Absent                     |             0 |          |
+-------+-------------+----------+------------------------------------+----------------------------+---------------+----------+
|    28 |           1 | String   |                                    | Disabled                   |             0 |          |
+-------+-------------+----------+------------------------------------+----------------------------+---------------+----------+
|    29 |           2 | String   |                                    | Enabled                    |             0 |          |
+-------+-------------+----------+------------------------------------+----------------------------+---------------+----------+
|    30 |           3 | String   |                                    | InTest                     |             0 |          |
+-------+-------------+----------+------------------------------------+----------------------------+---------------+----------+
|    31 |           4 | String   |                                    | StandbyOffline             |             0 |          |
+-------+-------------+----------+------------------------------------+----------------------------+---------------+----------+
|    32 |           5 | String   |                                    | StandbySpare               |             0 |          |
+-------+-------------+----------+------------------------------------+----------------------------+---------------+----------+
|    33 |           6 | String   |                                    | Starting                   |             0 |          |
+-------+-------------+----------+------------------------------------+----------------------------+---------------+----------+
|    34 |           7 | String   |                                    | UnavailableOffline         |             0 |          |
+-------+-------------+----------+------------------------------------+----------------------------+---------------+----------+
|    35 |           8 | String   |                                    | Deferring                  |             0 |          |
+-------+-------------+----------+------------------------------------+----------------------------+---------------+----------+
|    36 |           9 | String   |                                    | Quiesced                   |             0 |          |
+-------+-------------+----------+------------------------------------+----------------------------+---------------+----------+
|    37 |          10 | String   |                                    | Updating                   |             0 |          |
+-------+-------------+----------+------------------------------------+----------------------------+---------------+----------+
|    38 |          11 | String   |                                    | Qualified                  |             0 |          |
+-------+-------------+----------+------------------------------------+----------------------------+---------------+----------+
|    39 |           0 | Set      |                                    |                            |             9 | 40       |
+-------+-------------+----------+------------------------------------+----------------------------+---------------+----------+
|    40 |           0 | Set      | Nullable=False,Permission=Read     | LogEntry                   |             0 |          |
+-------+-------------+----------+------------------------------------+----------------------------+---------------+----------+
|    41 |           1 | String   | Nullable=False,Permission=Read     | Message                    |             0 |          |
+-------+-------------+----------+------------------------------------+----------------------------+---------------+----------+
|    42 |           2 | Array    | Nullable=False,Permission=Read     | MessageArgs                |             1 | 55       |
+-------+-------------+----------+------------------------------------+----------------------------+---------------+----------+
|    43 |           3 | String   | Nullable=False,Permission=Read     | MessageId                  |             0 |          |
+-------+-------------+----------+------------------------------------+----------------------------+---------------+----------+
|    44 |           4 | Set      | Nullable=False,Permission=Read     | OriginOfCondition          |             0 |          |
+-------+-------------+----------+------------------------------------+----------------------------+---------------+----------+
|    45 |           5 | Enum     | Nullable=False,Permission=Read     | Severity                   |             3 | 24       |
+-------+-------------+----------+------------------------------------+----------------------------+---------------+----------+
|    46 |           6 | String   | Nullable=False,Permission=Read     | Timestamp                  |             0 |          |
+-------+-------------+----------+------------------------------------+----------------------------+---------------+----------+
|    47 |           7 | String   | Nullable=False,Permission=Read     | Resolution                 |             0 |          |
+-------+-------------+----------+------------------------------------+----------------------------+---------------+----------+
|    48 |           8 | Array    | Nullable=False,                    | ResolutionSteps            |             1 | 56       |
+-------+-------------+----------+------------------------------------+----------------------------+---------------+----------+
|    49 |           0 | Set      |                                    |                            |             0 |          |
+-------+-------------+----------+------------------------------------+----------------------------+---------------+----------+
|    50 |           0 | String   |                                    | Failover                   |             0 |          |
+-------+-------------+----------+------------------------------------+----------------------------+---------------+----------+
|    51 |           1 | String   |                                    | NotRedundant               |             0 |          |
+-------+-------------+----------+------------------------------------+----------------------------+---------------+----------+
|    52 |           2 | String   |                                    | NPlusM                     |             0 |          |
+-------+-------------+----------+------------------------------------+----------------------------+---------------+----------+
|    53 |           3 | String   |                                    | Sharing                    |             0 |          |
+-------+-------------+----------+------------------------------------+----------------------------+---------------+----------+
|    54 |           4 | String   |                                    | Sparing                    |             0 |          |
+-------+-------------+----------+------------------------------------+----------------------------+---------------+----------+
|    55 |           0 | String   |                                    |                            |             0 |          |
+-------+-------------+----------+------------------------------------+----------------------------+---------------+----------+
|    56 |           0 | Set      |                                    |                            |             8 | 57       |
+-------+-------------+----------+------------------------------------+----------------------------+---------------+----------+
|    57 |           0 | Array    | Nullable=True,                     | ActionParameters           |             1 | 65       |
+-------+-------------+----------+------------------------------------+----------------------------+---------------+----------+
|    58 |           1 | String   | Nullable=False,Permission=Read     | ActionURI                  |             0 |          |
+-------+-------------+----------+------------------------------------+----------------------------+---------------+----------+
|    59 |           2 | Set      | Nullable=False,                    | Oem                        |             0 |          |
+-------+-------------+----------+------------------------------------+----------------------------+---------------+----------+
|    60 |           3 | Integer  | Nullable=True,Permission=Read      | Priority                   |             0 |          |
+-------+-------------+----------+------------------------------------+----------------------------+---------------+----------+
|    61 |           4 | Enum     | Nullable=True,Permission=Read      | ResolutionType             |             8 | 78       |
+-------+-------------+----------+------------------------------------+----------------------------+---------------+----------+
|    62 |           5 | Integer  | Nullable=True,Permission=Read      | RetryCount                 |             0 |          |
+-------+-------------+----------+------------------------------------+----------------------------+---------------+----------+
|    63 |           6 | Integer  | Nullable=True,Permission=Read      | RetryIntervalSeconds       |             0 |          |
+-------+-------------+----------+------------------------------------+----------------------------+---------------+----------+
|    64 |           7 | String   | Nullable=True,Permission=Read      | TargetComponentURI         |             0 |          |
+-------+-------------+----------+------------------------------------+----------------------------+---------------+----------+
|    65 |           0 | Set      |                                    |                            |            12 | 66       |
+-------+-------------+----------+------------------------------------+----------------------------+---------------+----------+
|    66 |           0 | Array    | Nullable=True,Permission=Read      | AllowableValues            |             1 | 55       |
+-------+-------------+----------+------------------------------------+----------------------------+---------------+----------+
|    67 |           1 | Enum     | Nullable=True,Permission=Read      | DataType                   |             7 | 86       |
+-------+-------------+----------+------------------------------------+----------------------------+---------------+----------+
|    68 |           2 | String   | Nullable=False,Permission=Read     | Name                       |             0 |          |
+-------+-------------+----------+------------------------------------+----------------------------+---------------+----------+
|    69 |           3 | String   | Nullable=True,Permission=Read      | ObjectDataType             |             0 |          |
+-------+-------------+----------+------------------------------------+----------------------------+---------------+----------+
|    70 |           4 | Boolean  | Nullable=False,Permission=Read     | Required                   |             0 |          |
+-------+-------------+----------+------------------------------------+----------------------------+---------------+----------+
|    71 |           5 | Real     | Nullable=True,Permission=Read      | MaximumValue               |             0 |          |
+-------+-------------+----------+------------------------------------+----------------------------+---------------+----------+
|    72 |           6 | Real     | Nullable=True,Permission=Read      | MinimumValue               |             0 |          |
+-------+-------------+----------+------------------------------------+----------------------------+---------------+----------+
|    73 |           7 | Integer  | Nullable=True,Permission=Read      | ArraySizeMaximum           |             0 |          |
+-------+-------------+----------+------------------------------------+----------------------------+---------------+----------+
|    74 |           8 | Integer  | Nullable=True,Permission=Read      | ArraySizeMinimum           |             0 |          |
+-------+-------------+----------+------------------------------------+----------------------------+---------------+----------+
|    75 |           9 | Array    | Nullable=True,Permission=Read      | AllowableNumbers           |             1 | 55       |
+-------+-------------+----------+------------------------------------+----------------------------+---------------+----------+
|    76 |          10 | String   | Nullable=True,Permission=Read      | AllowablePattern           |             0 |          |
+-------+-------------+----------+------------------------------------+----------------------------+---------------+----------+
|    77 |          11 | Array    | Nullable=True,Permission=Read      | AllowableValueDescriptions |             1 | 55       |
+-------+-------------+----------+------------------------------------+----------------------------+---------------+----------+
|    78 |           0 | String   |                                    | CollectDiagnosticData      |             0 |          |
+-------+-------------+----------+------------------------------------+----------------------------+---------------+----------+
|    79 |           1 | String   |                                    | ContactVendor              |             0 |          |
+-------+-------------+----------+------------------------------------+----------------------------+---------------+----------+
|    80 |           2 | String   |                                    | FirmwareUpdate             |             0 |          |
+-------+-------------+----------+------------------------------------+----------------------------+---------------+----------+
|    81 |           3 | String   |                                    | OEM                        |             0 |          |
+-------+-------------+----------+------------------------------------+----------------------------+---------------+----------+
|    82 |           4 | String   |                                    | PowerCycle                 |             0 |          |
+-------+-------------+----------+------------------------------------+----------------------------+---------------+----------+
|    83 |           5 | String   |                                    | ReplaceComponent           |             0 |          |
+-------+-------------+----------+------------------------------------+----------------------------+---------------+----------+
|    84 |           6 | String   |                                    | Reset                      |             0 |          |
+-------+-------------+----------+------------------------------------+----------------------------+---------------+----------+
|    85 |           7 | String   |                                    | ResetToDefaults            |             0 |          |
+-------+-------------+----------+------------------------------------+----------------------------+---------------+----------+
|    86 |           0 | String   |                                    | Boolean                    |             0 |          |
+-------+-------------+----------+------------------------------------+----------------------------+---------------+----------+
|    87 |           1 | String   |                                    | Number                     |             0 |          |
+-------+-------------+----------+------------------------------------+----------------------------+---------------+----------+
|    88 |           2 | String   |                                    | NumberArray                |             0 |          |
+-------+-------------+----------+------------------------------------+----------------------------+---------------+----------+
|    89 |           3 | String   |                                    | Object                     |             0 |          |
+-------+-------------+----------+------------------------------------+----------------------------+---------------+----------+
|    90 |           4 | String   |                                    | ObjectArray                |             0 |          |
+-------+-------------+----------+------------------------------------+----------------------------+---------------+----------+
|    91 |           5 | String   |                                    | String                     |             0 |          |
+-------+-------------+----------+------------------------------------+----------------------------+---------------+----------+
|    92 |           6 | String   |                                    | StringArray                |             0 |          |
+-------+-------------+----------+------------------------------------+----------------------------+---------------+----------+
Total Entries: 93
Fixed size consumed (bytes): 942 (0x3ae)
Field string size consumed (bytes): 992 (0x3e0)
Total size (bytes): 1934 (0x78e)
Version: 0XF1F1F100
Signature: 0x1034fdfc
