+-------+-------------+----------+------------------------------------+--------------------------+---------------+----------+
|   Row |   Sequence# | Format   | Flags                              | Field String             |   Child Count | Offset   |
+=======+=============+==========+====================================+==========================+===============+==========+
|     0 |           0 | Set      |                                    | Triggers                 |            15 | 1        |
+-------+-------------+----------+------------------------------------+--------------------------+---------------+----------+
|     1 |           0 | Set      | Nullable=False,                    | Actions                  |             1 | 16       |
+-------+-------------+----------+------------------------------------+--------------------------+---------------+----------+
|     2 |           1 | String   | Nullable=True,Permission=Read      | Description              |             0 |          |
+-------+-------------+----------+------------------------------------+--------------------------+---------------+----------+
|     3 |           2 | Enum     | Nullable=True,Permission=Read      | DiscreteTriggerCondition |             2 | 17       |
+-------+-------------+----------+------------------------------------+--------------------------+---------------+----------+
|     4 |           3 | Array    | Nullable=False,                    | DiscreteTriggers         |             1 | 19       |
+-------+-------------+----------+------------------------------------+--------------------------+---------------+----------+
|     5 |           4 | String   | Nullable=False,Permission=Read     | Id                       |             0 |          |
+-------+-------------+----------+------------------------------------+--------------------------+---------------+----------+
|     6 |           5 | Array    | Nullable=True,Permission=ReadWrite | MetricProperties         |             1 | 24       |
+-------+-------------+----------+------------------------------------+--------------------------+---------------+----------+
|     7 |           6 | Enum     | Nullable=True,Permission=Read      | MetricType               |             2 | 25       |
+-------+-------------+----------+------------------------------------+--------------------------+---------------+----------+
|     8 |           7 | String   | Nullable=False,Permission=Read     | Name                     |             0 |          |
+-------+-------------+----------+------------------------------------+--------------------------+---------------+----------+
|     9 |           8 | Set      | Nullable=False,                    | NumericThresholds        |             4 | 27       |
+-------+-------------+----------+------------------------------------+--------------------------+---------------+----------+
|    10 |           9 | Set      | Nullable=False,                    | Oem                      |             0 |          |
+-------+-------------+----------+------------------------------------+--------------------------+---------------+----------+
|    11 |          10 | Set      | Nullable=False,                    | Status                   |             5 | 31       |
+-------+-------------+----------+------------------------------------+--------------------------+---------------+----------+
|    12 |          11 | Array    | Nullable=False,Permission=Read     | TriggerActions           |             1 | 36       |
+-------+-------------+----------+------------------------------------+--------------------------+---------------+----------+
|    13 |          12 | Array    | Nullable=False,                    | Wildcards                |             1 | 40       |
+-------+-------------+----------+------------------------------------+--------------------------+---------------+----------+
|    14 |          13 | Array    | Nullable=True,Permission=ReadWrite | EventTriggers            |             1 | 24       |
+-------+-------------+----------+------------------------------------+--------------------------+---------------+----------+
|    15 |          14 | Set      | Nullable=False,                    | Links                    |             2 | 43       |
+-------+-------------+----------+------------------------------------+--------------------------+---------------+----------+
|    16 |           0 | Set      | Nullable=False,                    | Oem                      |             0 |          |
+-------+-------------+----------+------------------------------------+--------------------------+---------------+----------+
|    17 |           0 | String   |                                    | Changed                  |             0 |          |
+-------+-------------+----------+------------------------------------+--------------------------+---------------+----------+
|    18 |           1 | String   |                                    | Specified                |             0 |          |
+-------+-------------+----------+------------------------------------+--------------------------+---------------+----------+
|    19 |           0 | Set      |                                    |                          |             4 | 20       |
+-------+-------------+----------+------------------------------------+--------------------------+---------------+----------+
|    20 |           0 | String   | Nullable=True,Permission=ReadWrite | DwellTime                |             0 |          |
+-------+-------------+----------+------------------------------------+--------------------------+---------------+----------+
|    21 |           1 | String   | Nullable=True,Permission=Read      | Name                     |             0 |          |
+-------+-------------+----------+------------------------------------+--------------------------+---------------+----------+
|    22 |           2 | Enum     | Nullable=True,Permission=ReadWrite | Severity                 |             3 | 45       |
+-------+-------------+----------+------------------------------------+--------------------------+---------------+----------+
|    23 |           3 | String   | Nullable=True,Permission=ReadWrite | Value                    |             0 |          |
+-------+-------------+----------+------------------------------------+--------------------------+---------------+----------+
|    24 |           0 | String   |                                    |                          |             0 |          |
+-------+-------------+----------+------------------------------------+--------------------------+---------------+----------+
|    25 |           0 | String   |                                    | Discrete                 |             0 |          |
+-------+-------------+----------+------------------------------------+--------------------------+---------------+----------+
|    26 |           1 | String   |                                    | Numeric                  |             0 |          |
+-------+-------------+----------+------------------------------------+--------------------------+---------------+----------+
|    27 |           0 | Set      | Nullable=False,                    | LowerCritical            |             3 | 48       |
+-------+-------------+----------+------------------------------------+--------------------------+---------------+----------+
|    28 |           1 | Set      | Nullable=False,                    | LowerWarning             |             3 | 48       |
+-------+-------------+----------+------------------------------------+--------------------------+---------------+----------+
|    29 |           2 | Set      | Nullable=False,                    | UpperCritical            |             3 | 48       |
+-------+-------------+----------+------------------------------------+--------------------------+---------------+----------+
|    30 |           3 | Set      | Nullable=False,                    | UpperWarning             |             3 | 48       |
+-------+-------------+----------+------------------------------------+--------------------------+---------------+----------+
|    31 |           0 | Enum     | Nullable=True,Permission=Read      | Health                   |             3 | 45       |
+-------+-------------+----------+------------------------------------+--------------------------+---------------+----------+
|    32 |           1 | Enum     | Nullable=True,Permission=Read      | HealthRollup             |             3 | 45       |
+-------+-------------+----------+------------------------------------+--------------------------+---------------+----------+
|    33 |           2 | Set      | Nullable=False,                    | Oem                      |             0 |          |
+-------+-------------+----------+------------------------------------+--------------------------+---------------+----------+
|    34 |           3 | Enum     | Nullable=True,Permission=Read      | State                    |            12 | 51       |
+-------+-------------+----------+------------------------------------+--------------------------+---------------+----------+
|    35 |           4 | Array    | Nullable=True,                     | Conditions               |             1 | 63       |
+-------+-------------+----------+------------------------------------+--------------------------+---------------+----------+
|    36 |           0 | Enum     |                                    |                          |             3 | 37       |
+-------+-------------+----------+------------------------------------+--------------------------+---------------+----------+
|    37 |           0 | String   |                                    | LogToLogService          |             0 |          |
+-------+-------------+----------+------------------------------------+--------------------------+---------------+----------+
|    38 |           1 | String   |                                    | RedfishEvent             |             0 |          |
+-------+-------------+----------+------------------------------------+--------------------------+---------------+----------+
|    39 |           2 | String   |                                    | RedfishMetricReport      |             0 |          |
+-------+-------------+----------+------------------------------------+--------------------------+---------------+----------+
|    40 |           0 | Set      |                                    |                          |             2 | 41       |
+-------+-------------+----------+------------------------------------+--------------------------+---------------+----------+
|    41 |           0 | String   | Nullable=True,Permission=Read      | Name                     |             0 |          |
+-------+-------------+----------+------------------------------------+--------------------------+---------------+----------+
|    42 |           1 | Array    | Nullable=True,Permission=Read      | Values                   |             1 | 24       |
+-------+-------------+----------+------------------------------------+--------------------------+---------------+----------+
|    43 |           0 | Array    | Nullable=True,Permission=ReadWrite | MetricReportDefinitions  |             1 | 71       |
+-------+-------------+----------+------------------------------------+--------------------------+---------------+----------+
|    44 |           1 | Set      | Nullable=False,                    | Oem                      |             0 |          |
+-------+-------------+----------+------------------------------------+--------------------------+---------------+----------+
|    45 |           0 | String   |                                    | Critical                 |             0 |          |
+-------+-------------+----------+------------------------------------+--------------------------+---------------+----------+
|    46 |           1 | String   |                                    | OK                       |             0 |          |
+-------+-------------+----------+------------------------------------+--------------------------+---------------+----------+
|    47 |           2 | String   |                                    | Warning                  |             0 |          |
+-------+-------------+----------+------------------------------------+--------------------------+---------------+----------+
|    48 |           0 | Enum     | Nullable=True,Permission=ReadWrite | Activation               |             3 | 72       |
+-------+-------------+----------+------------------------------------+--------------------------+---------------+----------+
|    49 |           1 | String   | Nullable=True,Permission=ReadWrite | DwellTime                |             0 |          |
+-------+-------------+----------+------------------------------------+--------------------------+---------------+----------+
|    50 |           2 | Real     | Nullable=True,Permission=ReadWrite | Reading                  |             0 |          |
+-------+-------------+----------+------------------------------------+--------------------------+---------------+----------+
|    51 |           0 | String   |                                    | Absent                   |             0 |          |
+-------+-------------+----------+------------------------------------+--------------------------+---------------+----------+
|    52 |           1 | String   |                                    | Disabled                 |             0 |          |
+-------+-------------+----------+------------------------------------+--------------------------+---------------+----------+
|    53 |           2 | String   |                                    | Enabled                  |             0 |          |
+-------+-------------+----------+------------------------------------+--------------------------+---------------+----------+
|    54 |           3 | String   |                                    | InTest                   |             0 |          |
+-------+-------------+----------+------------------------------------+--------------------------+---------------+----------+
|    55 |           4 | String   |                                    | StandbyOffline           |             0 |          |
+-------+-------------+----------+------------------------------------+--------------------------+---------------+----------+
|    56 |           5 | String   |                                    | StandbySpare             |             0 |          |
+-------+-------------+----------+------------------------------------+--------------------------+---------------+----------+
|    57 |           6 | String   |                                    | Starting                 |             0 |          |
+-------+-------------+----------+------------------------------------+--------------------------+---------------+----------+
|    58 |           7 | String   |                                    | UnavailableOffline       |             0 |          |
+-------+-------------+----------+------------------------------------+--------------------------+---------------+----------+
|    59 |           8 | String   |                                    | Deferring                |             0 |          |
+-------+-------------+----------+------------------------------------+--------------------------+---------------+----------+
|    60 |           9 | String   |                                    | Quiesced                 |             0 |          |
+-------+-------------+----------+------------------------------------+--------------------------+---------------+----------+
|    61 |          10 | String   |                                    | Updating                 |             0 |          |
+-------+-------------+----------+------------------------------------+--------------------------+---------------+----------+
|    62 |          11 | String   |                                    | Qualified                |             0 |          |
+-------+-------------+----------+------------------------------------+--------------------------+---------------+----------+
|    63 |           0 | Set      |                                    |                          |             7 | 64       |
+-------+-------------+----------+------------------------------------+--------------------------+---------------+----------+
|    64 |           0 | Set      | Nullable=False,Permission=Read     | LogEntry                 |             0 |          |
+-------+-------------+----------+------------------------------------+--------------------------+---------------+----------+
|    65 |           1 | String   | Nullable=False,Permission=Read     | Message                  |             0 |          |
+-------+-------------+----------+------------------------------------+--------------------------+---------------+----------+
|    66 |           2 | Array    | Nullable=False,Permission=Read     | MessageArgs              |             1 | 24       |
+-------+-------------+----------+------------------------------------+--------------------------+---------------+----------+
|    67 |           3 | String   | Nullable=False,Permission=Read     | MessageId                |             0 |          |
+-------+-------------+----------+------------------------------------+--------------------------+---------------+----------+
|    68 |           4 | Set      | Nullable=False,Permission=Read     | OriginOfCondition        |             0 |          |
+-------+-------------+----------+------------------------------------+--------------------------+---------------+----------+
|    69 |           5 | Enum     | Nullable=False,Permission=Read     | Severity                 |             3 | 45       |
+-------+-------------+----------+------------------------------------+--------------------------+---------------+----------+
|    70 |           6 | String   | Nullable=False,Permission=Read     | Timestamp                |             0 |          |
+-------+-------------+----------+------------------------------------+--------------------------+---------------+----------+
|    71 |           0 | Set      |                                    |                          |             0 |          |
+-------+-------------+----------+------------------------------------+--------------------------+---------------+----------+
|    72 |           0 | String   |                                    | Decreasing               |             0 |          |
+-------+-------------+----------+------------------------------------+--------------------------+---------------+----------+
|    73 |           1 | String   |                                    | Either                   |             0 |          |
+-------+-------------+----------+------------------------------------+--------------------------+---------------+----------+
|    74 |           2 | String   |                                    | Increasing               |             0 |          |
+-------+-------------+----------+------------------------------------+--------------------------+---------------+----------+
Total Entries: 75
Fixed size consumed (bytes): 762 (0x2fa)
Field string size consumed (bytes): 698 (0x2ba)
Total size (bytes): 1460 (0x5b4)
Version: 0XF1F1F400
Signature: 0x7ca46d3a
